../Core/Src/main.c:86:6:HAL_UART_TxCpltCallback	16	static
../Core/Src/main.c:108:6:HAL_UART_RxCpltCallback	16	static
../Core/Src/main.c:127:6:HAL_TIM_IC_CaptureCallback	16	static
../Core/Src/main.c:132:6:HAL_ADC_ConvCpltCallback	16	static
../Core/Src/main.c:152:5:main	8	static
../Core/Src/main.c:211:6:SystemClock_Config	88	static
../Core/Src/main.c:259:13:MX_ADC1_Init	24	static
../Core/Src/main.c:311:13:MX_ADC2_Init	24	static
../Core/Src/main.c:363:13:MX_I2C1_Init	8	static
../Core/Src/main.c:397:13:MX_TIM1_Init	80	static
../Core/Src/main.c:474:13:MX_TIM2_Init	56	static
../Core/Src/main.c:523:13:MX_TIM10_Init	8	static
../Core/Src/main.c:554:13:MX_UART4_Init	8	static
../Core/Src/main.c:587:13:MX_USART2_UART_Init	8	static
../Core/Src/main.c:620:13:MX_GPIO_Init	24	static
../Core/Src/main.c:643:6:Error_Handler	4	static,ignoring_inline_asm
