../Core/Src/main.c:69:6:HAL_UART_TxCpltCallback	16	static
../Core/Src/main.c:72:6:HAL_ADC_ConvCpltCallback	16	static
../Core/Src/main.c:83:6:HAL_GPIO_EXTI_Callback	16	static
../Core/Src/main.c:94:5:main	8	static
../Core/Src/main.c:144:6:SystemClock_Config	88	static
../Core/Src/main.c:192:13:MX_ADC1_Init	24	static
../Core/Src/main.c:244:13:MX_TIM2_Init	32	static
../Core/Src/main.c:296:13:MX_UART4_Init	8	static
../Core/Src/main.c:329:13:MX_USART2_UART_Init	8	static
../Core/Src/main.c:362:13:MX_GPIO_Init	48	static
../Core/Src/main.c:402:6:Error_Handler	4	static,ignoring_inline_asm
