Archive member included to satisfy reference by file (symbol)

C:/ST/STM32CubeIDE_1.13.1/STM32CubeIDE/plugins/com.st.stm32cube.ide.mcu.externaltools.gnu-tools-for-stm32.11.3.rel1.win32_1.1.0.202305231506/tools/bin/../lib/gcc/arm-none-eabi/11.3.1/../../../../arm-none-eabi/lib/thumb/v7e-m+fp/hard\libc_nano.a(libc_a-exit.o)
                              C:/ST/STM32CubeIDE_1.13.1/STM32CubeIDE/plugins/com.st.stm32cube.ide.mcu.externaltools.gnu-tools-for-stm32.11.3.rel1.win32_1.1.0.202305231506/tools/bin/../lib/gcc/arm-none-eabi/11.3.1/../../../../arm-none-eabi/lib/thumb/v7e-m+fp/hard/crt0.o (exit)
C:/ST/STM32CubeIDE_1.13.1/STM32CubeIDE/plugins/com.st.stm32cube.ide.mcu.externaltools.gnu-tools-for-stm32.11.3.rel1.win32_1.1.0.202305231506/tools/bin/../lib/gcc/arm-none-eabi/11.3.1/../../../../arm-none-eabi/lib/thumb/v7e-m+fp/hard\libc_nano.a(libc_a-findfp.o)
                              C:/ST/STM32CubeIDE_1.13.1/STM32CubeIDE/plugins/com.st.stm32cube.ide.mcu.externaltools.gnu-tools-for-stm32.11.3.rel1.win32_1.1.0.202305231506/tools/bin/../lib/gcc/arm-none-eabi/11.3.1/../../../../arm-none-eabi/lib/thumb/v7e-m+fp/hard\libc_nano.a(libc_a-exit.o) (__stdio_exit_handler)
C:/ST/STM32CubeIDE_1.13.1/STM32CubeIDE/plugins/com.st.stm32cube.ide.mcu.externaltools.gnu-tools-for-stm32.11.3.rel1.win32_1.1.0.202305231506/tools/bin/../lib/gcc/arm-none-eabi/11.3.1/../../../../arm-none-eabi/lib/thumb/v7e-m+fp/hard\libc_nano.a(libc_a-fwalk.o)
                              C:/ST/STM32CubeIDE_1.13.1/STM32CubeIDE/plugins/com.st.stm32cube.ide.mcu.externaltools.gnu-tools-for-stm32.11.3.rel1.win32_1.1.0.202305231506/tools/bin/../lib/gcc/arm-none-eabi/11.3.1/../../../../arm-none-eabi/lib/thumb/v7e-m+fp/hard\libc_nano.a(libc_a-findfp.o) (_fwalk_sglue)
C:/ST/STM32CubeIDE_1.13.1/STM32CubeIDE/plugins/com.st.stm32cube.ide.mcu.externaltools.gnu-tools-for-stm32.11.3.rel1.win32_1.1.0.202305231506/tools/bin/../lib/gcc/arm-none-eabi/11.3.1/../../../../arm-none-eabi/lib/thumb/v7e-m+fp/hard\libc_nano.a(libc_a-stdio.o)
                              C:/ST/STM32CubeIDE_1.13.1/STM32CubeIDE/plugins/com.st.stm32cube.ide.mcu.externaltools.gnu-tools-for-stm32.11.3.rel1.win32_1.1.0.202305231506/tools/bin/../lib/gcc/arm-none-eabi/11.3.1/../../../../arm-none-eabi/lib/thumb/v7e-m+fp/hard\libc_nano.a(libc_a-findfp.o) (__sread)
C:/ST/STM32CubeIDE_1.13.1/STM32CubeIDE/plugins/com.st.stm32cube.ide.mcu.externaltools.gnu-tools-for-stm32.11.3.rel1.win32_1.1.0.202305231506/tools/bin/../lib/gcc/arm-none-eabi/11.3.1/../../../../arm-none-eabi/lib/thumb/v7e-m+fp/hard\libc_nano.a(libc_a-memset.o)
                              C:/ST/STM32CubeIDE_1.13.1/STM32CubeIDE/plugins/com.st.stm32cube.ide.mcu.externaltools.gnu-tools-for-stm32.11.3.rel1.win32_1.1.0.202305231506/tools/bin/../lib/gcc/arm-none-eabi/11.3.1/../../../../arm-none-eabi/lib/thumb/v7e-m+fp/hard/crt0.o (memset)
C:/ST/STM32CubeIDE_1.13.1/STM32CubeIDE/plugins/com.st.stm32cube.ide.mcu.externaltools.gnu-tools-for-stm32.11.3.rel1.win32_1.1.0.202305231506/tools/bin/../lib/gcc/arm-none-eabi/11.3.1/../../../../arm-none-eabi/lib/thumb/v7e-m+fp/hard\libc_nano.a(libc_a-closer.o)
                              C:/ST/STM32CubeIDE_1.13.1/STM32CubeIDE/plugins/com.st.stm32cube.ide.mcu.externaltools.gnu-tools-for-stm32.11.3.rel1.win32_1.1.0.202305231506/tools/bin/../lib/gcc/arm-none-eabi/11.3.1/../../../../arm-none-eabi/lib/thumb/v7e-m+fp/hard\libc_nano.a(libc_a-stdio.o) (_close_r)
C:/ST/STM32CubeIDE_1.13.1/STM32CubeIDE/plugins/com.st.stm32cube.ide.mcu.externaltools.gnu-tools-for-stm32.11.3.rel1.win32_1.1.0.202305231506/tools/bin/../lib/gcc/arm-none-eabi/11.3.1/../../../../arm-none-eabi/lib/thumb/v7e-m+fp/hard\libc_nano.a(libc_a-reent.o)
                              C:/ST/STM32CubeIDE_1.13.1/STM32CubeIDE/plugins/com.st.stm32cube.ide.mcu.externaltools.gnu-tools-for-stm32.11.3.rel1.win32_1.1.0.202305231506/tools/bin/../lib/gcc/arm-none-eabi/11.3.1/../../../../arm-none-eabi/lib/thumb/v7e-m+fp/hard\libc_nano.a(libc_a-closer.o) (errno)
C:/ST/STM32CubeIDE_1.13.1/STM32CubeIDE/plugins/com.st.stm32cube.ide.mcu.externaltools.gnu-tools-for-stm32.11.3.rel1.win32_1.1.0.202305231506/tools/bin/../lib/gcc/arm-none-eabi/11.3.1/../../../../arm-none-eabi/lib/thumb/v7e-m+fp/hard\libc_nano.a(libc_a-impure.o)
                              C:/ST/STM32CubeIDE_1.13.1/STM32CubeIDE/plugins/com.st.stm32cube.ide.mcu.externaltools.gnu-tools-for-stm32.11.3.rel1.win32_1.1.0.202305231506/tools/bin/../lib/gcc/arm-none-eabi/11.3.1/../../../../arm-none-eabi/lib/thumb/v7e-m+fp/hard\libc_nano.a(libc_a-reent.o) (_impure_ptr)
C:/ST/STM32CubeIDE_1.13.1/STM32CubeIDE/plugins/com.st.stm32cube.ide.mcu.externaltools.gnu-tools-for-stm32.11.3.rel1.win32_1.1.0.202305231506/tools/bin/../lib/gcc/arm-none-eabi/11.3.1/../../../../arm-none-eabi/lib/thumb/v7e-m+fp/hard\libc_nano.a(libc_a-lseekr.o)
[...]
Memory Configuration

Name             Origin             Length             Attributes
RAM              0x0000000020000000 0x0000000000020000 xrw
FLASH            0x0000000008000000 0x0000000000080000 xr
*default*        0x0000000000000000 0xffffffffffffffff

Linker script and memory map

LOAD C:/ST/STM32CubeIDE_1.13.1/STM32CubeIDE/plugins/com.st.stm32cube.ide.mcu.externaltools.gnu-tools-for-stm32.11.3.rel1.win32_1.1.0.202305231506/tools/bin/../lib/gcc/arm-none-eabi/11.3.1/thumb/v7e-m+fp/hard/crti.o
LOAD C:/ST/STM32CubeIDE_1.13.1/STM32CubeIDE/plugins/com.st.stm32cube.ide.mcu.externaltools.gnu-tools-for-stm32.11.3.rel1.win32_1.1.0.202305231506/tools/bin/../lib/gcc/arm-none-eabi/11.3.1/thumb/v7e-m+fp/hard/crtbegin.o
LOAD C:/ST/STM32CubeIDE_1.13.1/STM32CubeIDE/plugins/com.st.stm32cube.ide.mcu.externaltools.gnu-tools-for-stm32.11.3.rel1.win32_1.1.0.202305231506/tools/bin/../lib/gcc/arm-none-eabi/11.3.1/../../../../arm-none-eabi/lib/thumb/v7e-m+fp/hard/crt0.o
LOAD ./Core/Src/apps/adc/ADC.o
LOAD ./Core/Src/apps/pid1/pid1.o
LOAD ./Core/Src/apps/timers/timers.o
LOAD ./Core/Src/apps/variables/variables.o
LOAD ./Core/Src/main.o
LOAD ./Core/Src/stm32f4xx_hal_msp.o
LOAD ./Core/Src/stm32f4xx_it.o
LOAD ./Core/Src/syscalls.o
LOAD ./Core/Src/sysmem.o
LOAD ./Core/Src/system_stm32f4xx.o
LOAD ./Core/Startup/startup_stm32f446retx.o
LOAD ./Drivers/STM32F4xx_HAL_Driver/Src/stm32f4xx_hal.o
LOAD ./Drivers/STM32F4xx_HAL_Driver/Src/stm32f4xx_hal_adc.o
LOAD ./Drivers/STM32F4xx_HAL_Driver/Src/stm32f4xx_hal_adc_ex.o
LOAD ./Drivers/STM32F4xx_HAL_Driver/Src/stm32f4xx_hal_cortex.o
LOAD ./Drivers/STM32F4xx_HAL_Driver/Src/stm32f4xx_hal_dma.o
LOAD ./Drivers/STM32F4xx_HAL_Driver/Src/stm32f4xx_hal_dma_ex.o
LOAD ./Drivers/STM32F4xx_HAL_Driver/Src/stm32f4xx_hal_exti.o
LOAD ./Drivers/STM32F4xx_HAL_Driver/Src/stm32f4xx_hal_flash.o
LOAD ./Drivers/STM32F4xx_HAL_Driver/Src/stm32f4xx_hal_flash_ex.o
LOAD ./Drivers/STM32F4xx_HAL_Driver/Src/stm32f4xx_hal_flash_ramfunc.o
LOAD ./Drivers/STM32F4xx_HAL_Driver/Src/stm32f4xx_hal_gpio.o
LOAD ./Drivers/STM32F4xx_HAL_Driver/Src/stm32f4xx_hal_i2c.o
LOAD ./Drivers/STM32F4xx_HAL_Driver/Src/stm32f4xx_hal_i2c_ex.o
LOAD ./Drivers/STM32F4xx_HAL_Driver/Src/stm32f4xx_hal_pwr.o
LOAD ./Drivers/STM32F4xx_HAL_Driver/Src/stm32f4xx_hal_pwr_ex.o
LOAD ./Drivers/STM32F4xx_HAL_Driver/Src/stm32f4xx_hal_rcc.o
LOAD ./Drivers/STM32F4xx_HAL_Driver/Src/stm32f4xx_hal_rcc_ex.o
LOAD ./Drivers/STM32F4xx_HAL_Driver/Src/stm32f4xx_hal_tim.o
LOAD ./Drivers/STM32F4xx_HAL_Driver/Src/stm32f4xx_hal_tim_ex.o
LOAD ./Drivers/STM32F4xx_HAL_Driver/Src/stm32f4xx_hal_uart.o
LOAD ./Drivers/STM32F4xx_HAL_Driver/Src/stm32f4xx_ll_adc.o
START GROUP
LOAD C:/ST/STM32CubeIDE_1.13.1/STM32CubeIDE/plugins/com.st.stm32cube.ide.mcu.externaltools.gnu-tools-for-stm32.11.3.rel1.win32_1.1.0.202305231506/tools/bin/../lib/gcc/arm-none-eabi/11.3.1/../../../../arm-none-eabi/lib/thumb/v7e-m+fp/hard\libc_nano.a
LOAD C:/ST/STM32CubeIDE_1.13.1/STM32CubeIDE/plugins/com.st.stm32cube.ide.mcu.externaltools.gnu-tools-for-stm32.11.3.rel1.win32_1.1.0.202305231506/tools/bin/../lib/gcc/arm-none-eabi/11.3.1/../../../../arm-none-eabi/lib/thumb/v7e-m+fp/hard\libm.a
END GROUP
START GROUP
LOAD C:/ST/STM32CubeIDE_1.13.1/STM32CubeIDE/plugins/com.st.stm32cube.ide.mcu.externaltools.gnu-tools-for-stm32.11.3.rel1.win32_1.1.0.202305231506/tools/bin/../lib/gcc/arm-none-eabi/11.3.1/thumb/v7e-m+fp/hard\libgcc.a
LOAD C:/ST/STM32CubeIDE_1.13.1/STM32CubeIDE/plugins/com.st.stm32cube.ide.mcu.externaltools.gnu-tools-for-stm32.11.3.rel1.win32_1.1.0.202305231506/tools/bin/../lib/gcc/arm-none-eabi/11.3.1/../../../../arm-none-eabi/lib/thumb/v7e-m+fp/hard\libc_nano.a
END GROUP
START GROUP
LOAD C:/ST/STM32CubeIDE_1.13.1/STM32CubeIDE/plugins/com.st.stm32cube.ide.mcu.externaltools.gnu-tools-for-stm32.11.3.rel1.win32_1.1.0.202305231506/tools/bin/../lib/gcc/arm-none-eabi/11.3.1/thumb/v7e-m+fp/hard\libgcc.a
LOAD C:/ST/STM32CubeIDE_1.13.1/STM32CubeIDE/plugins/com.st.stm32cube.ide.mcu.externaltools.gnu-tools-for-stm32.11.3.rel1.win32_1.1.0.202305231506/tools/bin/../lib/gcc/arm-none-eabi/11.3.1/../../../../arm-none-eabi/lib/thumb/v7e-m+fp/hard\libc_nano.a
LOAD C:/ST/STM32CubeIDE_1.13.1/STM32CubeIDE/plugins/com.st.stm32cube.ide.mcu.externaltools.gnu-tools-for-stm32.11.3.rel1.win32_1.1.0.202305231506/tools/bin/../lib/gcc/arm-none-eabi/11.3.1/../../../../arm-none-eabi/lib/thumb/v7e-m+fp/hard\libnosys.a
END GROUP
START GROUP
LOAD C:/ST/STM32CubeIDE_1.13.1/STM32CubeIDE/plugins/com.st.stm32cube.ide.mcu.externaltools.gnu-tools-for-stm32.11.3.rel1.win32_1.1.0.202305231506/tools/bin/../lib/gcc/arm-none-eabi/11.3.1/thumb/v7e-m+fp/hard\libgcc.a
LOAD C:/ST/STM32CubeIDE_1.13.1/STM32CubeIDE/plugins/com.st.stm32cube.ide.mcu.externaltools.gnu-tools-for-stm32.11.3.rel1.win32_1.1.0.202305231506/tools/bin/../lib/gcc/arm-none-eabi/11.3.1/../../../../arm-none-eabi/lib/thumb/v7e-m+fp/hard\libc_nano.a
LOAD C:/ST/STM32CubeIDE_1.13.1/STM32CubeIDE/plugins/com.st.stm32cube.ide.mcu.externaltools.gnu-tools-for-stm32.11.3.rel1.win32_1.1.0.202305231506/tools/bin/../lib/gcc/arm-none-eabi/11.3.1/../../../../arm-none-eabi/lib/thumb/v7e-m+fp/hard\libnosys.a
END GROUP
LOAD C:/ST/STM32CubeIDE_1.13.1/STM32CubeIDE/plugins/com.st.stm32cube.ide.mcu.externaltools.gnu-tools-for-stm32.11.3.rel1.win32_1.1.0.202305231506/tools/bin/../lib/gcc/arm-none-eabi/11.3.1/thumb/v7e-m+fp/hard/crtend.o
LOAD C:/ST/STM32CubeIDE_1.13.1/STM32CubeIDE/plugins/com.st.stm32cube.ide.mcu.externaltools.gnu-tools-for-stm32.11.3.rel1.win32_1.1.0.202305231506/tools/bin/../lib/gcc/arm-none-eabi/11.3.1/thumb/v7e-m+fp/hard/crtn.o
                0x0000000020020000                _estack = (ORIGIN (RAM) + LENGTH (RAM))
                0x0000000000000200                _Min_Heap_Size = 0x200
                0x0000000000000400                _Min_Stack_Size = 0x400

.isr_vector     0x0000000008000000      0x1c4
                0x0000000008000000                . = ALIGN (0x4)
 *(.isr_vector)
 .isr_vector    0x0000000008000000      0x1c4 ./Core/Startup/startup_stm32f446retx.o
                0x0000000008000000                g_pfnVectors
                0x00000000080001c4                . = ALIGN (0x4)

.text           0x00000000080001c4     0x4ef8
                0x00000000080001c4                . = ALIGN (0x4)
 *(.text)
 .text          0x00000000080001c4       0x40 C:/ST/STM32CubeIDE_1.13.1/STM32CubeIDE/plugins/com.st.stm32cube.ide.mcu.externaltools.gnu-tools-for-stm32.11.3.rel1.win32_1.1.0.202305231506/tools/bin/../lib/gcc/arm-none-eabi/11.3.1/thumb/v7e-m+fp/hard/crtbegin.o
 .text          0x0000000008000204       0x30 C:/ST/STM32CubeIDE_1.13.1/STM32CubeIDE/plugins/com.st.stm32cube.ide.mcu.externaltools.gnu-tools-for-stm32.11.3.rel1.win32_1.1.0.202305231506/tools/bin/../lib/gcc/arm-none-eabi/11.3.1/thumb/v7e-m+fp/hard\libgcc.a(_aeabi_uldivmod.o)
                0x0000000008000204                __aeabi_uldivmod
 .text          0x0000000008000234      0x2c8 C:/ST/STM32CubeIDE_1.13.1/STM32CubeIDE/plugins/com.st.stm32cube.ide.mcu.externaltools.gnu-tools-for-stm32.11.3.rel1.win32_1.1.0.202305231506/tools/bin/../lib/gcc/arm-none-eabi/11.3.1/thumb/v7e-m+fp/hard\libgcc.a(_udivmoddi4.o)
                0x0000000008000234                __udivmoddi4
 .text          0x00000000080004fc        0x4 C:/ST/STM32CubeIDE_1.13.1/STM32CubeIDE/plugins/com.st.stm32cube.ide.mcu.externaltools.gnu-tools-for-stm32.11.3.rel1.win32_1.1.0.202305231506/tools/bin/../lib/gcc/arm-none-eabi/11.3.1/thumb/v7e-m+fp/hard\libgcc.a(_dvmd_tls.o)
                0x00000000080004fc                __aeabi_idiv0
                0x00000000080004fc                __aeabi_ldiv0
 *(.text*)
 .text.HAL_ADC_ConvCpltCallback
                0x0000000008000500       0x14 ./Core/Src/apps/adc/ADC.o
                0x0000000008000500                HAL_ADC_ConvCpltCallback
 .text.HAL_TIM_PeriodElapsedCallback
                0x0000000008000514      0x10c ./Core/Src/apps/timers/timers.o
                0x0000000008000514                HAL_TIM_PeriodElapsedCallback
 .text.setPedal
                0x0000000008000620       0x20 ./Core/Src/apps/variables/variables.o
                0x0000000008000620                setPedal
 .text.getPedal
                0x0000000008000640       0x18 ./Core/Src/apps/variables/variables.o
                0x0000000008000640                getPedal
 .text.setAngulo
                0x0000000008000658       0x2c ./Core/Src/apps/variables/variables.o
                0x0000000008000658                setAngulo
 .text.getAngulo
                0x0000000008000684       0x18 ./Core/Src/apps/variables/variables.o
                0x0000000008000684                getAngulo
 .text.setVolante
                0x000000000800069c       0x20 ./Core/Src/apps/variables/variables.o
                0x000000000800069c                setVolante
 .text.getCambio
                0x00000000080006bc       0x18 ./Core/Src/apps/variables/variables.o
                0x00000000080006bc                getCambio
 .text.HAL_UART_TxCpltCallback
                0x00000000080006d4       0x20 ./Core/Src/main.o
                0x00000000080006d4                HAL_UART_TxCpltCallback
 .text.HAL_TIM_IC_CaptureCallback
                0x00000000080006f4       0x1c ./Core/Src/main.o
                0x00000000080006f4                HAL_TIM_IC_CaptureCallback
 .text.main     0x0000000008000710       0x58 ./Core/Src/main.o
                0x0000000008000710                main
 .text.SystemClock_Config
                0x0000000008000768       0xdc ./Core/Src/main.o
                0x0000000008000768                SystemClock_Config
 .text.MX_ADC1_Init
                0x0000000008000844       0xc0 ./Core/Src/main.o
 .text.MX_I2C1_Init
                0x0000000008000904       0x5c ./Core/Src/main.o
 .text.MX_TIM2_Init
                0x0000000008000960       0xa8 ./Core/Src/main.o
 .text.MX_TIM6_Init
                0x0000000008000a08       0x6c ./Core/Src/main.o
 .text.MX_UART4_Init
                0x0000000008000a74       0x54 ./Core/Src/main.o
 .text.MX_USART2_UART_Init
                0x0000000008000ac8       0x54 ./Core/Src/main.o
 .text.MX_DMA_Init
                0x0000000008000b1c       0x40 ./Core/Src/main.o
 .text.MX_GPIO_Init
                0x0000000008000b5c       0xe0 ./Core/Src/main.o
 .text.Error_Handler
                0x0000000008000c3c        0xa ./Core/Src/main.o
                0x0000000008000c3c                Error_Handler
 *fill*         0x0000000008000c46        0x2 
 .text.HAL_MspInit
                0x0000000008000c48       0x50 ./Core/Src/stm32f4xx_hal_msp.o
                0x0000000008000c48                HAL_MspInit
 .text.HAL_ADC_MspInit
                0x0000000008000c98      0x100 ./Core/Src/stm32f4xx_hal_msp.o
                0x0000000008000c98                HAL_ADC_MspInit
 .text.HAL_I2C_MspInit
                0x0000000008000d98       0x90 ./Core/Src/stm32f4xx_hal_msp.o
                0x0000000008000d98                HAL_I2C_MspInit
 .text.HAL_TIM_Encoder_MspInit
                0x0000000008000e28       0x8c ./Core/Src/stm32f4xx_hal_msp.o
                0x0000000008000e28                HAL_TIM_Encoder_MspInit
 .text.HAL_TIM_Base_MspInit
                0x0000000008000eb4       0x50 ./Core/Src/stm32f4xx_hal_msp.o
                0x0000000008000eb4                HAL_TIM_Base_MspInit
 .text.HAL_UART_MspInit
                0x0000000008000f04      0x10c ./Core/Src/stm32f4xx_hal_msp.o
                0x0000000008000f04                HAL_UART_MspInit
 .text.NMI_Handler
                0x0000000008001010        0x6 ./Core/Src/stm32f4xx_it.o
                0x0000000008001010                NMI_Handler
 .text.HardFault_Handler
                0x0000000008001016        0x6 ./Core/Src/stm32f4xx_it.o
                0x0000000008001016                HardFault_Handler
 .text.MemManage_Handler
                0x000000000800101c        0x6 ./Core/Src/stm32f4xx_it.o
                0x000000000800101c                MemManage_Handler
 .text.BusFault_Handler
                0x0000000008001022        0x6 ./Core/Src/stm32f4xx_it.o
                0x0000000008001022                BusFault_Handler
 .text.UsageFault_Handler
                0x0000000008001028        0x6 ./Core/Src/stm32f4xx_it.o
                0x0000000008001028                UsageFault_Handler
 .text.SVC_Handler
                0x000000000800102e        0xe ./Core/Src/stm32f4xx_it.o
                0x000000000800102e                SVC_Handler
 .text.DebugMon_Handler
                0x000000000800103c        0xe ./Core/Src/stm32f4xx_it.o
                0x000000000800103c                DebugMon_Handler
 .text.PendSV_Handler
                0x000000000800104a        0xe ./Core/Src/stm32f4xx_it.o
                0x000000000800104a                PendSV_Handler
 .text.SysTick_Handler
                0x0000000008001058        0xc ./Core/Src/stm32f4xx_it.o
                0x0000000008001058                SysTick_Handler
 .text.ADC_IRQHandler
                0x0000000008001064       0x14 ./Core/Src/stm32f4xx_it.o
                0x0000000008001064                ADC_IRQHandler
 .text.EXTI15_10_IRQHandler
                0x0000000008001078       0x18 ./Core/Src/stm32f4xx_it.o
                0x0000000008001078                EXTI15_10_IRQHandler
 .text.UART4_IRQHandler
                0x0000000008001090       0x14 ./Core/Src/stm32f4xx_it.o
                0x0000000008001090                UART4_IRQHandler
 .text.TIM6_DAC_IRQHandler
                0x00000000080010a4       0x14 ./Core/Src/stm32f4xx_it.o
                0x00000000080010a4                TIM6_DAC_IRQHandler
 .text.DMA2_Stream0_IRQHandler
                0x00000000080010b8       0x14 ./Core/Src/stm32f4xx_it.o
                0x00000000080010b8                DMA2_Stream0_IRQHandler
 .text.SystemInit
                0x00000000080010cc       0x24 ./Core/Src/system_stm32f4xx.o
                0x00000000080010cc                SystemInit
 .text.Reset_Handler
                0x00000000080010f0       0x50 ./Core/Startup/startup_stm32f446retx.o
                0x00000000080010f0                Reset_Handler
 .text.Default_Handler
                0x0000000008001140        0x2 ./Core/Startup/startup_stm32f446retx.o
                0x0000000008001140                RTC_Alarm_IRQHandler
                0x0000000008001140                EXTI2_IRQHandler
                0x0000000008001140                TIM8_CC_IRQHandler
                0x0000000008001140                FMPI2C1_EV_IRQHandler
                0x0000000008001140                SPI4_IRQHandler
                0x0000000008001140                TIM1_CC_IRQHandler
                0x0000000008001140                DMA2_Stream5_IRQHandler
                0x0000000008001140                DMA1_Stream5_IRQHandler
                0x0000000008001140                PVD_IRQHandler
                0x0000000008001140                SDIO_IRQHandler
                0x0000000008001140                TAMP_STAMP_IRQHandler
                0x0000000008001140                CAN2_RX1_IRQHandler
                0x0000000008001140                EXTI3_IRQHandler
                0x0000000008001140                TIM8_TRG_COM_TIM14_IRQHandler
                0x0000000008001140                TIM1_UP_TIM10_IRQHandler
                0x0000000008001140                TIM8_UP_TIM13_IRQHandler
                0x0000000008001140                I2C3_ER_IRQHandler
                0x0000000008001140                EXTI0_IRQHandler
                0x0000000008001140                I2C2_EV_IRQHandler
                0x0000000008001140                DMA1_Stream2_IRQHandler
                0x0000000008001140                CAN1_RX0_IRQHandler
                0x0000000008001140                FPU_IRQHandler
                0x0000000008001140                OTG_HS_WKUP_IRQHandler
                0x0000000008001140                CAN2_SCE_IRQHandler
                0x0000000008001140                DMA2_Stream2_IRQHandler
                0x0000000008001140                SPI1_IRQHandler
                0x0000000008001140                TIM1_BRK_TIM9_IRQHandler
                0x0000000008001140                DCMI_IRQHandler
                0x0000000008001140                CAN2_RX0_IRQHandler
                0x0000000008001140                DMA2_Stream3_IRQHandler
                0x0000000008001140                SAI2_IRQHandler
                0x0000000008001140                USART6_IRQHandler
                0x0000000008001140                USART3_IRQHandler
                0x0000000008001140                CAN1_RX1_IRQHandler
                0x0000000008001140                UART5_IRQHandler
                0x0000000008001140                TIM4_IRQHandler
                0x0000000008001140                QUADSPI_IRQHandler
                0x0000000008001140                I2C1_EV_IRQHandler
                0x0000000008001140                DMA1_Stream6_IRQHandler
                0x0000000008001140                DMA1_Stream1_IRQHandler
                0x0000000008001140                TIM3_IRQHandler
                0x0000000008001140                RCC_IRQHandler
                0x0000000008001140                TIM8_BRK_TIM12_IRQHandler
                0x0000000008001140                Default_Handler
                0x0000000008001140                CEC_IRQHandler
                0x0000000008001140                DMA1_Stream7_IRQHandler
                0x0000000008001140                TIM7_IRQHandler
                0x0000000008001140                CAN2_TX_IRQHandler
                0x0000000008001140                TIM5_IRQHandler
                0x0000000008001140                DMA2_Stream7_IRQHandler
                0x0000000008001140                I2C3_EV_IRQHandler
                0x0000000008001140                EXTI9_5_IRQHandler
                0x0000000008001140                RTC_WKUP_IRQHandler
                0x0000000008001140                SPDIF_RX_IRQHandler
                0x0000000008001140                SPI2_IRQHandler
                0x0000000008001140                OTG_HS_EP1_IN_IRQHandler
                0x0000000008001140                DMA1_Stream0_IRQHandler
                0x0000000008001140                CAN1_TX_IRQHandler
                0x0000000008001140                FMPI2C1_ER_IRQHandler
                0x0000000008001140                EXTI4_IRQHandler
                0x0000000008001140                OTG_HS_EP1_OUT_IRQHandler
                0x0000000008001140                WWDG_IRQHandler
                0x0000000008001140                TIM2_IRQHandler
                0x0000000008001140                OTG_FS_WKUP_IRQHandler
                0x0000000008001140                TIM1_TRG_COM_TIM11_IRQHandler
                0x0000000008001140                OTG_HS_IRQHandler
                0x0000000008001140                EXTI1_IRQHandler
                0x0000000008001140                USART2_IRQHandler
                0x0000000008001140                I2C2_ER_IRQHandler
                0x0000000008001140                DMA2_Stream1_IRQHandler
                0x0000000008001140                CAN1_SCE_IRQHandler
                0x0000000008001140                FLASH_IRQHandler
                0x0000000008001140                DMA2_Stream4_IRQHandler
                0x0000000008001140                USART1_IRQHandler
                0x0000000008001140                OTG_FS_IRQHandler
                0x0000000008001140                SPI3_IRQHandler
                0x0000000008001140                DMA1_Stream4_IRQHandler
                0x0000000008001140                I2C1_ER_IRQHandler
                0x0000000008001140                FMC_IRQHandler
                0x0000000008001140                DMA2_Stream6_IRQHandler
                0x0000000008001140                SAI1_IRQHandler
                0x0000000008001140                DMA1_Stream3_IRQHandler
 *fill*         0x0000000008001142        0x2 
 .text.HAL_Init
                0x0000000008001144       0x44 ./Drivers/STM32F4xx_HAL_Driver/Src/stm32f4xx_hal.o
                0x0000000008001144                HAL_Init
 .text.HAL_InitTick
                0x0000000008001188       0x60 ./Drivers/STM32F4xx_HAL_Driver/Src/stm32f4xx_hal.o
                0x0000000008001188                HAL_InitTick
 .text.HAL_IncTick
                0x00000000080011e8       0x28 ./Drivers/STM32F4xx_HAL_Driver/Src/stm32f4xx_hal.o
                0x00000000080011e8                HAL_IncTick
 .text.HAL_GetTick
                0x0000000008001210       0x18 ./Drivers/STM32F4xx_HAL_Driver/Src/stm32f4xx_hal.o
                0x0000000008001210                HAL_GetTick
 .text.HAL_ADC_Init
                0x0000000008001228       0x86 ./Drivers/STM32F4xx_HAL_Driver/Src/stm32f4xx_hal_adc.o
                0x0000000008001228                HAL_ADC_Init
 .text.HAL_ADC_IRQHandler
                0x00000000080012ae      0x220 ./Drivers/STM32F4xx_HAL_Driver/Src/stm32f4xx_hal_adc.o
                0x00000000080012ae                HAL_ADC_IRQHandler
 *fill*         0x00000000080014ce        0x2 
 .text.HAL_ADC_Start_DMA
                0x00000000080014d0      0x220 ./Drivers/STM32F4xx_HAL_Driver/Src/stm32f4xx_hal_adc.o
                0x00000000080014d0                HAL_ADC_Start_DMA
 .text.HAL_ADC_ConvHalfCpltCallback
                0x00000000080016f0       0x14 ./Drivers/STM32F4xx_HAL_Driver/Src/stm32f4xx_hal_adc.o
                0x00000000080016f0                HAL_ADC_ConvHalfCpltCallback
 .text.HAL_ADC_LevelOutOfWindowCallback
                0x0000000008001704       0x14 ./Drivers/STM32F4xx_HAL_Driver/Src/stm32f4xx_hal_adc.o
                0x0000000008001704                HAL_ADC_LevelOutOfWindowCallback
 .text.HAL_ADC_ErrorCallback
                0x0000000008001718       0x14 ./Drivers/STM32F4xx_HAL_Driver/Src/stm32f4xx_hal_adc.o
                0x0000000008001718                HAL_ADC_ErrorCallback
 .text.HAL_ADC_ConfigChannel
                0x000000000800172c      0x264 ./Drivers/STM32F4xx_HAL_Driver/Src/stm32f4xx_hal_adc.o
                0x000000000800172c                HAL_ADC_ConfigChannel
 .text.ADC_Init
                0x0000000008001990      0x1f8 ./Drivers/STM32F4xx_HAL_Driver/Src/stm32f4xx_hal_adc.o
 .text.ADC_DMAConvCplt
                0x0000000008001b88       0xba ./Drivers/STM32F4xx_HAL_Driver/Src/stm32f4xx_hal_adc.o
 .text.ADC_DMAHalfConvCplt
                0x0000000008001c42       0x1c ./Drivers/STM32F4xx_HAL_Driver/Src/stm32f4xx_hal_adc.o
 .text.ADC_DMAError
                0x0000000008001c5e       0x2e ./Drivers/STM32F4xx_HAL_Driver/Src/stm32f4xx_hal_adc.o
 .text.HAL_ADCEx_InjectedConvCpltCallback
                0x0000000008001c8c       0x14 ./Drivers/STM32F4xx_HAL_Driver/Src/stm32f4xx_hal_adc_ex.o
                0x0000000008001c8c                HAL_ADCEx_InjectedConvCpltCallback
 .text.__NVIC_SetPriorityGrouping
                0x0000000008001ca0       0x48 ./Drivers/STM32F4xx_HAL_Driver/Src/stm32f4xx_hal_cortex.o
 .text.__NVIC_GetPriorityGrouping
                0x0000000008001ce8       0x1c ./Drivers/STM32F4xx_HAL_Driver/Src/stm32f4xx_hal_cortex.o
 .text.__NVIC_EnableIRQ
                0x0000000008001d04       0x3c ./Drivers/STM32F4xx_HAL_Driver/Src/stm32f4xx_hal_cortex.o
 .text.__NVIC_SetPriority
                0x0000000008001d40       0x54 ./Drivers/STM32F4xx_HAL_Driver/Src/stm32f4xx_hal_cortex.o
 .text.NVIC_EncodePriority
                0x0000000008001d94       0x66 ./Drivers/STM32F4xx_HAL_Driver/Src/stm32f4xx_hal_cortex.o
 *fill*         0x0000000008001dfa        0x2 
 .text.SysTick_Config
                0x0000000008001dfc       0x44 ./Drivers/STM32F4xx_HAL_Driver/Src/stm32f4xx_hal_cortex.o
 .text.HAL_NVIC_SetPriorityGrouping
                0x0000000008001e40       0x16 ./Drivers/STM32F4xx_HAL_Driver/Src/stm32f4xx_hal_cortex.o
                0x0000000008001e40                HAL_NVIC_SetPriorityGrouping
 .text.HAL_NVIC_SetPriority
                0x0000000008001e56       0x38 ./Drivers/STM32F4xx_HAL_Driver/Src/stm32f4xx_hal_cortex.o
                0x0000000008001e56                HAL_NVIC_SetPriority
 .text.HAL_NVIC_EnableIRQ
                0x0000000008001e8e       0x1c ./Drivers/STM32F4xx_HAL_Driver/Src/stm32f4xx_hal_cortex.o
                0x0000000008001e8e                HAL_NVIC_EnableIRQ
 .text.HAL_SYSTICK_Config
                0x0000000008001eaa       0x18 ./Drivers/STM32F4xx_HAL_Driver/Src/stm32f4xx_hal_cortex.o
                0x0000000008001eaa                HAL_SYSTICK_Config
 *fill*         0x0000000008001ec2        0x2 
 .text.HAL_DMA_Init
                0x0000000008001ec4      0x15c ./Drivers/STM32F4xx_HAL_Driver/Src/stm32f4xx_hal_dma.o
                0x0000000008001ec4                HAL_DMA_Init
 .text.HAL_DMA_Start_IT
                0x0000000008002020       0xb0 ./Drivers/STM32F4xx_HAL_Driver/Src/stm32f4xx_hal_dma.o
                0x0000000008002020                HAL_DMA_Start_IT
 .text.HAL_DMA_Abort
                0x00000000080020d0       0xe0 ./Drivers/STM32F4xx_HAL_Driver/Src/stm32f4xx_hal_dma.o
                0x00000000080020d0                HAL_DMA_Abort
 .text.HAL_DMA_Abort_IT
                0x00000000080021b0       0x44 ./Drivers/STM32F4xx_HAL_Driver/Src/stm32f4xx_hal_dma.o
                0x00000000080021b0                HAL_DMA_Abort_IT
 .text.HAL_DMA_IRQHandler
                0x00000000080021f4      0x314 ./Drivers/STM32F4xx_HAL_Driver/Src/stm32f4xx_hal_dma.o
                0x00000000080021f4                HAL_DMA_IRQHandler
 .text.DMA_SetConfig
                0x0000000008002508       0x5c ./Drivers/STM32F4xx_HAL_Driver/Src/stm32f4xx_hal_dma.o
 .text.DMA_CalcBaseAndBitshift
                0x0000000008002564       0x6c ./Drivers/STM32F4xx_HAL_Driver/Src/stm32f4xx_hal_dma.o
 .text.DMA_CheckFifoParam
                0x00000000080025d0       0xf8 ./Drivers/STM32F4xx_HAL_Driver/Src/stm32f4xx_hal_dma.o
 .text.HAL_GPIO_Init
                0x00000000080026c8      0x328 ./Drivers/STM32F4xx_HAL_Driver/Src/stm32f4xx_hal_gpio.o
                0x00000000080026c8                HAL_GPIO_Init
 .text.HAL_GPIO_EXTI_IRQHandler
                0x00000000080029f0       0x30 ./Drivers/STM32F4xx_HAL_Driver/Src/stm32f4xx_hal_gpio.o
                0x00000000080029f0                HAL_GPIO_EXTI_IRQHandler
 .text.HAL_GPIO_EXTI_Callback
                0x0000000008002a20       0x16 ./Drivers/STM32F4xx_HAL_Driver/Src/stm32f4xx_hal_gpio.o
                0x0000000008002a20                HAL_GPIO_EXTI_Callback
 *fill*         0x0000000008002a36        0x2 
 .text.HAL_I2C_Init
                0x0000000008002a38      0x288 ./Drivers/STM32F4xx_HAL_Driver/Src/stm32f4xx_hal_i2c.o
                0x0000000008002a38                HAL_I2C_Init
 .text.HAL_RCC_ClockConfig
                0x0000000008002cc0      0x1cc ./Drivers/STM32F4xx_HAL_Driver/Src/stm32f4xx_hal_rcc.o
                0x0000000008002cc0                HAL_RCC_ClockConfig
 .text.HAL_RCC_GetHCLKFreq
                0x0000000008002e8c       0x18 ./Drivers/STM32F4xx_HAL_Driver/Src/stm32f4xx_hal_rcc.o
                0x0000000008002e8c                HAL_RCC_GetHCLKFreq
 .text.HAL_RCC_GetPCLK1Freq
                0x0000000008002ea4       0x28 ./Drivers/STM32F4xx_HAL_Driver/Src/stm32f4xx_hal_rcc.o
                0x0000000008002ea4                HAL_RCC_GetPCLK1Freq
 .text.HAL_RCC_GetPCLK2Freq
                0x0000000008002ecc       0x28 ./Drivers/STM32F4xx_HAL_Driver/Src/stm32f4xx_hal_rcc.o
                0x0000000008002ecc                HAL_RCC_GetPCLK2Freq
 .text.HAL_RCC_GetSysClockFreq
                0x0000000008002ef4      0x460 ./Drivers/STM32F4xx_HAL_Driver/Src/stm32f4xx_hal_rcc_ex.o
                0x0000000008002ef4                HAL_RCC_GetSysClockFreq
 .text.HAL_RCC_OscConfig
                0x0000000008003354      0x53c ./Drivers/STM32F4xx_HAL_Driver/Src/stm32f4xx_hal_rcc_ex.o
                0x0000000008003354                HAL_RCC_OscConfig
 .text.HAL_TIM_Base_Init
                0x0000000008003890       0x9e ./Drivers/STM32F4xx_HAL_Driver/Src/stm32f4xx_hal_tim.o
                0x0000000008003890                HAL_TIM_Base_Init
 *fill*         0x000000000800392e        0x2 
 .text.HAL_TIM_Base_Start_IT
                0x0000000008003930       0xe0 ./Drivers/STM32F4xx_HAL_Driver/Src/stm32f4xx_hal_tim.o
                0x0000000008003930                HAL_TIM_Base_Start_IT
 .text.HAL_TIM_Encoder_Init
                0x0000000008003a10      0x14c ./Drivers/STM32F4xx_HAL_Driver/Src/stm32f4xx_hal_tim.o
                0x0000000008003a10                HAL_TIM_Encoder_Init
 .text.HAL_TIM_Encoder_Start_IT
                0x0000000008003b5c      0x15c ./Drivers/STM32F4xx_HAL_Driver/Src/stm32f4xx_hal_tim.o
                0x0000000008003b5c                HAL_TIM_Encoder_Start_IT
 .text.HAL_TIM_IRQHandler
                0x0000000008003cb8      0x210 ./Drivers/STM32F4xx_HAL_Driver/Src/stm32f4xx_hal_tim.o
                0x0000000008003cb8                HAL_TIM_IRQHandler
 .text.HAL_TIM_OC_DelayElapsedCallback
                0x0000000008003ec8       0x14 ./Drivers/STM32F4xx_HAL_Driver/Src/stm32f4xx_hal_tim.o
                0x0000000008003ec8                HAL_TIM_OC_DelayElapsedCallback
 .text.HAL_TIM_PWM_PulseFinishedCallback
                0x0000000008003edc       0x14 ./Drivers/STM32F4xx_HAL_Driver/Src/stm32f4xx_hal_tim.o
                0x0000000008003edc                HAL_TIM_PWM_PulseFinishedCallback
 .text.HAL_TIM_TriggerCallback
                0x0000000008003ef0       0x14 ./Drivers/STM32F4xx_HAL_Driver/Src/stm32f4xx_hal_tim.o
                0x0000000008003ef0                HAL_TIM_TriggerCallback
 .text.TIM_Base_SetConfig
                0x0000000008003f04      0x140 ./Drivers/STM32F4xx_HAL_Driver/Src/stm32f4xx_hal_tim.o
                0x0000000008003f04                TIM_Base_SetConfig
 .text.TIM_CCxChannelCmd
                0x0000000008004044       0x4a ./Drivers/STM32F4xx_HAL_Driver/Src/stm32f4xx_hal_tim.o
                0x0000000008004044                TIM_CCxChannelCmd
 *fill*         0x000000000800408e        0x2 
 .text.HAL_TIMEx_MasterConfigSynchronization
                0x0000000008004090       0xf8 ./Drivers/STM32F4xx_HAL_Driver/Src/stm32f4xx_hal_tim_ex.o
                0x0000000008004090                HAL_TIMEx_MasterConfigSynchronization
 .text.HAL_TIMEx_CommutCallback
                0x0000000008004188       0x14 ./Drivers/STM32F4xx_HAL_Driver/Src/stm32f4xx_hal_tim_ex.o
                0x0000000008004188                HAL_TIMEx_CommutCallback
 .text.HAL_TIMEx_BreakCallback
                0x000000000800419c       0x14 ./Drivers/STM32F4xx_HAL_Driver/Src/stm32f4xx_hal_tim_ex.o
                0x000000000800419c                HAL_TIMEx_BreakCallback
 .text.HAL_UART_Init
                0x00000000080041b0       0x9a ./Drivers/STM32F4xx_HAL_Driver/Src/stm32f4xx_hal_uart.o
                0x00000000080041b0                HAL_UART_Init
 .text.HAL_UART_Transmit_IT
                0x000000000800424a       0x8a ./Drivers/STM32F4xx_HAL_Driver/Src/stm32f4xx_hal_uart.o
                0x000000000800424a                HAL_UART_Transmit_IT
 .text.HAL_UART_IRQHandler
                0x00000000080042d4      0x51c ./Drivers/STM32F4xx_HAL_Driver/Src/stm32f4xx_hal_uart.o
                0x00000000080042d4                HAL_UART_IRQHandler
 .text.HAL_UART_RxCpltCallback
                0x00000000080047f0       0x14 ./Drivers/STM32F4xx_HAL_Driver/Src/stm32f4xx_hal_uart.o
                0x00000000080047f0                HAL_UART_RxCpltCallback
 .text.HAL_UART_ErrorCallback
                0x0000000008004804       0x14 ./Drivers/STM32F4xx_HAL_Driver/Src/stm32f4xx_hal_uart.o
                0x0000000008004804                HAL_UART_ErrorCallback
 .text.HAL_UARTEx_RxEventCallback
                0x0000000008004818       0x18 ./Drivers/STM32F4xx_HAL_Driver/Src/stm32f4xx_hal_uart.o
                0x0000000008004818                HAL_UARTEx_RxEventCallback
 .text.UART_EndRxTransfer
                0x0000000008004830       0xc6 ./Drivers/STM32F4xx_HAL_Driver/Src/stm32f4xx_hal_uart.o
 .text.UART_DMAAbortOnError
                0x00000000080048f6       0x28 ./Drivers/STM32F4xx_HAL_Driver/Src/stm32f4xx_hal_uart.o
 .text.UART_Transmit_IT
                0x000000000800491e       0xa0 ./Drivers/STM32F4xx_HAL_Driver/Src/stm32f4xx_hal_uart.o
 .text.UART_EndTransmit_IT
                0x00000000080049be       0x30 ./Drivers/STM32F4xx_HAL_Driver/Src/stm32f4xx_hal_uart.o
 .text.UART_Receive_IT
                0x00000000080049ee      0x176 ./Drivers/STM32F4xx_HAL_Driver/Src/stm32f4xx_hal_uart.o
 .text.UART_SetConfig
                0x0000000008004b64      0x4e8 ./Drivers/STM32F4xx_HAL_Driver/Src/stm32f4xx_hal_uart.o
 .text.memset   0x000000000800504c       0x10 C:/ST/STM32CubeIDE_1.13.1/STM32CubeIDE/plugins/com.st.stm32cube.ide.mcu.externaltools.gnu-tools-for-stm32.11.3.rel1.win32_1.1.0.202305231506/tools/bin/../lib/gcc/arm-none-eabi/11.3.1/../../../../arm-none-eabi/lib/thumb/v7e-m+fp/hard\libc_nano.a(libc_a-memset.o)
                0x000000000800504c                memset
 .text.__libc_init_array
                0x000000000800505c       0x48 C:/ST/STM32CubeIDE_1.13.1/STM32CubeIDE/plugins/com.st.stm32cube.ide.mcu.externaltools.gnu-tools-for-stm32.11.3.rel1.win32_1.1.0.202305231506/tools/bin/../lib/gcc/arm-none-eabi/11.3.1/../../../../arm-none-eabi/lib/thumb/v7e-m+fp/hard\libc_nano.a(libc_a-init.o)
                0x000000000800505c                __libc_init_array
 *(.glue_7)
 .glue_7        0x00000000080050a4        0x0 linker stubs
 *(.glue_7t)
 .glue_7t       0x00000000080050a4        0x0 linker stubs
 *(.eh_frame)
 .eh_frame      0x00000000080050a4        0x0 C:/ST/STM32CubeIDE_1.13.1/STM32CubeIDE/plugins/com.st.stm32cube.ide.mcu.externaltools.gnu-tools-for-stm32.11.3.rel1.win32_1.1.0.202305231506/tools/bin/../lib/gcc/arm-none-eabi/11.3.1/thumb/v7e-m+fp/hard/crtbegin.o
 *(.init)
 .init          0x00000000080050a4        0x4 C:/ST/STM32CubeIDE_1.13.1/STM32CubeIDE/plugins/com.st.stm32cube.ide.mcu.externaltools.gnu-tools-for-stm32.11.3.rel1.win32_1.1.0.202305231506/tools/bin/../lib/gcc/arm-none-eabi/11.3.1/thumb/v7e-m+fp/hard/crti.o
                0x00000000080050a4                _init
 .init          0x00000000080050a8        0x8 C:/ST/STM32CubeIDE_1.13.1/STM32CubeIDE/plugins/com.st.stm32cube.ide.mcu.externaltools.gnu-tools-for-stm32.11.3.rel1.win32_1.1.0.202305231506/tools/bin/../lib/gcc/arm-none-eabi/11.3.1/thumb/v7e-m+fp/hard/crtn.o
 *(.fini)
 .fini          0x00000000080050b0        0x4 C:/ST/STM32CubeIDE_1.13.1/STM32CubeIDE/plugins/com.st.stm32cube.ide.mcu.externaltools.gnu-tools-for-stm32.11.3.rel1.win32_1.1.0.202305231506/tools/bin/../lib/gcc/arm-none-eabi/11.3.1/thumb/v7e-m+fp/hard/crti.o
                0x00000000080050b0                _fini
 .fini          0x00000000080050b4        0x8 C:/ST/STM32CubeIDE_1.13.1/STM32CubeIDE/plugins/com.st.stm32cube.ide.mcu.externaltools.gnu-tools-for-stm32.11.3.rel1.win32_1.1.0.202305231506/tools/bin/../lib/gcc/arm-none-eabi/11.3.1/thumb/v7e-m+fp/hard/crtn.o
                0x00000000080050bc                . = ALIGN (0x4)
                0x00000000080050bc                _etext = .

.vfp11_veneer   0x00000000080050bc        0x0
 .vfp11_veneer  0x00000000080050bc        0x0 linker stubs

.v4_bx          0x00000000080050bc        0x0
 .v4_bx         0x00000000080050bc        0x0 linker stubs

.iplt           0x00000000080050bc        0x0
 .iplt          0x00000000080050bc        0x0 C:/ST/STM32CubeIDE_1.13.1/STM32CubeIDE/plugins/com.st.stm32cube.ide.mcu.externaltools.gnu-tools-for-stm32.11.3.rel1.win32_1.1.0.202305231506/tools/bin/../lib/gcc/arm-none-eabi/11.3.1/thumb/v7e-m+fp/hard/crtbegin.o

.rodata         0x00000000080050bc       0x20
                0x00000000080050bc                . = ALIGN (0x4)
 *(.rodata)
 *(.rodata*)
 .rodata.AHBPrescTable
                0x00000000080050bc       0x10 ./Core/Src/system_stm32f4xx.o
                0x00000000080050bc                AHBPrescTable
 .rodata.APBPrescTable
                0x00000000080050cc        0x8 ./Core/Src/system_stm32f4xx.o
                0x00000000080050cc                APBPrescTable
 .rodata.flagBitshiftOffset.0
                0x00000000080050d4        0x8 ./Drivers/STM32F4xx_HAL_Driver/Src/stm32f4xx_hal_dma.o
                0x00000000080050dc                . = ALIGN (0x4)

.ARM.extab      0x00000000080050dc        0x0
                0x00000000080050dc                . = ALIGN (0x4)
 *(.ARM.extab* .gnu.linkonce.armextab.*)
                0x00000000080050dc                . = ALIGN (0x4)

.ARM            0x00000000080050dc        0x8
                0x00000000080050dc                . = ALIGN (0x4)
                0x00000000080050dc                __exidx_start = .
 *(.ARM.exidx*)
 .ARM.exidx     0x00000000080050dc        0x8 C:/ST/STM32CubeIDE_1.13.1/STM32CubeIDE/plugins/com.st.stm32cube.ide.mcu.externaltools.gnu-tools-for-stm32.11.3.rel1.win32_1.1.0.202305231506/tools/bin/../lib/gcc/arm-none-eabi/11.3.1/thumb/v7e-m+fp/hard\libgcc.a(_udivmoddi4.o)
                0x00000000080050e4                __exidx_end = .
                0x00000000080050e4                . = ALIGN (0x4)

.rel.dyn        0x00000000080050e4        0x0
 .rel.iplt      0x00000000080050e4        0x0 C:/ST/STM32CubeIDE_1.13.1/STM32CubeIDE/plugins/com.st.stm32cube.ide.mcu.externaltools.gnu-tools-for-stm32.11.3.rel1.win32_1.1.0.202305231506/tools/bin/../lib/gcc/arm-none-eabi/11.3.1/thumb/v7e-m+fp/hard/crtbegin.o

.preinit_array  0x00000000080050e4        0x0
                0x00000000080050e4                . = ALIGN (0x4)
                0x00000000080050e4                PROVIDE (__preinit_array_start = .)
 *(.preinit_array*)
                0x00000000080050e4                PROVIDE (__preinit_array_end = .)
                0x00000000080050e4                . = ALIGN (0x4)

.init_array     0x00000000080050e4        0x4
                0x00000000080050e4                . = ALIGN (0x4)
                0x00000000080050e4                PROVIDE (__init_array_start = .)
 *(SORT_BY_NAME(.init_array.*))
 *(.init_array*)
 .init_array    0x00000000080050e4        0x4 C:/ST/STM32CubeIDE_1.13.1/STM32CubeIDE/plugins/com.st.stm32cube.ide.mcu.externaltools.gnu-tools-for-stm32.11.3.rel1.win32_1.1.0.202305231506/tools/bin/../lib/gcc/arm-none-eabi/11.3.1/thumb/v7e-m+fp/hard/crtbegin.o
                0x00000000080050e8                PROVIDE (__init_array_end = .)
                0x00000000080050e8                . = ALIGN (0x4)

.fini_array     0x00000000080050e8        0x4
                0x00000000080050e8                . = ALIGN (0x4)
                [!provide]                        PROVIDE (__fini_array_start = .)
 *(SORT_BY_NAME(.fini_array.*))
 *(.fini_array*)
 .fini_array    0x00000000080050e8        0x4 C:/ST/STM32CubeIDE_1.13.1/STM32CubeIDE/plugins/com.st.stm32cube.ide.mcu.externaltools.gnu-tools-for-stm32.11.3.rel1.win32_1.1.0.202305231506/tools/bin/../lib/gcc/arm-none-eabi/11.3.1/thumb/v7e-m+fp/hard/crtbegin.o
                [!provide]                        PROVIDE (__fini_array_end = .)
                0x00000000080050ec                . = ALIGN (0x4)
                0x00000000080050ec                _sidata = LOADADDR (.data)

.data           0x0000000020000000       0x10 load address 0x00000000080050ec
                0x0000000020000000                . = ALIGN (0x4)
                0x0000000020000000                _sdata = .
 *(.data)
 *(.data*)
 .data.flag     0x0000000020000000        0x1 ./Core/Src/main.o
                0x0000000020000000                flag
 *fill*         0x0000000020000001        0x3 
 .data.SystemCoreClock
                0x0000000020000004        0x4 ./Core/Src/system_stm32f4xx.o
                0x0000000020000004                SystemCoreClock
 .data.uwTickPrio
                0x0000000020000008        0x4 ./Drivers/STM32F4xx_HAL_Driver/Src/stm32f4xx_hal.o
                0x0000000020000008                uwTickPrio
 .data.uwTickFreq
                0x000000002000000c        0x1 ./Drivers/STM32F4xx_HAL_Driver/Src/stm32f4xx_hal.o
                0x000000002000000c                uwTickFreq
 *(.RamFunc)
 *(.RamFunc*)
                0x0000000020000010                . = ALIGN (0x4)
 *fill*         0x000000002000000d        0x3 
                0x0000000020000010                _edata = .

.igot.plt       0x0000000020000010        0x0 load address 0x00000000080050fc
 .igot.plt      0x0000000020000010        0x0 C:/ST/STM32CubeIDE_1.13.1/STM32CubeIDE/plugins/com.st.stm32cube.ide.mcu.externaltools.gnu-tools-for-stm32.11.3.rel1.win32_1.1.0.202305231506/tools/bin/../lib/gcc/arm-none-eabi/11.3.1/thumb/v7e-m+fp/hard/crtbegin.o
                0x0000000020000010                . = ALIGN (0x4)

.bss            0x0000000020000010      0x258 load address 0x00000000080050fc
                0x0000000020000010                _sbss = .
                0x0000000020000010                __bss_start__ = _sbss
 *(.bss)
 .bss           0x0000000020000010       0x1c C:/ST/STM32CubeIDE_1.13.1/STM32CubeIDE/plugins/com.st.stm32cube.ide.mcu.externaltools.gnu-tools-for-stm32.11.3.rel1.win32_1.1.0.202305231506/tools/bin/../lib/gcc/arm-none-eabi/11.3.1/thumb/v7e-m+fp/hard/crtbegin.o
 *(.bss*)
 .bss.selecionado
                0x000000002000002c        0x1 ./Core/Src/apps/timers/timers.o
                0x000000002000002c                selecionado
 *fill*         0x000000002000002d        0x3 
 .bss.pedal     0x0000000020000030        0x4 ./Core/Src/apps/variables/variables.o
                0x0000000020000030                pedal
 .bss.angulo    0x0000000020000034        0x4 ./Core/Src/apps/variables/variables.o
                0x0000000020000034                angulo
 .bss.volante   0x0000000020000038        0x4 ./Core/Src/apps/variables/variables.o
                0x0000000020000038                volante
 .bss.cambio    0x000000002000003c        0x1 ./Core/Src/apps/variables/variables.o
                0x000000002000003c                cambio
 *fill*         0x000000002000003d        0x3 
 .bss.hadc1     0x0000000020000040       0x48 ./Core/Src/main.o
                0x0000000020000040                hadc1
 .bss.hdma_adc1
                0x0000000020000088       0x60 ./Core/Src/main.o
                0x0000000020000088                hdma_adc1
 .bss.hi2c1     0x00000000200000e8       0x54 ./Core/Src/main.o
                0x00000000200000e8                hi2c1
 .bss.htim2     0x000000002000013c       0x48 ./Core/Src/main.o
                0x000000002000013c                htim2
 .bss.htim6     0x0000000020000184       0x48 ./Core/Src/main.o
                0x0000000020000184                htim6
 .bss.huart4    0x00000000200001cc       0x44 ./Core/Src/main.o
                0x00000000200001cc                huart4
 .bss.huart2    0x0000000020000210       0x44 ./Core/Src/main.o
                0x0000000020000210                huart2
 .bss.datos     0x0000000020000254        0x5 ./Core/Src/main.o
                0x0000000020000254                datos
 *fill*         0x0000000020000259        0x3 
 .bss.valores   0x000000002000025c        0x8 ./Core/Src/main.o
                0x000000002000025c                valores
 .bss.uwTick    0x0000000020000264        0x4 ./Drivers/STM32F4xx_HAL_Driver/Src/stm32f4xx_hal.o
                0x0000000020000264                uwTick
 *(COMMON)
                0x0000000020000268                . = ALIGN (0x4)
                0x0000000020000268                _ebss = .
                0x0000000020000268                __bss_end__ = _ebss

._user_heap_stack
                0x0000000020000268      0x600 load address 0x00000000080050fc
                0x0000000020000268                . = ALIGN (0x8)
                [!provide]                        PROVIDE (end = .)
                0x0000000020000268                PROVIDE (_end = .)
                0x0000000020000468                . = (. + _Min_Heap_Size)
 *fill*         0x0000000020000268      0x200 
                0x0000000020000868                . = (. + _Min_Stack_Size)
 *fill*         0x0000000020000468      0x400 
                0x0000000020000868                . = ALIGN (0x8)

/DISCARD/
 libc.a(*)
 libm.a(*)
 libgcc.a(*)

.ARM.attributes
                0x0000000000000000       0x30
 *(.ARM.attributes)
 .ARM.attributes
                0x0000000000000000       0x1e C:/ST/STM32CubeIDE_1.13.1/STM32CubeIDE/plugins/com.st.stm32cube.ide.mcu.externaltools.gnu-tools-for-stm32.11.3.rel1.win32_1.1.0.202305231506/tools/bin/../lib/gcc/arm-none-eabi/11.3.1/thumb/v7e-m+fp/hard/crti.o
 .ARM.attributes
                0x000000000000001e       0x34 C:/ST/STM32CubeIDE_1.13.1/STM32CubeIDE/plugins/com.st.stm32cube.ide.mcu.externaltools.gnu-tools-for-stm32.11.3.rel1.win32_1.1.0.202305231506/tools/bin/../lib/gcc/arm-none-eabi/11.3.1/thumb/v7e-m+fp/hard/crtbegin.o
 .ARM.attributes
                0x0000000000000052       0x34 ./Core/Src/apps/adc/ADC.o
 .ARM.attributes
                0x0000000000000086       0x34 ./Core/Src/apps/timers/timers.o
 .ARM.attributes
                0x00000000000000ba       0x34 ./Core/Src/apps/variables/variables.o
 .ARM.attributes
                0x00000000000000ee       0x34 ./Core/Src/main.o
 .ARM.attributes
                0x0000000000000122       0x34 ./Core/Src/stm32f4xx_hal_msp.o
 .ARM.attributes
                0x0000000000000156       0x34 ./Core/Src/stm32f4xx_it.o
 .ARM.attributes
                0x000000000000018a       0x34 ./Core/Src/system_stm32f4xx.o
 .ARM.attributes
                0x00000000000001be       0x21 ./Core/Startup/startup_stm32f446retx.o
 .ARM.attributes
                0x00000000000001df       0x34 ./Drivers/STM32F4xx_HAL_Driver/Src/stm32f4xx_hal.o
 .ARM.attributes
                0x0000000000000213       0x34 ./Drivers/STM32F4xx_HAL_Driver/Src/stm32f4xx_hal_adc.o
 .ARM.attributes
                0x0000000000000247       0x34 ./Drivers/STM32F4xx_HAL_Driver/Src/stm32f4xx_hal_adc_ex.o
 .ARM.attributes
                0x000000000000027b       0x34 ./Drivers/STM32F4xx_HAL_Driver/Src/stm32f4xx_hal_cortex.o
 .ARM.attributes
                0x00000000000002af       0x34 ./Drivers/STM32F4xx_HAL_Driver/Src/stm32f4xx_hal_dma.o
 .ARM.attributes
                0x00000000000002e3       0x34 ./Drivers/STM32F4xx_HAL_Driver/Src/stm32f4xx_hal_gpio.o
 .ARM.attributes
                0x0000000000000317       0x34 ./Drivers/STM32F4xx_HAL_Driver/Src/stm32f4xx_hal_i2c.o
 .ARM.attributes
                0x000000000000034b       0x34 ./Drivers/STM32F4xx_HAL_Driver/Src/stm32f4xx_hal_rcc.o
 .ARM.attributes
                0x000000000000037f       0x34 ./Drivers/STM32F4xx_HAL_Driver/Src/stm32f4xx_hal_rcc_ex.o
 .ARM.attributes
                0x00000000000003b3       0x34 ./Drivers/STM32F4xx_HAL_Driver/Src/stm32f4xx_hal_tim.o
 .ARM.attributes
                0x00000000000003e7       0x34 ./Drivers/STM32F4xx_HAL_Driver/Src/stm32f4xx_hal_tim_ex.o
 .ARM.attributes
                0x000000000000041b       0x34 ./Drivers/STM32F4xx_HAL_Driver/Src/stm32f4xx_hal_uart.o
 .ARM.attributes
                0x000000000000044f       0x34 C:/ST/STM32CubeIDE_1.13.1/STM32CubeIDE/plugins/com.st.stm32cube.ide.mcu.externaltools.gnu-tools-for-stm32.11.3.rel1.win32_1.1.0.202305231506/tools/bin/../lib/gcc/arm-none-eabi/11.3.1/../../../../arm-none-eabi/lib/thumb/v7e-m+fp/hard\libc_nano.a(libc_a-memset.o)
 .ARM.attributes
                0x0000000000000483       0x34 C:/ST/STM32CubeIDE_1.13.1/STM32CubeIDE/plugins/com.st.stm32cube.ide.mcu.externaltools.gnu-tools-for-stm32.11.3.rel1.win32_1.1.0.202305231506/tools/bin/../lib/gcc/arm-none-eabi/11.3.1/../../../../arm-none-eabi/lib/thumb/v7e-m+fp/hard\libc_nano.a(libc_a-init.o)
 .ARM.attributes
                0x00000000000004b7       0x1e C:/ST/STM32CubeIDE_1.13.1/STM32CubeIDE/plugins/com.st.stm32cube.ide.mcu.externaltools.gnu-tools-for-stm32.11.3.rel1.win32_1.1.0.202305231506/tools/bin/../lib/gcc/arm-none-eabi/11.3.1/thumb/v7e-m+fp/hard\libgcc.a(_aeabi_uldivmod.o)
 .ARM.attributes
                0x00000000000004d5       0x34 C:/ST/STM32CubeIDE_1.13.1/STM32CubeIDE/plugins/com.st.stm32cube.ide.mcu.externaltools.gnu-tools-for-stm32.11.3.rel1.win32_1.1.0.202305231506/tools/bin/../lib/gcc/arm-none-eabi/11.3.1/thumb/v7e-m+fp/hard\libgcc.a(_udivmoddi4.o)
 .ARM.attributes
                0x0000000000000509       0x1e C:/ST/STM32CubeIDE_1.13.1/STM32CubeIDE/plugins/com.st.stm32cube.ide.mcu.externaltools.gnu-tools-for-stm32.11.3.rel1.win32_1.1.0.202305231506/tools/bin/../lib/gcc/arm-none-eabi/11.3.1/thumb/v7e-m+fp/hard\libgcc.a(_dvmd_tls.o)
 .ARM.attributes
                0x0000000000000527       0x1e C:/ST/STM32CubeIDE_1.13.1/STM32CubeIDE/plugins/com.st.stm32cube.ide.mcu.externaltools.gnu-tools-for-stm32.11.3.rel1.win32_1.1.0.202305231506/tools/bin/../lib/gcc/arm-none-eabi/11.3.1/thumb/v7e-m+fp/hard/crtn.o
OUTPUT(reciver.elf elf32-littlearm)
LOAD linker stubs
LOAD C:/ST/STM32CubeIDE_1.13.1/STM32CubeIDE/plugins/com.st.stm32cube.ide.mcu.externaltools.gnu-tools-for-stm32.11.3.rel1.win32_1.1.0.202305231506/tools/bin/../lib/gcc/arm-none-eabi/11.3.1/../../../../arm-none-eabi/lib/thumb/v7e-m+fp/hard\libc.a
LOAD C:/ST/STM32CubeIDE_1.13.1/STM32CubeIDE/plugins/com.st.stm32cube.ide.mcu.externaltools.gnu-tools-for-stm32.11.3.rel1.win32_1.1.0.202305231506/tools/bin/../lib/gcc/arm-none-eabi/11.3.1/../../../../arm-none-eabi/lib/thumb/v7e-m+fp/hard\libm.a
LOAD C:/ST/STM32CubeIDE_1.13.1/STM32CubeIDE/plugins/com.st.stm32cube.ide.mcu.externaltools.gnu-tools-for-stm32.11.3.rel1.win32_1.1.0.202305231506/tools/bin/../lib/gcc/arm-none-eabi/11.3.1/thumb/v7e-m+fp/hard\libgcc.a

.comment        0x0000000000000000       0x43
 .comment       0x0000000000000000       0x43 C:/ST/STM32CubeIDE_1.13.1/STM32CubeIDE/plugins/com.st.stm32cube.ide.mcu.externaltools.gnu-tools-for-stm32.11.3.rel1.win32_1.1.0.202305231506/tools/bin/../lib/gcc/arm-none-eabi/11.3.1/thumb/v7e-m+fp/hard/crtbegin.o
                                         0x44 (size before relaxing)
 .comment       0x0000000000000043       0x44 ./Core/Src/apps/adc/ADC.o
 .comment       0x0000000000000043       0x44 ./Core/Src/apps/timers/timers.o
 .comment       0x0000000000000043       0x44 ./Core/Src/apps/variables/variables.o
 .comment       0x0000000000000043       0x44 ./Core/Src/main.o
 .comment       0x0000000000000043       0x44 ./Core/Src/stm32f4xx_hal_msp.o
 .comment       0x0000000000000043       0x44 ./Core/Src/stm32f4xx_it.o
 .comment       0x0000000000000043       0x44 ./Core/Src/system_stm32f4xx.o
 .comment       0x0000000000000043       0x44 ./Drivers/STM32F4xx_HAL_Driver/Src/stm32f4xx_hal.o
 .comment       0x0000000000000043       0x44 ./Drivers/STM32F4xx_HAL_Driver/Src/stm32f4xx_hal_adc.o
 .comment       0x0000000000000043       0x44 ./Drivers/STM32F4xx_HAL_Driver/Src/stm32f4xx_hal_adc_ex.o
 .comment       0x0000000000000043       0x44 ./Drivers/STM32F4xx_HAL_Driver/Src/stm32f4xx_hal_cortex.o
 .comment       0x0000000000000043       0x44 ./Drivers/STM32F4xx_HAL_Driver/Src/stm32f4xx_hal_dma.o
 .comment       0x0000000000000043       0x44 ./Drivers/STM32F4xx_HAL_Driver/Src/stm32f4xx_hal_gpio.o
 .comment       0x0000000000000043       0x44 ./Drivers/STM32F4xx_HAL_Driver/Src/stm32f4xx_hal_i2c.o
 .comment       0x0000000000000043       0x44 ./Drivers/STM32F4xx_HAL_Driver/Src/stm32f4xx_hal_rcc.o
 .comment       0x0000000000000043       0x44 ./Drivers/STM32F4xx_HAL_Driver/Src/stm32f4xx_hal_rcc_ex.o
 .comment       0x0000000000000043       0x44 ./Drivers/STM32F4xx_HAL_Driver/Src/stm32f4xx_hal_tim.o
 .comment       0x0000000000000043       0x44 ./Drivers/STM32F4xx_HAL_Driver/Src/stm32f4xx_hal_tim_ex.o
 .comment       0x0000000000000043       0x44 ./Drivers/STM32F4xx_HAL_Driver/Src/stm32f4xx_hal_uart.o

.debug_info     0x0000000000000000    0x1366e
 .debug_info    0x0000000000000000      0x57b ./Core/Src/apps/adc/ADC.o
 .debug_info    0x000000000000057b      0x9c6 ./Core/Src/apps/timers/timers.o
 .debug_info    0x0000000000000f41      0x15b ./Core/Src/apps/variables/variables.o
 .debug_info    0x000000000000109c     0x1a53 ./Core/Src/main.o
 .debug_info    0x0000000000002aef     0x16c9 ./Core/Src/stm32f4xx_hal_msp.o
 .debug_info    0x00000000000041b8      0xc4a ./Core/Src/stm32f4xx_it.o
 .debug_info    0x0000000000004e02      0x54a ./Core/Src/system_stm32f4xx.o
 .debug_info    0x000000000000534c       0x23 ./Core/Startup/startup_stm32f446retx.o
 .debug_info    0x000000000000536f      0x99e ./Drivers/STM32F4xx_HAL_Driver/Src/stm32f4xx_hal.o
 .debug_info    0x0000000000005d0d      0xcd4 ./Drivers/STM32F4xx_HAL_Driver/Src/stm32f4xx_hal_adc.o
 .debug_info    0x00000000000069e1      0xb59 ./Drivers/STM32F4xx_HAL_Driver/Src/stm32f4xx_hal_adc_ex.o
 .debug_info    0x000000000000753a      0xd64 ./Drivers/STM32F4xx_HAL_Driver/Src/stm32f4xx_hal_cortex.o
 .debug_info    0x000000000000829e      0x8e7 ./Drivers/STM32F4xx_HAL_Driver/Src/stm32f4xx_hal_dma.o
 .debug_info    0x0000000000008b85      0x70b ./Drivers/STM32F4xx_HAL_Driver/Src/stm32f4xx_hal_gpio.o
 .debug_info    0x0000000000009290     0x23ed ./Drivers/STM32F4xx_HAL_Driver/Src/stm32f4xx_hal_i2c.o
 .debug_info    0x000000000000b67d      0x8ed ./Drivers/STM32F4xx_HAL_Driver/Src/stm32f4xx_hal_rcc.o
 .debug_info    0x000000000000bf6a      0x956 ./Drivers/STM32F4xx_HAL_Driver/Src/stm32f4xx_hal_rcc_ex.o
 .debug_info    0x000000000000c8c0     0x2948 ./Drivers/STM32F4xx_HAL_Driver/Src/stm32f4xx_hal_tim.o
 .debug_info    0x000000000000f208     0x14ae ./Drivers/STM32F4xx_HAL_Driver/Src/stm32f4xx_hal_tim_ex.o
 .debug_info    0x00000000000106b6     0x2fb8 ./Drivers/STM32F4xx_HAL_Driver/Src/stm32f4xx_hal_uart.o

.debug_abbrev   0x0000000000000000     0x2975
 .debug_abbrev  0x0000000000000000      0x137 ./Core/Src/apps/adc/ADC.o
 .debug_abbrev  0x0000000000000137      0x1c4 ./Core/Src/apps/timers/timers.o
 .debug_abbrev  0x00000000000002fb       0xa2 ./Core/Src/apps/variables/variables.o
 .debug_abbrev  0x000000000000039d      0x2d6 ./Core/Src/main.o
 .debug_abbrev  0x0000000000000673      0x25e ./Core/Src/stm32f4xx_hal_msp.o
 .debug_abbrev  0x00000000000008d1      0x1dc ./Core/Src/stm32f4xx_it.o
 .debug_abbrev  0x0000000000000aad      0x11a ./Core/Src/system_stm32f4xx.o
 .debug_abbrev  0x0000000000000bc7       0x12 ./Core/Startup/startup_stm32f446retx.o
 .debug_abbrev  0x0000000000000bd9      0x213 ./Drivers/STM32F4xx_HAL_Driver/Src/stm32f4xx_hal.o
 .debug_abbrev  0x0000000000000dec      0x252 ./Drivers/STM32F4xx_HAL_Driver/Src/stm32f4xx_hal_adc.o
 .debug_abbrev  0x000000000000103e      0x270 ./Drivers/STM32F4xx_HAL_Driver/Src/stm32f4xx_hal_adc_ex.o
 .debug_abbrev  0x00000000000012ae      0x327 ./Drivers/STM32F4xx_HAL_Driver/Src/stm32f4xx_hal_cortex.o
 .debug_abbrev  0x00000000000015d5      0x264 ./Drivers/STM32F4xx_HAL_Driver/Src/stm32f4xx_hal_dma.o
 .debug_abbrev  0x0000000000001839      0x1d4 ./Drivers/STM32F4xx_HAL_Driver/Src/stm32f4xx_hal_gpio.o
 .debug_abbrev  0x0000000000001a0d      0x2ad ./Drivers/STM32F4xx_HAL_Driver/Src/stm32f4xx_hal_i2c.o
 .debug_abbrev  0x0000000000001cba      0x2b6 ./Drivers/STM32F4xx_HAL_Driver/Src/stm32f4xx_hal_rcc.o
 .debug_abbrev  0x0000000000001f70      0x20a ./Drivers/STM32F4xx_HAL_Driver/Src/stm32f4xx_hal_rcc_ex.o
 .debug_abbrev  0x000000000000217a      0x271 ./Drivers/STM32F4xx_HAL_Driver/Src/stm32f4xx_hal_tim.o
 .debug_abbrev  0x00000000000023eb      0x27c ./Drivers/STM32F4xx_HAL_Driver/Src/stm32f4xx_hal_tim_ex.o
 .debug_abbrev  0x0000000000002667      0x30e ./Drivers/STM32F4xx_HAL_Driver/Src/stm32f4xx_hal_uart.o

.debug_aranges  0x0000000000000000     0x11a0
 .debug_aranges
                0x0000000000000000       0x20 ./Core/Src/apps/adc/ADC.o
 .debug_aranges
                0x0000000000000020       0x20 ./Core/Src/apps/timers/timers.o
 .debug_aranges
                0x0000000000000040       0x58 ./Core/Src/apps/variables/variables.o
 .debug_aranges
                0x0000000000000098       0x80 ./Core/Src/main.o
 .debug_aranges
                0x0000000000000118       0x70 ./Core/Src/stm32f4xx_hal_msp.o
 .debug_aranges
                0x0000000000000188       0x88 ./Core/Src/stm32f4xx_it.o
 .debug_aranges
                0x0000000000000210       0x28 ./Core/Src/system_stm32f4xx.o
 .debug_aranges
                0x0000000000000238       0x28 ./Core/Startup/startup_stm32f446retx.o
 .debug_aranges
                0x0000000000000260       0xf0 ./Drivers/STM32F4xx_HAL_Driver/Src/stm32f4xx_hal.o
 .debug_aranges
                0x0000000000000350       0xe8 ./Drivers/STM32F4xx_HAL_Driver/Src/stm32f4xx_hal_adc.o
 .debug_aranges
                0x0000000000000438       0x90 ./Drivers/STM32F4xx_HAL_Driver/Src/stm32f4xx_hal_adc_ex.o
 .debug_aranges
                0x00000000000004c8      0x118 ./Drivers/STM32F4xx_HAL_Driver/Src/stm32f4xx_hal_cortex.o
 .debug_aranges
                0x00000000000005e0       0x90 ./Drivers/STM32F4xx_HAL_Driver/Src/stm32f4xx_hal_dma.o
 .debug_aranges
                0x0000000000000670       0x58 ./Drivers/STM32F4xx_HAL_Driver/Src/stm32f4xx_hal_gpio.o
 .debug_aranges
                0x00000000000006c8      0x2a0 ./Drivers/STM32F4xx_HAL_Driver/Src/stm32f4xx_hal_i2c.o
 .debug_aranges
                0x0000000000000968       0x88 ./Drivers/STM32F4xx_HAL_Driver/Src/stm32f4xx_hal_rcc.o
 .debug_aranges
                0x00000000000009f0       0x78 ./Drivers/STM32F4xx_HAL_Driver/Src/stm32f4xx_hal_rcc_ex.o
 .debug_aranges
                0x0000000000000a68      0x3d0 ./Drivers/STM32F4xx_HAL_Driver/Src/stm32f4xx_hal_tim.o
 .debug_aranges
                0x0000000000000e38      0x168 ./Drivers/STM32F4xx_HAL_Driver/Src/stm32f4xx_hal_tim_ex.o
 .debug_aranges
                0x0000000000000fa0      0x200 ./Drivers/STM32F4xx_HAL_Driver/Src/stm32f4xx_hal_uart.o

.debug_rnglists
                0x0000000000000000      0xdeb
 .debug_rnglists
                0x0000000000000000       0x13 ./Core/Src/apps/adc/ADC.o
 .debug_rnglists
                0x0000000000000013       0x14 ./Core/Src/apps/timers/timers.o
 .debug_rnglists
                0x0000000000000027       0x3d ./Core/Src/apps/variables/variables.o
 .debug_rnglists
                0x0000000000000064       0x5f ./Core/Src/main.o
 .debug_rnglists
                0x00000000000000c3       0x53 ./Core/Src/stm32f4xx_hal_msp.o
 .debug_rnglists
                0x0000000000000116       0x61 ./Core/Src/stm32f4xx_it.o
 .debug_rnglists
                0x0000000000000177       0x1a ./Core/Src/system_stm32f4xx.o
 .debug_rnglists
                0x0000000000000191       0x19 ./Core/Startup/startup_stm32f446retx.o
 .debug_rnglists
                0x00000000000001aa       0xaf ./Drivers/STM32F4xx_HAL_Driver/Src/stm32f4xx_hal.o
 .debug_rnglists
                0x0000000000000259       0xb5 ./Drivers/STM32F4xx_HAL_Driver/Src/stm32f4xx_hal_adc.o
 .debug_rnglists
                0x000000000000030e       0x71 ./Drivers/STM32F4xx_HAL_Driver/Src/stm32f4xx_hal_adc_ex.o
 .debug_rnglists
                0x000000000000037f       0xce ./Drivers/STM32F4xx_HAL_Driver/Src/stm32f4xx_hal_cortex.o
 .debug_rnglists
                0x000000000000044d       0x70 ./Drivers/STM32F4xx_HAL_Driver/Src/stm32f4xx_hal_dma.o
 .debug_rnglists
                0x00000000000004bd       0x3f ./Drivers/STM32F4xx_HAL_Driver/Src/stm32f4xx_hal_gpio.o
 .debug_rnglists
                0x00000000000004fc      0x235 ./Drivers/STM32F4xx_HAL_Driver/Src/stm32f4xx_hal_i2c.o
 .debug_rnglists
                0x0000000000000731       0x66 ./Drivers/STM32F4xx_HAL_Driver/Src/stm32f4xx_hal_rcc.o
 .debug_rnglists
                0x0000000000000797       0x5e ./Drivers/STM32F4xx_HAL_Driver/Src/stm32f4xx_hal_rcc_ex.o
 .debug_rnglists
                0x00000000000007f5      0x31a ./Drivers/STM32F4xx_HAL_Driver/Src/stm32f4xx_hal_tim.o
 .debug_rnglists
                0x0000000000000b0f      0x125 ./Drivers/STM32F4xx_HAL_Driver/Src/stm32f4xx_hal_tim_ex.o
 .debug_rnglists
                0x0000000000000c34      0x1b7 ./Drivers/STM32F4xx_HAL_Driver/Src/stm32f4xx_hal_uart.o

.debug_macro    0x0000000000000000    0x232fe
 .debug_macro   0x0000000000000000      0x219 ./Core/Src/apps/adc/ADC.o
 .debug_macro   0x0000000000000219      0xaa8 ./Core/Src/apps/adc/ADC.o
 .debug_macro   0x0000000000000cc1      0x2a7 ./Core/Src/apps/adc/ADC.o
 .debug_macro   0x0000000000000f68       0x2e ./Core/Src/apps/adc/ADC.o
 .debug_macro   0x0000000000000f96       0x28 ./Core/Src/apps/adc/ADC.o
 .debug_macro   0x0000000000000fbe       0x22 ./Core/Src/apps/adc/ADC.o
 .debug_macro   0x0000000000000fe0       0x8e ./Core/Src/apps/adc/ADC.o
 .debug_macro   0x000000000000106e       0x51 ./Core/Src/apps/adc/ADC.o
 .debug_macro   0x00000000000010bf      0x103 ./Core/Src/apps/adc/ADC.o
 .debug_macro   0x00000000000011c2       0x6a ./Core/Src/apps/adc/ADC.o
 .debug_macro   0x000000000000122c      0x1df ./Core/Src/apps/adc/ADC.o
 .debug_macro   0x000000000000140b       0x1c ./Core/Src/apps/adc/ADC.o
 .debug_macro   0x0000000000001427       0x22 ./Core/Src/apps/adc/ADC.o
 .debug_macro   0x0000000000001449       0xd9 ./Core/Src/apps/adc/ADC.o
 .debug_macro   0x0000000000001522     0x102d ./Core/Src/apps/adc/ADC.o
 .debug_macro   0x000000000000254f      0x11f ./Core/Src/apps/adc/ADC.o
 .debug_macro   0x000000000000266e    0x16749 ./Core/Src/apps/adc/ADC.o
 .debug_macro   0x0000000000018db7       0x6d ./Core/Src/apps/adc/ADC.o
 .debug_macro   0x0000000000018e24     0x367e ./Core/Src/apps/adc/ADC.o
 .debug_macro   0x000000000001c4a2      0x174 ./Core/Src/apps/adc/ADC.o
 .debug_macro   0x000000000001c616       0x5c ./Core/Src/apps/adc/ADC.o
 .debug_macro   0x000000000001c672      0xc90 ./Core/Src/apps/adc/ADC.o
 .debug_macro   0x000000000001d302      0x9fe ./Core/Src/apps/adc/ADC.o
 .debug_macro   0x000000000001dd00      0x115 ./Core/Src/apps/adc/ADC.o
 .debug_macro   0x000000000001de15      0x1a0 ./Core/Src/apps/adc/ADC.o
 .debug_macro   0x000000000001dfb5       0xa5 ./Core/Src/apps/adc/ADC.o
 .debug_macro   0x000000000001e05a      0x16d ./Core/Src/apps/adc/ADC.o
 .debug_macro   0x000000000001e1c7      0x287 ./Core/Src/apps/adc/ADC.o
 .debug_macro   0x000000000001e44e       0x5f ./Core/Src/apps/adc/ADC.o
 .debug_macro   0x000000000001e4ad      0x236 ./Core/Src/apps/adc/ADC.o
 .debug_macro   0x000000000001e6e3      0xb5b ./Core/Src/apps/adc/ADC.o
 .debug_macro   0x000000000001f23e      0x38b ./Core/Src/apps/adc/ADC.o
 .debug_macro   0x000000000001f5c9      0x17d ./Core/Src/apps/adc/ADC.o
 .debug_macro   0x000000000001f746       0xf9 ./Core/Src/apps/adc/ADC.o
 .debug_macro   0x000000000001f83f      0x132 ./Core/Src/apps/adc/ADC.o
 .debug_macro   0x000000000001f971      0x29c ./Core/Src/apps/adc/ADC.o
 .debug_macro   0x000000000001fc0d       0x2e ./Core/Src/apps/adc/ADC.o
 .debug_macro   0x000000000001fc3b      0x1b5 ./Core/Src/apps/adc/ADC.o
 .debug_macro   0x000000000001fdf0       0x22 ./Core/Src/apps/adc/ADC.o
 .debug_macro   0x000000000001fe12       0xd6 ./Core/Src/apps/adc/ADC.o
 .debug_macro   0x000000000001fee8      0x11a ./Core/Src/apps/adc/ADC.o
 .debug_macro   0x0000000000020002       0xe8 ./Core/Src/apps/adc/ADC.o
 .debug_macro   0x00000000000200ea       0x89 ./Core/Src/apps/adc/ADC.o
 .debug_macro   0x0000000000020173      0x8e6 ./Core/Src/apps/adc/ADC.o
 .debug_macro   0x0000000000020a59       0x4d ./Core/Src/apps/adc/ADC.o
 .debug_macro   0x0000000000020aa6      0x295 ./Core/Src/apps/adc/ADC.o
 .debug_macro   0x0000000000020d3b      0x126 ./Core/Src/apps/adc/ADC.o
 .debug_macro   0x0000000000020e61      0x223 ./Core/Src/apps/timers/timers.o
 .debug_macro   0x0000000000021084       0x1b ./Core/Src/apps/variables/variables.o
 .debug_macro   0x000000000002109f      0x23c ./Core/Src/main.o
 .debug_macro   0x00000000000212db       0x40 ./Core/Src/main.o
 .debug_macro   0x000000000002131b      0x21e ./Core/Src/stm32f4xx_hal_msp.o
 .debug_macro   0x0000000000021539      0x228 ./Core/Src/stm32f4xx_it.o
 .debug_macro   0x0000000000021761      0x20f ./Core/Src/system_stm32f4xx.o
 .debug_macro   0x0000000000021970      0x26f ./Drivers/STM32F4xx_HAL_Driver/Src/stm32f4xx_hal.o
 .debug_macro   0x0000000000021bdf      0x210 ./Drivers/STM32F4xx_HAL_Driver/Src/stm32f4xx_hal_adc.o
 .debug_macro   0x0000000000021def      0x20f ./Drivers/STM32F4xx_HAL_Driver/Src/stm32f4xx_hal_adc_ex.o
 .debug_macro   0x0000000000021ffe      0x20f ./Drivers/STM32F4xx_HAL_Driver/Src/stm32f4xx_hal_cortex.o
 .debug_macro   0x000000000002220d      0x215 ./Drivers/STM32F4xx_HAL_Driver/Src/stm32f4xx_hal_dma.o
 .debug_macro   0x0000000000022422      0x215 ./Drivers/STM32F4xx_HAL_Driver/Src/stm32f4xx_hal_gpio.o
 .debug_macro   0x0000000000022637      0x256 ./Drivers/STM32F4xx_HAL_Driver/Src/stm32f4xx_hal_i2c.o
 .debug_macro   0x000000000002288d      0x233 ./Drivers/STM32F4xx_HAL_Driver/Src/stm32f4xx_hal_rcc.o
 .debug_macro   0x0000000000022ac0      0x20f ./Drivers/STM32F4xx_HAL_Driver/Src/stm32f4xx_hal_rcc_ex.o
 .debug_macro   0x0000000000022ccf      0x210 ./Drivers/STM32F4xx_HAL_Driver/Src/stm32f4xx_hal_tim.o
 .debug_macro   0x0000000000022edf      0x20f ./Drivers/STM32F4xx_HAL_Driver/Src/stm32f4xx_hal_tim_ex.o
 .debug_macro   0x00000000000230ee      0x210 ./Drivers/STM32F4xx_HAL_Driver/Src/stm32f4xx_hal_uart.o

.debug_line     0x0000000000000000    0x1687e
 .debug_line    0x0000000000000000      0x7b2 ./Core/Src/apps/adc/ADC.o
 .debug_line    0x00000000000007b2      0x858 ./Core/Src/apps/timers/timers.o
 .debug_line    0x000000000000100a      0x114 ./Core/Src/apps/variables/variables.o
 .debug_line    0x000000000000111e      0xad1 ./Core/Src/main.o
 .debug_line    0x0000000000001bef      0x989 ./Core/Src/stm32f4xx_hal_msp.o
 .debug_line    0x0000000000002578      0x8fa ./Core/Src/stm32f4xx_it.o
 .debug_line    0x0000000000002e72      0x840 ./Core/Src/system_stm32f4xx.o
 .debug_line    0x00000000000036b2       0x7a ./Core/Startup/startup_stm32f446retx.o
 .debug_line    0x000000000000372c      0xaa6 ./Drivers/STM32F4xx_HAL_Driver/Src/stm32f4xx_hal.o
 .debug_line    0x00000000000041d2     0x1316 ./Drivers/STM32F4xx_HAL_Driver/Src/stm32f4xx_hal_adc.o
 .debug_line    0x00000000000054e8      0xf5d ./Drivers/STM32F4xx_HAL_Driver/Src/stm32f4xx_hal_adc_ex.o
 .debug_line    0x0000000000006445      0xd55 ./Drivers/STM32F4xx_HAL_Driver/Src/stm32f4xx_hal_cortex.o
 .debug_line    0x000000000000719a     0x100a ./Drivers/STM32F4xx_HAL_Driver/Src/stm32f4xx_hal_dma.o
 .debug_line    0x00000000000081a4      0xc06 ./Drivers/STM32F4xx_HAL_Driver/Src/stm32f4xx_hal_gpio.o
 .debug_line    0x0000000000008daa     0x3a68 ./Drivers/STM32F4xx_HAL_Driver/Src/stm32f4xx_hal_i2c.o
 .debug_line    0x000000000000c812      0xe2b ./Drivers/STM32F4xx_HAL_Driver/Src/stm32f4xx_hal_rcc.o
 .debug_line    0x000000000000d63d     0x14c4 ./Drivers/STM32F4xx_HAL_Driver/Src/stm32f4xx_hal_rcc_ex.o
 .debug_line    0x000000000000eb01     0x3792 ./Drivers/STM32F4xx_HAL_Driver/Src/stm32f4xx_hal_tim.o
 .debug_line    0x0000000000012293     0x1aa3 ./Drivers/STM32F4xx_HAL_Driver/Src/stm32f4xx_hal_tim_ex.o
 .debug_line    0x0000000000013d36     0x2b48 ./Drivers/STM32F4xx_HAL_Driver/Src/stm32f4xx_hal_uart.o

.debug_str      0x0000000000000000    0xdc1fe
 .debug_str     0x0000000000000000    0xd704f ./Core/Src/apps/adc/ADC.o
                                      0xd735d (size before relaxing)
 .debug_str     0x00000000000d704f      0x57f ./Core/Src/apps/timers/timers.o
                                      0xd77a0 (size before relaxing)
 .debug_str     0x00000000000d75ce       0x68 ./Core/Src/apps/variables/variables.o
                                       0x2e76 (size before relaxing)
 .debug_str     0x00000000000d7636      0xe07 ./Core/Src/main.o
                                      0xd8728 (size before relaxing)
 .debug_str     0x00000000000d843d      0x16b ./Core/Src/stm32f4xx_hal_msp.o
                                      0xd8405 (size before relaxing)
 .debug_str     0x00000000000d85a8      0x181 ./Core/Src/stm32f4xx_it.o
                                      0xd7a77 (size before relaxing)
 .debug_str     0x00000000000d8729       0xdb ./Core/Src/system_stm32f4xx.o
                                      0xd7153 (size before relaxing)
 .debug_str     0x00000000000d8804       0x34 ./Core/Startup/startup_stm32f446retx.o
                                         0x79 (size before relaxing)
 .debug_str     0x00000000000d8838      0x5fa ./Drivers/STM32F4xx_HAL_Driver/Src/stm32f4xx_hal.o
                                      0xd7d18 (size before relaxing)
 .debug_str     0x00000000000d8e32      0x28d ./Drivers/STM32F4xx_HAL_Driver/Src/stm32f4xx_hal_adc.o
                                      0xd771b (size before relaxing)
 .debug_str     0x00000000000d90bf      0x2df ./Drivers/STM32F4xx_HAL_Driver/Src/stm32f4xx_hal_adc_ex.o
                                      0xd776f (size before relaxing)
 .debug_str     0x00000000000d939e      0x326 ./Drivers/STM32F4xx_HAL_Driver/Src/stm32f4xx_hal_cortex.o
                                      0xd7a26 (size before relaxing)
 .debug_str     0x00000000000d96c4      0x2d5 ./Drivers/STM32F4xx_HAL_Driver/Src/stm32f4xx_hal_dma.o
                                      0xd7548 (size before relaxing)
 .debug_str     0x00000000000d9999      0x144 ./Drivers/STM32F4xx_HAL_Driver/Src/stm32f4xx_hal_gpio.o
                                      0xd72ce (size before relaxing)
 .debug_str     0x00000000000d9add      0xab6 ./Drivers/STM32F4xx_HAL_Driver/Src/stm32f4xx_hal_i2c.o
                                      0xd80fe (size before relaxing)
 .debug_str     0x00000000000da593      0x213 ./Drivers/STM32F4xx_HAL_Driver/Src/stm32f4xx_hal_rcc.o
                                      0xd758c (size before relaxing)
 .debug_str     0x00000000000da7a6      0x324 ./Drivers/STM32F4xx_HAL_Driver/Src/stm32f4xx_hal_rcc_ex.o
                                      0xd75bf (size before relaxing)
 .debug_str     0x00000000000daaca      0xcf4 ./Drivers/STM32F4xx_HAL_Driver/Src/stm32f4xx_hal_tim.o
                                      0xd84a8 (size before relaxing)
 .debug_str     0x00000000000db7be      0x493 ./Drivers/STM32F4xx_HAL_Driver/Src/stm32f4xx_hal_tim_ex.o
                                      0xd7cc4 (size before relaxing)
 .debug_str     0x00000000000dbc51      0x5ad ./Drivers/STM32F4xx_HAL_Driver/Src/stm32f4xx_hal_uart.o
                                      0xd7b01 (size before relaxing)

.debug_frame    0x0000000000000000     0x4adc
 .debug_frame   0x0000000000000000       0x38 ./Core/Src/apps/adc/ADC.o
 .debug_frame   0x0000000000000038       0x34 ./Core/Src/apps/timers/timers.o
 .debug_frame   0x000000000000006c      0x130 ./Core/Src/apps/variables/variables.o
 .debug_frame   0x000000000000019c      0x1bc ./Core/Src/main.o
 .debug_frame   0x0000000000000358      0x19c ./Core/Src/stm32f4xx_hal_msp.o
 .debug_frame   0x00000000000004f4      0x190 ./Core/Src/stm32f4xx_it.o
 .debug_frame   0x0000000000000684       0x58 ./Core/Src/system_stm32f4xx.o
 .debug_frame   0x00000000000006dc      0x374 ./Drivers/STM32F4xx_HAL_Driver/Src/stm32f4xx_hal.o
 .debug_frame   0x0000000000000a50      0x3fc ./Drivers/STM32F4xx_HAL_Driver/Src/stm32f4xx_hal_adc.o
 .debug_frame   0x0000000000000e4c      0x250 ./Drivers/STM32F4xx_HAL_Driver/Src/stm32f4xx_hal_adc_ex.o
 .debug_frame   0x000000000000109c      0x498 ./Drivers/STM32F4xx_HAL_Driver/Src/stm32f4xx_hal_cortex.o
 .debug_frame   0x0000000000001534      0x250 ./Drivers/STM32F4xx_HAL_Driver/Src/stm32f4xx_hal_dma.o
 .debug_frame   0x0000000000001784      0x14c ./Drivers/STM32F4xx_HAL_Driver/Src/stm32f4xx_hal_gpio.o
 .debug_frame   0x00000000000018d0      0xc5c ./Drivers/STM32F4xx_HAL_Driver/Src/stm32f4xx_hal_i2c.o
 .debug_frame   0x000000000000252c      0x1f4 ./Drivers/STM32F4xx_HAL_Driver/Src/stm32f4xx_hal_rcc.o
 .debug_frame   0x0000000000002720      0x1e8 ./Drivers/STM32F4xx_HAL_Driver/Src/stm32f4xx_hal_rcc_ex.o
 .debug_frame   0x0000000000002908     0x11c4 ./Drivers/STM32F4xx_HAL_Driver/Src/stm32f4xx_hal_tim.o
 .debug_frame   0x0000000000003acc      0x638 ./Drivers/STM32F4xx_HAL_Driver/Src/stm32f4xx_hal_tim_ex.o
 .debug_frame   0x0000000000004104      0x92c ./Drivers/STM32F4xx_HAL_Driver/Src/stm32f4xx_hal_uart.o
 .debug_frame   0x0000000000004a30       0x20 C:/ST/STM32CubeIDE_1.13.1/STM32CubeIDE/plugins/com.st.stm32cube.ide.mcu.externaltools.gnu-tools-for-stm32.11.3.rel1.win32_1.1.0.202305231506/tools/bin/../lib/gcc/arm-none-eabi/11.3.1/../../../../arm-none-eabi/lib/thumb/v7e-m+fp/hard\libc_nano.a(libc_a-memset.o)
 .debug_frame   0x0000000000004a50       0x2c C:/ST/STM32CubeIDE_1.13.1/STM32CubeIDE/plugins/com.st.stm32cube.ide.mcu.externaltools.gnu-tools-for-stm32.11.3.rel1.win32_1.1.0.202305231506/tools/bin/../lib/gcc/arm-none-eabi/11.3.1/../../../../arm-none-eabi/lib/thumb/v7e-m+fp/hard\libc_nano.a(libc_a-init.o)
 .debug_frame   0x0000000000004a7c       0x2c C:/ST/STM32CubeIDE_1.13.1/STM32CubeIDE/plugins/com.st.stm32cube.ide.mcu.externaltools.gnu-tools-for-stm32.11.3.rel1.win32_1.1.0.202305231506/tools/bin/../lib/gcc/arm-none-eabi/11.3.1/thumb/v7e-m+fp/hard\libgcc.a(_aeabi_uldivmod.o)
 .debug_frame   0x0000000000004aa8       0x34 C:/ST/STM32CubeIDE_1.13.1/STM32CubeIDE/plugins/com.st.stm32cube.ide.mcu.externaltools.gnu-tools-for-stm32.11.3.rel1.win32_1.1.0.202305231506/tools/bin/../lib/gcc/arm-none-eabi/11.3.1/thumb/v7e-m+fp/hard\libgcc.a(_udivmoddi4.o)

.debug_line_str
                0x0000000000000000       0x6d
 .debug_line_str
                0x0000000000000000       0x6d ./Core/Startup/startup_stm32f446retx.o
                                         0x85 (size before relaxing)
