Archive member included to satisfy reference by file (symbol)

C:/ST/STM32CubeIDE_1.13.1/STM32CubeIDE/plugins/com.st.stm32cube.ide.mcu.externaltools.gnu-tools-for-stm32.11.3.rel1.win32_1.1.1.202309131626/tools/bin/../lib/gcc/arm-none-eabi/11.3.1/../../../../arm-none-eabi/lib/thumb/v7e-m+fp/hard\libc_nano.a(libc_a-exit.o)
                              C:/ST/STM32CubeIDE_1.13.1/STM32CubeIDE/plugins/com.st.stm32cube.ide.mcu.externaltools.gnu-tools-for-stm32.11.3.rel1.win32_1.1.1.202309131626/tools/bin/../lib/gcc/arm-none-eabi/11.3.1/../../../../arm-none-eabi/lib/thumb/v7e-m+fp/hard/crt0.o (exit)
C:/ST/STM32CubeIDE_1.13.1/STM32CubeIDE/plugins/com.st.stm32cube.ide.mcu.externaltools.gnu-tools-for-stm32.11.3.rel1.win32_1.1.1.202309131626/tools/bin/../lib/gcc/arm-none-eabi/11.3.1/../../../../arm-none-eabi/lib/thumb/v7e-m+fp/hard\libc_nano.a(libc_a-findfp.o)
                              C:/ST/STM32CubeIDE_1.13.1/STM32CubeIDE/plugins/com.st.stm32cube.ide.mcu.externaltools.gnu-tools-for-stm32.11.3.rel1.win32_1.1.1.202309131626/tools/bin/../lib/gcc/arm-none-eabi/11.3.1/../../../../arm-none-eabi/lib/thumb/v7e-m+fp/hard\libc_nano.a(libc_a-exit.o) (__stdio_exit_handler)
C:/ST/STM32CubeIDE_1.13.1/STM32CubeIDE/plugins/com.st.stm32cube.ide.mcu.externaltools.gnu-tools-for-stm32.11.3.rel1.win32_1.1.1.202309131626/tools/bin/../lib/gcc/arm-none-eabi/11.3.1/../../../../arm-none-eabi/lib/thumb/v7e-m+fp/hard\libc_nano.a(libc_a-fwalk.o)
                              C:/ST/STM32CubeIDE_1.13.1/STM32CubeIDE/plugins/com.st.stm32cube.ide.mcu.externaltools.gnu-tools-for-stm32.11.3.rel1.win32_1.1.1.202309131626/tools/bin/../lib/gcc/arm-none-eabi/11.3.1/../../../../arm-none-eabi/lib/thumb/v7e-m+fp/hard\libc_nano.a(libc_a-findfp.o) (_fwalk_sglue)
C:/ST/STM32CubeIDE_1.13.1/STM32CubeIDE/plugins/com.st.stm32cube.ide.mcu.externaltools.gnu-tools-for-stm32.11.3.rel1.win32_1.1.1.202309131626/tools/bin/../lib/gcc/arm-none-eabi/11.3.1/../../../../arm-none-eabi/lib/thumb/v7e-m+fp/hard\libc_nano.a(libc_a-stdio.o)
                              C:/ST/STM32CubeIDE_1.13.1/STM32CubeIDE/plugins/com.st.stm32cube.ide.mcu.externaltools.gnu-tools-for-stm32.11.3.rel1.win32_1.1.1.202309131626/tools/bin/../lib/gcc/arm-none-eabi/11.3.1/../../../../arm-none-eabi/lib/thumb/v7e-m+fp/hard\libc_nano.a(libc_a-findfp.o) (__sread)
C:/ST/STM32CubeIDE_1.13.1/STM32CubeIDE/plugins/com.st.stm32cube.ide.mcu.externaltools.gnu-tools-for-stm32.11.3.rel1.win32_1.1.1.202309131626/tools/bin/../lib/gcc/arm-none-eabi/11.3.1/../../../../arm-none-eabi/lib/thumb/v7e-m+fp/hard\libc_nano.a(libc_a-memset.o)
                              C:/ST/STM32CubeIDE_1.13.1/STM32CubeIDE/plugins/com.st.stm32cube.ide.mcu.externaltools.gnu-tools-for-stm32.11.3.rel1.win32_1.1.1.202309131626/tools/bin/../lib/gcc/arm-none-eabi/11.3.1/../../../../arm-none-eabi/lib/thumb/v7e-m+fp/hard/crt0.o (memset)
C:/ST/STM32CubeIDE_1.13.1/STM32CubeIDE/plugins/com.st.stm32cube.ide.mcu.externaltools.gnu-tools-for-stm32.11.3.rel1.win32_1.1.1.202309131626/tools/bin/../lib/gcc/arm-none-eabi/11.3.1/../../../../arm-none-eabi/lib/thumb/v7e-m+fp/hard\libc_nano.a(libc_a-closer.o)
                              C:/ST/STM32CubeIDE_1.13.1/STM32CubeIDE/plugins/com.st.stm32cube.ide.mcu.externaltools.gnu-tools-for-stm32.11.3.rel1.win32_1.1.1.202309131626/tools/bin/../lib/gcc/arm-none-eabi/11.3.1/../../../../arm-none-eabi/lib/thumb/v7e-m+fp/hard\libc_nano.a(libc_a-stdio.o) (_close_r)
C:/ST/STM32CubeIDE_1.13.1/STM32CubeIDE/plugins/com.st.stm32cube.ide.mcu.externaltools.gnu-tools-for-stm32.11.3.rel1.win32_1.1.1.202309131626/tools/bin/../lib/gcc/arm-none-eabi/11.3.1/../../../../arm-none-eabi/lib/thumb/v7e-m+fp/hard\libc_nano.a(libc_a-reent.o)
                              C:/ST/STM32CubeIDE_1.13.1/STM32CubeIDE/plugins/com.st.stm32cube.ide.mcu.externaltools.gnu-tools-for-stm32.11.3.rel1.win32_1.1.1.202309131626/tools/bin/../lib/gcc/arm-none-eabi/11.3.1/../../../../arm-none-eabi/lib/thumb/v7e-m+fp/hard\libc_nano.a(libc_a-closer.o) (errno)
C:/ST/STM32CubeIDE_1.13.1/STM32CubeIDE/plugins/com.st.stm32cube.ide.mcu.externaltools.gnu-tools-for-stm32.11.3.rel1.win32_1.1.1.202309131626/tools/bin/../lib/gcc/arm-none-eabi/11.3.1/../../../../arm-none-eabi/lib/thumb/v7e-m+fp/hard\libc_nano.a(libc_a-impure.o)
                              C:/ST/STM32CubeIDE_1.13.1/STM32CubeIDE/plugins/com.st.stm32cube.ide.mcu.externaltools.gnu-tools-for-stm32.11.3.rel1.win32_1.1.1.202309131626/tools/bin/../lib/gcc/arm-none-eabi/11.3.1/../../../../arm-none-eabi/lib/thumb/v7e-m+fp/hard\libc_nano.a(libc_a-reent.o) (_impure_ptr)
C:/ST/STM32CubeIDE_1.13.1/STM32CubeIDE/plugins/com.st.stm32cube.ide.mcu.externaltools.gnu-tools-for-stm32.11.3.rel1.win32_1.1.1.202309131626/tools/bin/../lib/gcc/arm-none-eabi/11.3.1/../../../../arm-none-eabi/lib/thumb/v7e-m+fp/hard\libc_nano.a(libc_a-lseekr.o)
[...]
Memory Configuration

Name             Origin             Length             Attributes
RAM              0x0000000020000000 0x0000000000020000 xrw
FLASH            0x0000000008000000 0x0000000000080000 xr
*default*        0x0000000000000000 0xffffffffffffffff

Linker script and memory map

LOAD C:/ST/STM32CubeIDE_1.13.1/STM32CubeIDE/plugins/com.st.stm32cube.ide.mcu.externaltools.gnu-tools-for-stm32.11.3.rel1.win32_1.1.1.202309131626/tools/bin/../lib/gcc/arm-none-eabi/11.3.1/thumb/v7e-m+fp/hard/crti.o
LOAD C:/ST/STM32CubeIDE_1.13.1/STM32CubeIDE/plugins/com.st.stm32cube.ide.mcu.externaltools.gnu-tools-for-stm32.11.3.rel1.win32_1.1.1.202309131626/tools/bin/../lib/gcc/arm-none-eabi/11.3.1/thumb/v7e-m+fp/hard/crtbegin.o
LOAD C:/ST/STM32CubeIDE_1.13.1/STM32CubeIDE/plugins/com.st.stm32cube.ide.mcu.externaltools.gnu-tools-for-stm32.11.3.rel1.win32_1.1.1.202309131626/tools/bin/../lib/gcc/arm-none-eabi/11.3.1/../../../../arm-none-eabi/lib/thumb/v7e-m+fp/hard/crt0.o
LOAD ./Core/Src/apps/pid1/pid1.o
LOAD ./Core/Src/apps/timers/timers.o
LOAD ./Core/Src/apps/variables/variables.o
LOAD ./Core/Src/main.o
LOAD ./Core/Src/stm32f4xx_hal_msp.o
LOAD ./Core/Src/stm32f4xx_it.o
LOAD ./Core/Src/syscalls.o
LOAD ./Core/Src/sysmem.o
LOAD ./Core/Src/system_stm32f4xx.o
LOAD ./Core/Startup/startup_stm32f446retx.o
LOAD ./Drivers/STM32F4xx_HAL_Driver/Src/stm32f4xx_hal.o
LOAD ./Drivers/STM32F4xx_HAL_Driver/Src/stm32f4xx_hal_adc.o
LOAD ./Drivers/STM32F4xx_HAL_Driver/Src/stm32f4xx_hal_adc_ex.o
LOAD ./Drivers/STM32F4xx_HAL_Driver/Src/stm32f4xx_hal_cortex.o
LOAD ./Drivers/STM32F4xx_HAL_Driver/Src/stm32f4xx_hal_dma.o
LOAD ./Drivers/STM32F4xx_HAL_Driver/Src/stm32f4xx_hal_dma_ex.o
LOAD ./Drivers/STM32F4xx_HAL_Driver/Src/stm32f4xx_hal_exti.o
LOAD ./Drivers/STM32F4xx_HAL_Driver/Src/stm32f4xx_hal_flash.o
LOAD ./Drivers/STM32F4xx_HAL_Driver/Src/stm32f4xx_hal_flash_ex.o
LOAD ./Drivers/STM32F4xx_HAL_Driver/Src/stm32f4xx_hal_flash_ramfunc.o
LOAD ./Drivers/STM32F4xx_HAL_Driver/Src/stm32f4xx_hal_gpio.o
LOAD ./Drivers/STM32F4xx_HAL_Driver/Src/stm32f4xx_hal_i2c.o
LOAD ./Drivers/STM32F4xx_HAL_Driver/Src/stm32f4xx_hal_i2c_ex.o
LOAD ./Drivers/STM32F4xx_HAL_Driver/Src/stm32f4xx_hal_pwr.o
LOAD ./Drivers/STM32F4xx_HAL_Driver/Src/stm32f4xx_hal_pwr_ex.o
LOAD ./Drivers/STM32F4xx_HAL_Driver/Src/stm32f4xx_hal_rcc.o
LOAD ./Drivers/STM32F4xx_HAL_Driver/Src/stm32f4xx_hal_rcc_ex.o
LOAD ./Drivers/STM32F4xx_HAL_Driver/Src/stm32f4xx_hal_tim.o
LOAD ./Drivers/STM32F4xx_HAL_Driver/Src/stm32f4xx_hal_tim_ex.o
LOAD ./Drivers/STM32F4xx_HAL_Driver/Src/stm32f4xx_hal_uart.o
LOAD ./Drivers/STM32F4xx_HAL_Driver/Src/stm32f4xx_ll_adc.o
START GROUP
LOAD C:/ST/STM32CubeIDE_1.13.1/STM32CubeIDE/plugins/com.st.stm32cube.ide.mcu.externaltools.gnu-tools-for-stm32.11.3.rel1.win32_1.1.1.202309131626/tools/bin/../lib/gcc/arm-none-eabi/11.3.1/../../../../arm-none-eabi/lib/thumb/v7e-m+fp/hard\libc_nano.a
LOAD C:/ST/STM32CubeIDE_1.13.1/STM32CubeIDE/plugins/com.st.stm32cube.ide.mcu.externaltools.gnu-tools-for-stm32.11.3.rel1.win32_1.1.1.202309131626/tools/bin/../lib/gcc/arm-none-eabi/11.3.1/../../../../arm-none-eabi/lib/thumb/v7e-m+fp/hard\libm.a
END GROUP
START GROUP
LOAD C:/ST/STM32CubeIDE_1.13.1/STM32CubeIDE/plugins/com.st.stm32cube.ide.mcu.externaltools.gnu-tools-for-stm32.11.3.rel1.win32_1.1.1.202309131626/tools/bin/../lib/gcc/arm-none-eabi/11.3.1/thumb/v7e-m+fp/hard\libgcc.a
LOAD C:/ST/STM32CubeIDE_1.13.1/STM32CubeIDE/plugins/com.st.stm32cube.ide.mcu.externaltools.gnu-tools-for-stm32.11.3.rel1.win32_1.1.1.202309131626/tools/bin/../lib/gcc/arm-none-eabi/11.3.1/../../../../arm-none-eabi/lib/thumb/v7e-m+fp/hard\libc_nano.a
END GROUP
START GROUP
LOAD C:/ST/STM32CubeIDE_1.13.1/STM32CubeIDE/plugins/com.st.stm32cube.ide.mcu.externaltools.gnu-tools-for-stm32.11.3.rel1.win32_1.1.1.202309131626/tools/bin/../lib/gcc/arm-none-eabi/11.3.1/thumb/v7e-m+fp/hard\libgcc.a
LOAD C:/ST/STM32CubeIDE_1.13.1/STM32CubeIDE/plugins/com.st.stm32cube.ide.mcu.externaltools.gnu-tools-for-stm32.11.3.rel1.win32_1.1.1.202309131626/tools/bin/../lib/gcc/arm-none-eabi/11.3.1/../../../../arm-none-eabi/lib/thumb/v7e-m+fp/hard\libc_nano.a
LOAD C:/ST/STM32CubeIDE_1.13.1/STM32CubeIDE/plugins/com.st.stm32cube.ide.mcu.externaltools.gnu-tools-for-stm32.11.3.rel1.win32_1.1.1.202309131626/tools/bin/../lib/gcc/arm-none-eabi/11.3.1/../../../../arm-none-eabi/lib/thumb/v7e-m+fp/hard\libnosys.a
END GROUP
START GROUP
LOAD C:/ST/STM32CubeIDE_1.13.1/STM32CubeIDE/plugins/com.st.stm32cube.ide.mcu.externaltools.gnu-tools-for-stm32.11.3.rel1.win32_1.1.1.202309131626/tools/bin/../lib/gcc/arm-none-eabi/11.3.1/thumb/v7e-m+fp/hard\libgcc.a
LOAD C:/ST/STM32CubeIDE_1.13.1/STM32CubeIDE/plugins/com.st.stm32cube.ide.mcu.externaltools.gnu-tools-for-stm32.11.3.rel1.win32_1.1.1.202309131626/tools/bin/../lib/gcc/arm-none-eabi/11.3.1/../../../../arm-none-eabi/lib/thumb/v7e-m+fp/hard\libc_nano.a
LOAD C:/ST/STM32CubeIDE_1.13.1/STM32CubeIDE/plugins/com.st.stm32cube.ide.mcu.externaltools.gnu-tools-for-stm32.11.3.rel1.win32_1.1.1.202309131626/tools/bin/../lib/gcc/arm-none-eabi/11.3.1/../../../../arm-none-eabi/lib/thumb/v7e-m+fp/hard\libnosys.a
END GROUP
LOAD C:/ST/STM32CubeIDE_1.13.1/STM32CubeIDE/plugins/com.st.stm32cube.ide.mcu.externaltools.gnu-tools-for-stm32.11.3.rel1.win32_1.1.1.202309131626/tools/bin/../lib/gcc/arm-none-eabi/11.3.1/thumb/v7e-m+fp/hard/crtend.o
LOAD C:/ST/STM32CubeIDE_1.13.1/STM32CubeIDE/plugins/com.st.stm32cube.ide.mcu.externaltools.gnu-tools-for-stm32.11.3.rel1.win32_1.1.1.202309131626/tools/bin/../lib/gcc/arm-none-eabi/11.3.1/thumb/v7e-m+fp/hard/crtn.o
                0x0000000020020000                _estack = (ORIGIN (RAM) + LENGTH (RAM))
                0x0000000000000200                _Min_Heap_Size = 0x200
                0x0000000000000400                _Min_Stack_Size = 0x400

.isr_vector     0x0000000008000000      0x1c4
                0x0000000008000000                . = ALIGN (0x4)
 *(.isr_vector)
 .isr_vector    0x0000000008000000      0x1c4 ./Core/Startup/startup_stm32f446retx.o
                0x0000000008000000                g_pfnVectors
                0x00000000080001c4                . = ALIGN (0x4)

.text           0x00000000080001c4     0x547c
                0x00000000080001c4                . = ALIGN (0x4)
 *(.text)
 .text          0x00000000080001c4       0x40 C:/ST/STM32CubeIDE_1.13.1/STM32CubeIDE/plugins/com.st.stm32cube.ide.mcu.externaltools.gnu-tools-for-stm32.11.3.rel1.win32_1.1.1.202309131626/tools/bin/../lib/gcc/arm-none-eabi/11.3.1/thumb/v7e-m+fp/hard/crtbegin.o
 .text          0x0000000008000204       0x30 C:/ST/STM32CubeIDE_1.13.1/STM32CubeIDE/plugins/com.st.stm32cube.ide.mcu.externaltools.gnu-tools-for-stm32.11.3.rel1.win32_1.1.1.202309131626/tools/bin/../lib/gcc/arm-none-eabi/11.3.1/thumb/v7e-m+fp/hard\libgcc.a(_aeabi_uldivmod.o)
                0x0000000008000204                __aeabi_uldivmod
 .text          0x0000000008000234      0x2c8 C:/ST/STM32CubeIDE_1.13.1/STM32CubeIDE/plugins/com.st.stm32cube.ide.mcu.externaltools.gnu-tools-for-stm32.11.3.rel1.win32_1.1.1.202309131626/tools/bin/../lib/gcc/arm-none-eabi/11.3.1/thumb/v7e-m+fp/hard\libgcc.a(_udivmoddi4.o)
                0x0000000008000234                __udivmoddi4
 .text          0x00000000080004fc        0x4 C:/ST/STM32CubeIDE_1.13.1/STM32CubeIDE/plugins/com.st.stm32cube.ide.mcu.externaltools.gnu-tools-for-stm32.11.3.rel1.win32_1.1.1.202309131626/tools/bin/../lib/gcc/arm-none-eabi/11.3.1/thumb/v7e-m+fp/hard\libgcc.a(_dvmd_tls.o)
                0x00000000080004fc                __aeabi_idiv0
                0x00000000080004fc                __aeabi_ldiv0
 *(.text*)
 .text.pid1     0x0000000008000500       0x84 ./Core/Src/apps/pid1/pid1.o
                0x0000000008000500                pid1
 .text.mover    0x0000000008000584       0x9c ./Core/Src/apps/pid1/pid1.o
                0x0000000008000584                mover
 .text.HAL_TIM_PeriodElapsedCallback
                0x0000000008000620      0x154 ./Core/Src/apps/timers/timers.o
                0x0000000008000620                HAL_TIM_PeriodElapsedCallback
 .text.setPedal
                0x0000000008000774       0x3c ./Core/Src/apps/variables/variables.o
                0x0000000008000774                setPedal
 .text.getPedal
                0x00000000080007b0       0x18 ./Core/Src/apps/variables/variables.o
                0x00000000080007b0                getPedal
 .text.setAngulo
                0x00000000080007c8       0x38 ./Core/Src/apps/variables/variables.o
                0x00000000080007c8                setAngulo
 .text.getAngulo
                0x0000000008000800       0x18 ./Core/Src/apps/variables/variables.o
                0x0000000008000800                getAngulo
 .text.setVolante
                0x0000000008000818       0x3c ./Core/Src/apps/variables/variables.o
                0x0000000008000818                setVolante
 .text.getVolante
                0x0000000008000854       0x18 ./Core/Src/apps/variables/variables.o
                0x0000000008000854                getVolante
 .text.setCambio
                0x000000000800086c       0x20 ./Core/Src/apps/variables/variables.o
                0x000000000800086c                setCambio
 .text.getCambio
                0x000000000800088c       0x18 ./Core/Src/apps/variables/variables.o
                0x000000000800088c                getCambio
 .text.HAL_UART_TxCpltCallback
                0x00000000080008a4       0x94 ./Core/Src/main.o
                0x00000000080008a4                HAL_UART_TxCpltCallback
 .text.HAL_UART_RxCpltCallback
                0x0000000008000938       0xac ./Core/Src/main.o
                0x0000000008000938                HAL_UART_RxCpltCallback
 .text.HAL_TIM_IC_CaptureCallback
                0x00000000080009e4       0x2c ./Core/Src/main.o
                0x00000000080009e4                HAL_TIM_IC_CaptureCallback
 .text.HAL_ADC_ConvCpltCallback
                0x0000000008000a10       0x44 ./Core/Src/main.o
                0x0000000008000a10                HAL_ADC_ConvCpltCallback
 .text.main     0x0000000008000a54       0x90 ./Core/Src/main.o
                0x0000000008000a54                main
 .text.SystemClock_Config
                0x0000000008000ae4       0xdc ./Core/Src/main.o
                0x0000000008000ae4                SystemClock_Config
 .text.MX_ADC1_Init
                0x0000000008000bc0       0xa4 ./Core/Src/main.o
 .text.MX_ADC2_Init
                0x0000000008000c64       0xa4 ./Core/Src/main.o
 .text.MX_I2C1_Init
                0x0000000008000d08       0x5c ./Core/Src/main.o
 .text.MX_TIM1_Init
                0x0000000008000d64      0x14c ./Core/Src/main.o
 .text.MX_TIM2_Init
                0x0000000008000eb0       0xa8 ./Core/Src/main.o
 .text.MX_TIM10_Init
                0x0000000008000f58       0x48 ./Core/Src/main.o
 .text.MX_UART4_Init
                0x0000000008000fa0       0x54 ./Core/Src/main.o
 .text.MX_USART2_UART_Init
                0x0000000008000ff4       0x54 ./Core/Src/main.o
 .text.MX_GPIO_Init
                0x0000000008001048       0x88 ./Core/Src/main.o
 .text.Error_Handler
                0x00000000080010d0        0xa ./Core/Src/main.o
                0x00000000080010d0                Error_Handler
 *fill*         0x00000000080010da        0x2 
 .text.HAL_MspInit
                0x00000000080010dc       0x50 ./Core/Src/stm32f4xx_hal_msp.o
                0x00000000080010dc                HAL_MspInit
 .text.HAL_ADC_MspInit
                0x000000000800112c      0x108 ./Core/Src/stm32f4xx_hal_msp.o
                0x000000000800112c                HAL_ADC_MspInit
 .text.HAL_I2C_MspInit
                0x0000000008001234       0x90 ./Core/Src/stm32f4xx_hal_msp.o
                0x0000000008001234                HAL_I2C_MspInit
 .text.HAL_TIM_PWM_MspInit
                0x00000000080012c4       0x50 ./Core/Src/stm32f4xx_hal_msp.o
                0x00000000080012c4                HAL_TIM_PWM_MspInit
 .text.HAL_TIM_Encoder_MspInit
                0x0000000008001314       0x9c ./Core/Src/stm32f4xx_hal_msp.o
                0x0000000008001314                HAL_TIM_Encoder_MspInit
 .text.HAL_TIM_Base_MspInit
                0x00000000080013b0       0x50 ./Core/Src/stm32f4xx_hal_msp.o
                0x00000000080013b0                HAL_TIM_Base_MspInit
 .text.HAL_TIM_MspPostInit
                0x0000000008001400       0x74 ./Core/Src/stm32f4xx_hal_msp.o
                0x0000000008001400                HAL_TIM_MspPostInit
 .text.HAL_UART_MspInit
                0x0000000008001474      0x11c ./Core/Src/stm32f4xx_hal_msp.o
                0x0000000008001474                HAL_UART_MspInit
 .text.NMI_Handler
                0x0000000008001590        0x6 ./Core/Src/stm32f4xx_it.o
                0x0000000008001590                NMI_Handler
 .text.HardFault_Handler
                0x0000000008001596        0x6 ./Core/Src/stm32f4xx_it.o
                0x0000000008001596                HardFault_Handler
 .text.MemManage_Handler
                0x000000000800159c        0x6 ./Core/Src/stm32f4xx_it.o
                0x000000000800159c                MemManage_Handler
 .text.BusFault_Handler
                0x00000000080015a2        0x6 ./Core/Src/stm32f4xx_it.o
                0x00000000080015a2                BusFault_Handler
 .text.UsageFault_Handler
                0x00000000080015a8        0x6 ./Core/Src/stm32f4xx_it.o
                0x00000000080015a8                UsageFault_Handler
 .text.SVC_Handler
                0x00000000080015ae        0xe ./Core/Src/stm32f4xx_it.o
                0x00000000080015ae                SVC_Handler
 .text.DebugMon_Handler
                0x00000000080015bc        0xe ./Core/Src/stm32f4xx_it.o
                0x00000000080015bc                DebugMon_Handler
 .text.PendSV_Handler
                0x00000000080015ca        0xe ./Core/Src/stm32f4xx_it.o
                0x00000000080015ca                PendSV_Handler
 .text.SysTick_Handler
                0x00000000080015d8        0xc ./Core/Src/stm32f4xx_it.o
                0x00000000080015d8                SysTick_Handler
 .text.ADC_IRQHandler
                0x00000000080015e4       0x1c ./Core/Src/stm32f4xx_it.o
                0x00000000080015e4                ADC_IRQHandler
 .text.TIM1_UP_TIM10_IRQHandler
                0x0000000008001600       0x1c ./Core/Src/stm32f4xx_it.o
                0x0000000008001600                TIM1_UP_TIM10_IRQHandler
 .text.TIM2_IRQHandler
                0x000000000800161c       0x14 ./Core/Src/stm32f4xx_it.o
                0x000000000800161c                TIM2_IRQHandler
 .text.USART2_IRQHandler
                0x0000000008001630       0x14 ./Core/Src/stm32f4xx_it.o
                0x0000000008001630                USART2_IRQHandler
 .text.UART4_IRQHandler
                0x0000000008001644       0x14 ./Core/Src/stm32f4xx_it.o
                0x0000000008001644                UART4_IRQHandler
 .text.SystemInit
                0x0000000008001658       0x24 ./Core/Src/system_stm32f4xx.o
                0x0000000008001658                SystemInit
 .text.Reset_Handler
                0x000000000800167c       0x50 ./Core/Startup/startup_stm32f446retx.o
                0x000000000800167c                Reset_Handler
 .text.Default_Handler
                0x00000000080016cc        0x2 ./Core/Startup/startup_stm32f446retx.o
                0x00000000080016cc                RTC_Alarm_IRQHandler
                0x00000000080016cc                EXTI2_IRQHandler
                0x00000000080016cc                TIM8_CC_IRQHandler
                0x00000000080016cc                FMPI2C1_EV_IRQHandler
                0x00000000080016cc                SPI4_IRQHandler
                0x00000000080016cc                TIM1_CC_IRQHandler
                0x00000000080016cc                DMA2_Stream5_IRQHandler
                0x00000000080016cc                DMA1_Stream5_IRQHandler
                0x00000000080016cc                PVD_IRQHandler
                0x00000000080016cc                SDIO_IRQHandler
                0x00000000080016cc                TAMP_STAMP_IRQHandler
                0x00000000080016cc                CAN2_RX1_IRQHandler
                0x00000000080016cc                EXTI3_IRQHandler
                0x00000000080016cc                TIM8_TRG_COM_TIM14_IRQHandler
                0x00000000080016cc                TIM8_UP_TIM13_IRQHandler
                0x00000000080016cc                I2C3_ER_IRQHandler
                0x00000000080016cc                EXTI0_IRQHandler
                0x00000000080016cc                I2C2_EV_IRQHandler
                0x00000000080016cc                DMA1_Stream2_IRQHandler
                0x00000000080016cc                CAN1_RX0_IRQHandler
                0x00000000080016cc                FPU_IRQHandler
                0x00000000080016cc                OTG_HS_WKUP_IRQHandler
                0x00000000080016cc                CAN2_SCE_IRQHandler
                0x00000000080016cc                DMA2_Stream2_IRQHandler
                0x00000000080016cc                SPI1_IRQHandler
                0x00000000080016cc                TIM6_DAC_IRQHandler
                0x00000000080016cc                TIM1_BRK_TIM9_IRQHandler
                0x00000000080016cc                DCMI_IRQHandler
                0x00000000080016cc                CAN2_RX0_IRQHandler
                0x00000000080016cc                DMA2_Stream3_IRQHandler
                0x00000000080016cc                SAI2_IRQHandler
                0x00000000080016cc                USART6_IRQHandler
                0x00000000080016cc                USART3_IRQHandler
                0x00000000080016cc                CAN1_RX1_IRQHandler
                0x00000000080016cc                UART5_IRQHandler
                0x00000000080016cc                DMA2_Stream0_IRQHandler
                0x00000000080016cc                TIM4_IRQHandler
                0x00000000080016cc                QUADSPI_IRQHandler
                0x00000000080016cc                I2C1_EV_IRQHandler
                0x00000000080016cc                DMA1_Stream6_IRQHandler
                0x00000000080016cc                DMA1_Stream1_IRQHandler
                0x00000000080016cc                TIM3_IRQHandler
                0x00000000080016cc                RCC_IRQHandler
                0x00000000080016cc                TIM8_BRK_TIM12_IRQHandler
                0x00000000080016cc                Default_Handler
                0x00000000080016cc                CEC_IRQHandler
                0x00000000080016cc                EXTI15_10_IRQHandler
                0x00000000080016cc                DMA1_Stream7_IRQHandler
                0x00000000080016cc                TIM7_IRQHandler
                0x00000000080016cc                CAN2_TX_IRQHandler
                0x00000000080016cc                TIM5_IRQHandler
                0x00000000080016cc                DMA2_Stream7_IRQHandler
                0x00000000080016cc                I2C3_EV_IRQHandler
                0x00000000080016cc                EXTI9_5_IRQHandler
                0x00000000080016cc                RTC_WKUP_IRQHandler
                0x00000000080016cc                SPDIF_RX_IRQHandler
                0x00000000080016cc                SPI2_IRQHandler
                0x00000000080016cc                OTG_HS_EP1_IN_IRQHandler
                0x00000000080016cc                DMA1_Stream0_IRQHandler
                0x00000000080016cc                CAN1_TX_IRQHandler
                0x00000000080016cc                FMPI2C1_ER_IRQHandler
                0x00000000080016cc                EXTI4_IRQHandler
                0x00000000080016cc                OTG_HS_EP1_OUT_IRQHandler
                0x00000000080016cc                WWDG_IRQHandler
                0x00000000080016cc                OTG_FS_WKUP_IRQHandler
                0x00000000080016cc                TIM1_TRG_COM_TIM11_IRQHandler
                0x00000000080016cc                OTG_HS_IRQHandler
                0x00000000080016cc                EXTI1_IRQHandler
                0x00000000080016cc                I2C2_ER_IRQHandler
                0x00000000080016cc                DMA2_Stream1_IRQHandler
                0x00000000080016cc                CAN1_SCE_IRQHandler
                0x00000000080016cc                FLASH_IRQHandler
                0x00000000080016cc                DMA2_Stream4_IRQHandler
                0x00000000080016cc                USART1_IRQHandler
                0x00000000080016cc                OTG_FS_IRQHandler
                0x00000000080016cc                SPI3_IRQHandler
                0x00000000080016cc                DMA1_Stream4_IRQHandler
                0x00000000080016cc                I2C1_ER_IRQHandler
                0x00000000080016cc                FMC_IRQHandler
                0x00000000080016cc                DMA2_Stream6_IRQHandler
                0x00000000080016cc                SAI1_IRQHandler
                0x00000000080016cc                DMA1_Stream3_IRQHandler
 *fill*         0x00000000080016ce        0x2 
 .text.HAL_Init
                0x00000000080016d0       0x44 ./Drivers/STM32F4xx_HAL_Driver/Src/stm32f4xx_hal.o
                0x00000000080016d0                HAL_Init
 .text.HAL_InitTick
                0x0000000008001714       0x60 ./Drivers/STM32F4xx_HAL_Driver/Src/stm32f4xx_hal.o
                0x0000000008001714                HAL_InitTick
 .text.HAL_IncTick
                0x0000000008001774       0x28 ./Drivers/STM32F4xx_HAL_Driver/Src/stm32f4xx_hal.o
                0x0000000008001774                HAL_IncTick
 .text.HAL_GetTick
                0x000000000800179c       0x18 ./Drivers/STM32F4xx_HAL_Driver/Src/stm32f4xx_hal.o
                0x000000000800179c                HAL_GetTick
 .text.HAL_ADC_Init
                0x00000000080017b4       0x86 ./Drivers/STM32F4xx_HAL_Driver/Src/stm32f4xx_hal_adc.o
                0x00000000080017b4                HAL_ADC_Init
 *fill*         0x000000000800183a        0x2 
 .text.HAL_ADC_Start_IT
                0x000000000800183c      0x1bc ./Drivers/STM32F4xx_HAL_Driver/Src/stm32f4xx_hal_adc.o
                0x000000000800183c                HAL_ADC_Start_IT
 .text.HAL_ADC_IRQHandler
                0x00000000080019f8      0x220 ./Drivers/STM32F4xx_HAL_Driver/Src/stm32f4xx_hal_adc.o
                0x00000000080019f8                HAL_ADC_IRQHandler
 .text.HAL_ADC_GetValue
                0x0000000008001c18       0x1a ./Drivers/STM32F4xx_HAL_Driver/Src/stm32f4xx_hal_adc.o
                0x0000000008001c18                HAL_ADC_GetValue
 .text.HAL_ADC_LevelOutOfWindowCallback
                0x0000000008001c32       0x14 ./Drivers/STM32F4xx_HAL_Driver/Src/stm32f4xx_hal_adc.o
                0x0000000008001c32                HAL_ADC_LevelOutOfWindowCallback
 .text.HAL_ADC_ErrorCallback
                0x0000000008001c46       0x14 ./Drivers/STM32F4xx_HAL_Driver/Src/stm32f4xx_hal_adc.o
                0x0000000008001c46                HAL_ADC_ErrorCallback
 *fill*         0x0000000008001c5a        0x2 
 .text.HAL_ADC_ConfigChannel
                0x0000000008001c5c      0x264 ./Drivers/STM32F4xx_HAL_Driver/Src/stm32f4xx_hal_adc.o
                0x0000000008001c5c                HAL_ADC_ConfigChannel
 .text.ADC_Init
                0x0000000008001ec0      0x1f8 ./Drivers/STM32F4xx_HAL_Driver/Src/stm32f4xx_hal_adc.o
 .text.HAL_ADCEx_InjectedConvCpltCallback
                0x00000000080020b8       0x14 ./Drivers/STM32F4xx_HAL_Driver/Src/stm32f4xx_hal_adc_ex.o
                0x00000000080020b8                HAL_ADCEx_InjectedConvCpltCallback
 .text.__NVIC_SetPriorityGrouping
                0x00000000080020cc       0x48 ./Drivers/STM32F4xx_HAL_Driver/Src/stm32f4xx_hal_cortex.o
 .text.__NVIC_GetPriorityGrouping
                0x0000000008002114       0x1c ./Drivers/STM32F4xx_HAL_Driver/Src/stm32f4xx_hal_cortex.o
 .text.__NVIC_EnableIRQ
                0x0000000008002130       0x3c ./Drivers/STM32F4xx_HAL_Driver/Src/stm32f4xx_hal_cortex.o
 .text.__NVIC_SetPriority
                0x000000000800216c       0x54 ./Drivers/STM32F4xx_HAL_Driver/Src/stm32f4xx_hal_cortex.o
 .text.NVIC_EncodePriority
                0x00000000080021c0       0x66 ./Drivers/STM32F4xx_HAL_Driver/Src/stm32f4xx_hal_cortex.o
 *fill*         0x0000000008002226        0x2 
 .text.SysTick_Config
                0x0000000008002228       0x44 ./Drivers/STM32F4xx_HAL_Driver/Src/stm32f4xx_hal_cortex.o
 .text.HAL_NVIC_SetPriorityGrouping
                0x000000000800226c       0x16 ./Drivers/STM32F4xx_HAL_Driver/Src/stm32f4xx_hal_cortex.o
                0x000000000800226c                HAL_NVIC_SetPriorityGrouping
 .text.HAL_NVIC_SetPriority
                0x0000000008002282       0x38 ./Drivers/STM32F4xx_HAL_Driver/Src/stm32f4xx_hal_cortex.o
                0x0000000008002282                HAL_NVIC_SetPriority
 .text.HAL_NVIC_EnableIRQ
                0x00000000080022ba       0x1c ./Drivers/STM32F4xx_HAL_Driver/Src/stm32f4xx_hal_cortex.o
                0x00000000080022ba                HAL_NVIC_EnableIRQ
 .text.HAL_SYSTICK_Config
                0x00000000080022d6       0x18 ./Drivers/STM32F4xx_HAL_Driver/Src/stm32f4xx_hal_cortex.o
                0x00000000080022d6                HAL_SYSTICK_Config
 .text.HAL_DMA_Abort
                0x00000000080022ee       0xe0 ./Drivers/STM32F4xx_HAL_Driver/Src/stm32f4xx_hal_dma.o
                0x00000000080022ee                HAL_DMA_Abort
 .text.HAL_DMA_Abort_IT
                0x00000000080023ce       0x44 ./Drivers/STM32F4xx_HAL_Driver/Src/stm32f4xx_hal_dma.o
                0x00000000080023ce                HAL_DMA_Abort_IT
 *fill*         0x0000000008002412        0x2 
 .text.HAL_GPIO_Init
                0x0000000008002414      0x328 ./Drivers/STM32F4xx_HAL_Driver/Src/stm32f4xx_hal_gpio.o
                0x0000000008002414                HAL_GPIO_Init
 .text.HAL_I2C_Init
                0x000000000800273c      0x288 ./Drivers/STM32F4xx_HAL_Driver/Src/stm32f4xx_hal_i2c.o
                0x000000000800273c                HAL_I2C_Init
 .text.HAL_RCC_ClockConfig
                0x00000000080029c4      0x1cc ./Drivers/STM32F4xx_HAL_Driver/Src/stm32f4xx_hal_rcc.o
                0x00000000080029c4                HAL_RCC_ClockConfig
 .text.HAL_RCC_GetHCLKFreq
                0x0000000008002b90       0x18 ./Drivers/STM32F4xx_HAL_Driver/Src/stm32f4xx_hal_rcc.o
                0x0000000008002b90                HAL_RCC_GetHCLKFreq
 .text.HAL_RCC_GetPCLK1Freq
                0x0000000008002ba8       0x28 ./Drivers/STM32F4xx_HAL_Driver/Src/stm32f4xx_hal_rcc.o
                0x0000000008002ba8                HAL_RCC_GetPCLK1Freq
 .text.HAL_RCC_GetPCLK2Freq
                0x0000000008002bd0       0x28 ./Drivers/STM32F4xx_HAL_Driver/Src/stm32f4xx_hal_rcc.o
                0x0000000008002bd0                HAL_RCC_GetPCLK2Freq
 .text.HAL_RCC_GetSysClockFreq
                0x0000000008002bf8      0x460 ./Drivers/STM32F4xx_HAL_Driver/Src/stm32f4xx_hal_rcc_ex.o
                0x0000000008002bf8                HAL_RCC_GetSysClockFreq
 .text.HAL_RCC_OscConfig
                0x0000000008003058      0x53c ./Drivers/STM32F4xx_HAL_Driver/Src/stm32f4xx_hal_rcc_ex.o
                0x0000000008003058                HAL_RCC_OscConfig
 .text.HAL_TIM_Base_Init
                0x0000000008003594       0x9e ./Drivers/STM32F4xx_HAL_Driver/Src/stm32f4xx_hal_tim.o
                0x0000000008003594                HAL_TIM_Base_Init
 *fill*         0x0000000008003632        0x2 
 .text.HAL_TIM_Base_Start_IT
                0x0000000008003634       0xe0 ./Drivers/STM32F4xx_HAL_Driver/Src/stm32f4xx_hal_tim.o
                0x0000000008003634                HAL_TIM_Base_Start_IT
 .text.HAL_TIM_PWM_Init
                0x0000000008003714       0x9e ./Drivers/STM32F4xx_HAL_Driver/Src/stm32f4xx_hal_tim.o
                0x0000000008003714                HAL_TIM_PWM_Init
 *fill*         0x00000000080037b2        0x2 
 .text.HAL_TIM_PWM_Start
                0x00000000080037b4      0x190 ./Drivers/STM32F4xx_HAL_Driver/Src/stm32f4xx_hal_tim.o
                0x00000000080037b4                HAL_TIM_PWM_Start
 .text.HAL_TIM_Encoder_Init
                0x0000000008003944      0x14c ./Drivers/STM32F4xx_HAL_Driver/Src/stm32f4xx_hal_tim.o
                0x0000000008003944                HAL_TIM_Encoder_Init
 .text.HAL_TIM_Encoder_Start_IT
                0x0000000008003a90      0x15c ./Drivers/STM32F4xx_HAL_Driver/Src/stm32f4xx_hal_tim.o
                0x0000000008003a90                HAL_TIM_Encoder_Start_IT
 .text.HAL_TIM_IRQHandler
                0x0000000008003bec      0x210 ./Drivers/STM32F4xx_HAL_Driver/Src/stm32f4xx_hal_tim.o
                0x0000000008003bec                HAL_TIM_IRQHandler
 .text.HAL_TIM_PWM_ConfigChannel
                0x0000000008003dfc      0x184 ./Drivers/STM32F4xx_HAL_Driver/Src/stm32f4xx_hal_tim.o
                0x0000000008003dfc                HAL_TIM_PWM_ConfigChannel
 .text.HAL_TIM_OC_DelayElapsedCallback
                0x0000000008003f80       0x14 ./Drivers/STM32F4xx_HAL_Driver/Src/stm32f4xx_hal_tim.o
                0x0000000008003f80                HAL_TIM_OC_DelayElapsedCallback
 .text.HAL_TIM_PWM_PulseFinishedCallback
                0x0000000008003f94       0x14 ./Drivers/STM32F4xx_HAL_Driver/Src/stm32f4xx_hal_tim.o
                0x0000000008003f94                HAL_TIM_PWM_PulseFinishedCallback
 .text.HAL_TIM_TriggerCallback
                0x0000000008003fa8       0x14 ./Drivers/STM32F4xx_HAL_Driver/Src/stm32f4xx_hal_tim.o
                0x0000000008003fa8                HAL_TIM_TriggerCallback
 .text.TIM_Base_SetConfig
                0x0000000008003fbc      0x140 ./Drivers/STM32F4xx_HAL_Driver/Src/stm32f4xx_hal_tim.o
                0x0000000008003fbc                TIM_Base_SetConfig
 .text.TIM_OC1_SetConfig
                0x00000000080040fc       0xe0 ./Drivers/STM32F4xx_HAL_Driver/Src/stm32f4xx_hal_tim.o
 .text.TIM_OC2_SetConfig
                0x00000000080041dc       0xec ./Drivers/STM32F4xx_HAL_Driver/Src/stm32f4xx_hal_tim.o
                0x00000000080041dc                TIM_OC2_SetConfig
 .text.TIM_OC3_SetConfig
                0x00000000080042c8       0xe8 ./Drivers/STM32F4xx_HAL_Driver/Src/stm32f4xx_hal_tim.o
 .text.TIM_OC4_SetConfig
                0x00000000080043b0       0xac ./Drivers/STM32F4xx_HAL_Driver/Src/stm32f4xx_hal_tim.o
 .text.TIM_CCxChannelCmd
                0x000000000800445c       0x4a ./Drivers/STM32F4xx_HAL_Driver/Src/stm32f4xx_hal_tim.o
                0x000000000800445c                TIM_CCxChannelCmd
 *fill*         0x00000000080044a6        0x2 
 .text.HAL_TIMEx_MasterConfigSynchronization
                0x00000000080044a8       0xf8 ./Drivers/STM32F4xx_HAL_Driver/Src/stm32f4xx_hal_tim_ex.o
                0x00000000080044a8                HAL_TIMEx_MasterConfigSynchronization
 .text.HAL_TIMEx_ConfigBreakDeadTime
                0x00000000080045a0       0xa4 ./Drivers/STM32F4xx_HAL_Driver/Src/stm32f4xx_hal_tim_ex.o
                0x00000000080045a0                HAL_TIMEx_ConfigBreakDeadTime
 .text.HAL_TIMEx_CommutCallback
                0x0000000008004644       0x14 ./Drivers/STM32F4xx_HAL_Driver/Src/stm32f4xx_hal_tim_ex.o
                0x0000000008004644                HAL_TIMEx_CommutCallback
 .text.HAL_TIMEx_BreakCallback
                0x0000000008004658       0x14 ./Drivers/STM32F4xx_HAL_Driver/Src/stm32f4xx_hal_tim_ex.o
                0x0000000008004658                HAL_TIMEx_BreakCallback
 .text.HAL_UART_Init
                0x000000000800466c       0x9a ./Drivers/STM32F4xx_HAL_Driver/Src/stm32f4xx_hal_uart.o
                0x000000000800466c                HAL_UART_Init
 .text.HAL_UART_Transmit_IT
                0x0000000008004706       0x8a ./Drivers/STM32F4xx_HAL_Driver/Src/stm32f4xx_hal_uart.o
                0x0000000008004706                HAL_UART_Transmit_IT
 .text.HAL_UART_Receive_IT
                0x0000000008004790       0x60 ./Drivers/STM32F4xx_HAL_Driver/Src/stm32f4xx_hal_uart.o
                0x0000000008004790                HAL_UART_Receive_IT
 .text.HAL_UART_IRQHandler
                0x00000000080047f0      0x51c ./Drivers/STM32F4xx_HAL_Driver/Src/stm32f4xx_hal_uart.o
                0x00000000080047f0                HAL_UART_IRQHandler
 .text.HAL_UART_ErrorCallback
                0x0000000008004d0c       0x14 ./Drivers/STM32F4xx_HAL_Driver/Src/stm32f4xx_hal_uart.o
                0x0000000008004d0c                HAL_UART_ErrorCallback
 .text.HAL_UARTEx_RxEventCallback
                0x0000000008004d20       0x18 ./Drivers/STM32F4xx_HAL_Driver/Src/stm32f4xx_hal_uart.o
                0x0000000008004d20                HAL_UARTEx_RxEventCallback
 .text.UART_Start_Receive_IT
                0x0000000008004d38       0x7c ./Drivers/STM32F4xx_HAL_Driver/Src/stm32f4xx_hal_uart.o
                0x0000000008004d38                UART_Start_Receive_IT
 .text.UART_EndRxTransfer
                0x0000000008004db4       0xc6 ./Drivers/STM32F4xx_HAL_Driver/Src/stm32f4xx_hal_uart.o
 .text.UART_DMAAbortOnError
                0x0000000008004e7a       0x28 ./Drivers/STM32F4xx_HAL_Driver/Src/stm32f4xx_hal_uart.o
 .text.UART_Transmit_IT
                0x0000000008004ea2       0xa0 ./Drivers/STM32F4xx_HAL_Driver/Src/stm32f4xx_hal_uart.o
 .text.UART_EndTransmit_IT
                0x0000000008004f42       0x30 ./Drivers/STM32F4xx_HAL_Driver/Src/stm32f4xx_hal_uart.o
 .text.UART_Receive_IT
                0x0000000008004f72      0x176 ./Drivers/STM32F4xx_HAL_Driver/Src/stm32f4xx_hal_uart.o
 .text.UART_SetConfig
                0x00000000080050e8      0x4e8 ./Drivers/STM32F4xx_HAL_Driver/Src/stm32f4xx_hal_uart.o
 .text.memset   0x00000000080055d0       0x10 C:/ST/STM32CubeIDE_1.13.1/STM32CubeIDE/plugins/com.st.stm32cube.ide.mcu.externaltools.gnu-tools-for-stm32.11.3.rel1.win32_1.1.1.202309131626/tools/bin/../lib/gcc/arm-none-eabi/11.3.1/../../../../arm-none-eabi/lib/thumb/v7e-m+fp/hard\libc_nano.a(libc_a-memset.o)
                0x00000000080055d0                memset
 .text.__libc_init_array
                0x00000000080055e0       0x48 C:/ST/STM32CubeIDE_1.13.1/STM32CubeIDE/plugins/com.st.stm32cube.ide.mcu.externaltools.gnu-tools-for-stm32.11.3.rel1.win32_1.1.1.202309131626/tools/bin/../lib/gcc/arm-none-eabi/11.3.1/../../../../arm-none-eabi/lib/thumb/v7e-m+fp/hard\libc_nano.a(libc_a-init.o)
                0x00000000080055e0                __libc_init_array
 *(.glue_7)
 .glue_7        0x0000000008005628        0x0 linker stubs
 *(.glue_7t)
 .glue_7t       0x0000000008005628        0x0 linker stubs
 *(.eh_frame)
 .eh_frame      0x0000000008005628        0x0 C:/ST/STM32CubeIDE_1.13.1/STM32CubeIDE/plugins/com.st.stm32cube.ide.mcu.externaltools.gnu-tools-for-stm32.11.3.rel1.win32_1.1.1.202309131626/tools/bin/../lib/gcc/arm-none-eabi/11.3.1/thumb/v7e-m+fp/hard/crtbegin.o
 *(.init)
 .init          0x0000000008005628        0x4 C:/ST/STM32CubeIDE_1.13.1/STM32CubeIDE/plugins/com.st.stm32cube.ide.mcu.externaltools.gnu-tools-for-stm32.11.3.rel1.win32_1.1.1.202309131626/tools/bin/../lib/gcc/arm-none-eabi/11.3.1/thumb/v7e-m+fp/hard/crti.o
                0x0000000008005628                _init
 .init          0x000000000800562c        0x8 C:/ST/STM32CubeIDE_1.13.1/STM32CubeIDE/plugins/com.st.stm32cube.ide.mcu.externaltools.gnu-tools-for-stm32.11.3.rel1.win32_1.1.1.202309131626/tools/bin/../lib/gcc/arm-none-eabi/11.3.1/thumb/v7e-m+fp/hard/crtn.o
 *(.fini)
 .fini          0x0000000008005634        0x4 C:/ST/STM32CubeIDE_1.13.1/STM32CubeIDE/plugins/com.st.stm32cube.ide.mcu.externaltools.gnu-tools-for-stm32.11.3.rel1.win32_1.1.1.202309131626/tools/bin/../lib/gcc/arm-none-eabi/11.3.1/thumb/v7e-m+fp/hard/crti.o
                0x0000000008005634                _fini
 .fini          0x0000000008005638        0x8 C:/ST/STM32CubeIDE_1.13.1/STM32CubeIDE/plugins/com.st.stm32cube.ide.mcu.externaltools.gnu-tools-for-stm32.11.3.rel1.win32_1.1.1.202309131626/tools/bin/../lib/gcc/arm-none-eabi/11.3.1/thumb/v7e-m+fp/hard/crtn.o
                0x0000000008005640                . = ALIGN (0x4)
                0x0000000008005640                _etext = .

.vfp11_veneer   0x0000000008005640        0x0
 .vfp11_veneer  0x0000000008005640        0x0 linker stubs

.v4_bx          0x0000000008005640        0x0
 .v4_bx         0x0000000008005640        0x0 linker stubs

.iplt           0x0000000008005640        0x0
 .iplt          0x0000000008005640        0x0 C:/ST/STM32CubeIDE_1.13.1/STM32CubeIDE/plugins/com.st.stm32cube.ide.mcu.externaltools.gnu-tools-for-stm32.11.3.rel1.win32_1.1.1.202309131626/tools/bin/../lib/gcc/arm-none-eabi/11.3.1/thumb/v7e-m+fp/hard/crtbegin.o

.rodata         0x0000000008005640       0x18
                0x0000000008005640                . = ALIGN (0x4)
 *(.rodata)
 *(.rodata*)
 .rodata.AHBPrescTable
                0x0000000008005640       0x10 ./Core/Src/system_stm32f4xx.o
                0x0000000008005640                AHBPrescTable
 .rodata.APBPrescTable
                0x0000000008005650        0x8 ./Core/Src/system_stm32f4xx.o
                0x0000000008005650                APBPrescTable
                0x0000000008005658                . = ALIGN (0x4)

.ARM.extab      0x0000000008005658        0x0
                0x0000000008005658                . = ALIGN (0x4)
 *(.ARM.extab* .gnu.linkonce.armextab.*)
                0x0000000008005658                . = ALIGN (0x4)

.ARM            0x0000000008005658        0x8
                0x0000000008005658                . = ALIGN (0x4)
                0x0000000008005658                __exidx_start = .
 *(.ARM.exidx*)
 .ARM.exidx     0x0000000008005658        0x8 C:/ST/STM32CubeIDE_1.13.1/STM32CubeIDE/plugins/com.st.stm32cube.ide.mcu.externaltools.gnu-tools-for-stm32.11.3.rel1.win32_1.1.1.202309131626/tools/bin/../lib/gcc/arm-none-eabi/11.3.1/thumb/v7e-m+fp/hard\libgcc.a(_udivmoddi4.o)
                0x0000000008005660                __exidx_end = .
                0x0000000008005660                . = ALIGN (0x4)

.rel.dyn        0x0000000008005660        0x0
 .rel.iplt      0x0000000008005660        0x0 C:/ST/STM32CubeIDE_1.13.1/STM32CubeIDE/plugins/com.st.stm32cube.ide.mcu.externaltools.gnu-tools-for-stm32.11.3.rel1.win32_1.1.1.202309131626/tools/bin/../lib/gcc/arm-none-eabi/11.3.1/thumb/v7e-m+fp/hard/crtbegin.o

.preinit_array  0x0000000008005660        0x0
                0x0000000008005660                . = ALIGN (0x4)
                0x0000000008005660                PROVIDE (__preinit_array_start = .)
 *(.preinit_array*)
                0x0000000008005660                PROVIDE (__preinit_array_end = .)
                0x0000000008005660                . = ALIGN (0x4)

.init_array     0x0000000008005660        0x4
                0x0000000008005660                . = ALIGN (0x4)
                0x0000000008005660                PROVIDE (__init_array_start = .)
 *(SORT_BY_NAME(.init_array.*))
 *(.init_array*)
 .init_array    0x0000000008005660        0x4 C:/ST/STM32CubeIDE_1.13.1/STM32CubeIDE/plugins/com.st.stm32cube.ide.mcu.externaltools.gnu-tools-for-stm32.11.3.rel1.win32_1.1.1.202309131626/tools/bin/../lib/gcc/arm-none-eabi/11.3.1/thumb/v7e-m+fp/hard/crtbegin.o
                0x0000000008005664                PROVIDE (__init_array_end = .)
                0x0000000008005664                . = ALIGN (0x4)

.fini_array     0x0000000008005664        0x4
                0x0000000008005664                . = ALIGN (0x4)
                [!provide]                        PROVIDE (__fini_array_start = .)
 *(SORT_BY_NAME(.fini_array.*))
 *(.fini_array*)
 .fini_array    0x0000000008005664        0x4 C:/ST/STM32CubeIDE_1.13.1/STM32CubeIDE/plugins/com.st.stm32cube.ide.mcu.externaltools.gnu-tools-for-stm32.11.3.rel1.win32_1.1.1.202309131626/tools/bin/../lib/gcc/arm-none-eabi/11.3.1/thumb/v7e-m+fp/hard/crtbegin.o
                [!provide]                        PROVIDE (__fini_array_end = .)
                0x0000000008005668                . = ALIGN (0x4)
                0x0000000008005668                _sidata = LOADADDR (.data)

.data           0x0000000020000000       0x1c load address 0x0000000008005668
                0x0000000020000000                . = ALIGN (0x4)
                0x0000000020000000                _sdata = .
 *(.data)
 *(.data*)
 .data.kp       0x0000000020000000        0x4 ./Core/Src/apps/pid1/pid1.o
                0x0000000020000000                kp
 .data.ofset    0x0000000020000004        0x4 ./Core/Src/apps/pid1/pid1.o
                0x0000000020000004                ofset
 .data.ofset2   0x0000000020000008        0x4 ./Core/Src/apps/pid1/pid1.o
                0x0000000020000008                ofset2
 .data.flag     0x000000002000000c        0x1 ./Core/Src/main.o
                0x000000002000000c                flag
 *fill*         0x000000002000000d        0x3 
 .data.SystemCoreClock
                0x0000000020000010        0x4 ./Core/Src/system_stm32f4xx.o
                0x0000000020000010                SystemCoreClock
 .data.uwTickPrio
                0x0000000020000014        0x4 ./Drivers/STM32F4xx_HAL_Driver/Src/stm32f4xx_hal.o
                0x0000000020000014                uwTickPrio
 .data.uwTickFreq
                0x0000000020000018        0x1 ./Drivers/STM32F4xx_HAL_Driver/Src/stm32f4xx_hal.o
                0x0000000020000018                uwTickFreq
 *(.RamFunc)
 *(.RamFunc*)
                0x000000002000001c                . = ALIGN (0x4)
 *fill*         0x0000000020000019        0x3 
                0x000000002000001c                _edata = .

.igot.plt       0x000000002000001c        0x0 load address 0x0000000008005684
 .igot.plt      0x000000002000001c        0x0 C:/ST/STM32CubeIDE_1.13.1/STM32CubeIDE/plugins/com.st.stm32cube.ide.mcu.externaltools.gnu-tools-for-stm32.11.3.rel1.win32_1.1.1.202309131626/tools/bin/../lib/gcc/arm-none-eabi/11.3.1/thumb/v7e-m+fp/hard/crtbegin.o
                0x000000002000001c                . = ALIGN (0x4)

.bss            0x000000002000001c      0x2b0 load address 0x0000000008005684
                0x000000002000001c                _sbss = .
                0x000000002000001c                __bss_start__ = _sbss
 *(.bss)
 .bss           0x000000002000001c       0x1c C:/ST/STM32CubeIDE_1.13.1/STM32CubeIDE/plugins/com.st.stm32cube.ide.mcu.externaltools.gnu-tools-for-stm32.11.3.rel1.win32_1.1.1.202309131626/tools/bin/../lib/gcc/arm-none-eabi/11.3.1/thumb/v7e-m+fp/hard/crtbegin.o
 *(.bss*)
 .bss.cache     0x0000000020000038        0x4 ./Core/Src/apps/pid1/pid1.o
                0x0000000020000038                cache
 .bss.total     0x000000002000003c        0x4 ./Core/Src/apps/pid1/pid1.o
                0x000000002000003c                total
 .bss.b         0x0000000020000040        0x4 ./Core/Src/apps/pid1/pid1.o
                0x0000000020000040                b
 .bss.ciclo     0x0000000020000044        0x1 ./Core/Src/apps/timers/timers.o
                0x0000000020000044                ciclo
 *fill*         0x0000000020000045        0x3 
 .bss.temporal  0x0000000020000048        0x4 ./Core/Src/apps/timers/timers.o
                0x0000000020000048                temporal
 .bss.pedal     0x000000002000004c        0x4 ./Core/Src/apps/variables/variables.o
                0x000000002000004c                pedal
 .bss.angulo    0x0000000020000050        0x2 ./Core/Src/apps/variables/variables.o
                0x0000000020000050                angulo
 *fill*         0x0000000020000052        0x2 
 .bss.volante   0x0000000020000054        0x4 ./Core/Src/apps/variables/variables.o
                0x0000000020000054                volante
 .bss.cambio    0x0000000020000058        0x1 ./Core/Src/apps/variables/variables.o
                0x0000000020000058                cambio
 *fill*         0x0000000020000059        0x3 
 .bss.hadc1     0x000000002000005c       0x48 ./Core/Src/main.o
                0x000000002000005c                hadc1
 .bss.hadc2     0x00000000200000a4       0x48 ./Core/Src/main.o
                0x00000000200000a4                hadc2
 .bss.hi2c1     0x00000000200000ec       0x54 ./Core/Src/main.o
                0x00000000200000ec                hi2c1
 .bss.htim1     0x0000000020000140       0x48 ./Core/Src/main.o
                0x0000000020000140                htim1
 .bss.htim2     0x0000000020000188       0x48 ./Core/Src/main.o
                0x0000000020000188                htim2
 .bss.htim10    0x00000000200001d0       0x48 ./Core/Src/main.o
                0x00000000200001d0                htim10
 .bss.huart4    0x0000000020000218       0x44 ./Core/Src/main.o
                0x0000000020000218                huart4
 .bss.huart2    0x000000002000025c       0x44 ./Core/Src/main.o
                0x000000002000025c                huart2
 .bss.datos     0x00000000200002a0        0xa ./Core/Src/main.o
                0x00000000200002a0                datos
 *fill*         0x00000000200002aa        0x2 
 .bss.datoss    0x00000000200002ac        0xa ./Core/Src/main.o
                0x00000000200002ac                datoss
 *fill*         0x00000000200002b6        0x2 
 .bss.data      0x00000000200002b8        0xa ./Core/Src/main.o
                0x00000000200002b8                data
 *fill*         0x00000000200002c2        0x2 
 .bss.a         0x00000000200002c4        0x4 ./Core/Src/main.o
                0x00000000200002c4                a
 .bss.uwTick    0x00000000200002c8        0x4 ./Drivers/STM32F4xx_HAL_Driver/Src/stm32f4xx_hal.o
                0x00000000200002c8                uwTick
 *(COMMON)
                0x00000000200002cc                . = ALIGN (0x4)
                0x00000000200002cc                _ebss = .
                0x00000000200002cc                __bss_end__ = _ebss

._user_heap_stack
                0x00000000200002cc      0x604 load address 0x0000000008005684
                0x00000000200002d0                . = ALIGN (0x8)
 *fill*         0x00000000200002cc        0x4 
                [!provide]                        PROVIDE (end = .)
                0x00000000200002d0                PROVIDE (_end = .)
                0x00000000200004d0                . = (. + _Min_Heap_Size)
 *fill*         0x00000000200002d0      0x200 
                0x00000000200008d0                . = (. + _Min_Stack_Size)
 *fill*         0x00000000200004d0      0x400 
                0x00000000200008d0                . = ALIGN (0x8)

/DISCARD/
 libc.a(*)
 libm.a(*)
 libgcc.a(*)

.ARM.attributes
                0x0000000000000000       0x30
 *(.ARM.attributes)
 .ARM.attributes
                0x0000000000000000       0x1e C:/ST/STM32CubeIDE_1.13.1/STM32CubeIDE/plugins/com.st.stm32cube.ide.mcu.externaltools.gnu-tools-for-stm32.11.3.rel1.win32_1.1.1.202309131626/tools/bin/../lib/gcc/arm-none-eabi/11.3.1/thumb/v7e-m+fp/hard/crti.o
 .ARM.attributes
                0x000000000000001e       0x34 C:/ST/STM32CubeIDE_1.13.1/STM32CubeIDE/plugins/com.st.stm32cube.ide.mcu.externaltools.gnu-tools-for-stm32.11.3.rel1.win32_1.1.1.202309131626/tools/bin/../lib/gcc/arm-none-eabi/11.3.1/thumb/v7e-m+fp/hard/crtbegin.o
 .ARM.attributes
                0x0000000000000052       0x34 ./Core/Src/apps/pid1/pid1.o
 .ARM.attributes
                0x0000000000000086       0x34 ./Core/Src/apps/timers/timers.o
 .ARM.attributes
                0x00000000000000ba       0x34 ./Core/Src/apps/variables/variables.o
 .ARM.attributes
                0x00000000000000ee       0x34 ./Core/Src/main.o
 .ARM.attributes
                0x0000000000000122       0x34 ./Core/Src/stm32f4xx_hal_msp.o
 .ARM.attributes
                0x0000000000000156       0x34 ./Core/Src/stm32f4xx_it.o
 .ARM.attributes
                0x000000000000018a       0x34 ./Core/Src/system_stm32f4xx.o
 .ARM.attributes
                0x00000000000001be       0x21 ./Core/Startup/startup_stm32f446retx.o
 .ARM.attributes
                0x00000000000001df       0x34 ./Drivers/STM32F4xx_HAL_Driver/Src/stm32f4xx_hal.o
 .ARM.attributes
                0x0000000000000213       0x34 ./Drivers/STM32F4xx_HAL_Driver/Src/stm32f4xx_hal_adc.o
 .ARM.attributes
                0x0000000000000247       0x34 ./Drivers/STM32F4xx_HAL_Driver/Src/stm32f4xx_hal_adc_ex.o
 .ARM.attributes
                0x000000000000027b       0x34 ./Drivers/STM32F4xx_HAL_Driver/Src/stm32f4xx_hal_cortex.o
 .ARM.attributes
                0x00000000000002af       0x34 ./Drivers/STM32F4xx_HAL_Driver/Src/stm32f4xx_hal_dma.o
 .ARM.attributes
                0x00000000000002e3       0x34 ./Drivers/STM32F4xx_HAL_Driver/Src/stm32f4xx_hal_gpio.o
 .ARM.attributes
                0x0000000000000317       0x34 ./Drivers/STM32F4xx_HAL_Driver/Src/stm32f4xx_hal_i2c.o
 .ARM.attributes
                0x000000000000034b       0x34 ./Drivers/STM32F4xx_HAL_Driver/Src/stm32f4xx_hal_rcc.o
 .ARM.attributes
                0x000000000000037f       0x34 ./Drivers/STM32F4xx_HAL_Driver/Src/stm32f4xx_hal_rcc_ex.o
 .ARM.attributes
                0x00000000000003b3       0x34 ./Drivers/STM32F4xx_HAL_Driver/Src/stm32f4xx_hal_tim.o
 .ARM.attributes
                0x00000000000003e7       0x34 ./Drivers/STM32F4xx_HAL_Driver/Src/stm32f4xx_hal_tim_ex.o
 .ARM.attributes
                0x000000000000041b       0x34 ./Drivers/STM32F4xx_HAL_Driver/Src/stm32f4xx_hal_uart.o
 .ARM.attributes
                0x000000000000044f       0x34 C:/ST/STM32CubeIDE_1.13.1/STM32CubeIDE/plugins/com.st.stm32cube.ide.mcu.externaltools.gnu-tools-for-stm32.11.3.rel1.win32_1.1.1.202309131626/tools/bin/../lib/gcc/arm-none-eabi/11.3.1/../../../../arm-none-eabi/lib/thumb/v7e-m+fp/hard\libc_nano.a(libc_a-memset.o)
 .ARM.attributes
                0x0000000000000483       0x34 C:/ST/STM32CubeIDE_1.13.1/STM32CubeIDE/plugins/com.st.stm32cube.ide.mcu.externaltools.gnu-tools-for-stm32.11.3.rel1.win32_1.1.1.202309131626/tools/bin/../lib/gcc/arm-none-eabi/11.3.1/../../../../arm-none-eabi/lib/thumb/v7e-m+fp/hard\libc_nano.a(libc_a-init.o)
 .ARM.attributes
                0x00000000000004b7       0x1e C:/ST/STM32CubeIDE_1.13.1/STM32CubeIDE/plugins/com.st.stm32cube.ide.mcu.externaltools.gnu-tools-for-stm32.11.3.rel1.win32_1.1.1.202309131626/tools/bin/../lib/gcc/arm-none-eabi/11.3.1/thumb/v7e-m+fp/hard\libgcc.a(_aeabi_uldivmod.o)
 .ARM.attributes
                0x00000000000004d5       0x34 C:/ST/STM32CubeIDE_1.13.1/STM32CubeIDE/plugins/com.st.stm32cube.ide.mcu.externaltools.gnu-tools-for-stm32.11.3.rel1.win32_1.1.1.202309131626/tools/bin/../lib/gcc/arm-none-eabi/11.3.1/thumb/v7e-m+fp/hard\libgcc.a(_udivmoddi4.o)
 .ARM.attributes
                0x0000000000000509       0x1e C:/ST/STM32CubeIDE_1.13.1/STM32CubeIDE/plugins/com.st.stm32cube.ide.mcu.externaltools.gnu-tools-for-stm32.11.3.rel1.win32_1.1.1.202309131626/tools/bin/../lib/gcc/arm-none-eabi/11.3.1/thumb/v7e-m+fp/hard\libgcc.a(_dvmd_tls.o)
 .ARM.attributes
                0x0000000000000527       0x1e C:/ST/STM32CubeIDE_1.13.1/STM32CubeIDE/plugins/com.st.stm32cube.ide.mcu.externaltools.gnu-tools-for-stm32.11.3.rel1.win32_1.1.1.202309131626/tools/bin/../lib/gcc/arm-none-eabi/11.3.1/thumb/v7e-m+fp/hard/crtn.o
OUTPUT(reciver.elf elf32-littlearm)
LOAD linker stubs
LOAD C:/ST/STM32CubeIDE_1.13.1/STM32CubeIDE/plugins/com.st.stm32cube.ide.mcu.externaltools.gnu-tools-for-stm32.11.3.rel1.win32_1.1.1.202309131626/tools/bin/../lib/gcc/arm-none-eabi/11.3.1/../../../../arm-none-eabi/lib/thumb/v7e-m+fp/hard\libc.a
LOAD C:/ST/STM32CubeIDE_1.13.1/STM32CubeIDE/plugins/com.st.stm32cube.ide.mcu.externaltools.gnu-tools-for-stm32.11.3.rel1.win32_1.1.1.202309131626/tools/bin/../lib/gcc/arm-none-eabi/11.3.1/../../../../arm-none-eabi/lib/thumb/v7e-m+fp/hard\libm.a
LOAD C:/ST/STM32CubeIDE_1.13.1/STM32CubeIDE/plugins/com.st.stm32cube.ide.mcu.externaltools.gnu-tools-for-stm32.11.3.rel1.win32_1.1.1.202309131626/tools/bin/../lib/gcc/arm-none-eabi/11.3.1/thumb/v7e-m+fp/hard\libgcc.a

.comment        0x0000000000000000       0x43
 .comment       0x0000000000000000       0x43 C:/ST/STM32CubeIDE_1.13.1/STM32CubeIDE/plugins/com.st.stm32cube.ide.mcu.externaltools.gnu-tools-for-stm32.11.3.rel1.win32_1.1.1.202309131626/tools/bin/../lib/gcc/arm-none-eabi/11.3.1/thumb/v7e-m+fp/hard/crtbegin.o
                                         0x44 (size before relaxing)
 .comment       0x0000000000000043       0x44 ./Core/Src/apps/pid1/pid1.o
 .comment       0x0000000000000043       0x44 ./Core/Src/apps/timers/timers.o
 .comment       0x0000000000000043       0x44 ./Core/Src/apps/variables/variables.o
 .comment       0x0000000000000043       0x44 ./Core/Src/main.o
 .comment       0x0000000000000043       0x44 ./Core/Src/stm32f4xx_hal_msp.o
 .comment       0x0000000000000043       0x44 ./Core/Src/stm32f4xx_it.o
 .comment       0x0000000000000043       0x44 ./Core/Src/system_stm32f4xx.o
 .comment       0x0000000000000043       0x44 ./Drivers/STM32F4xx_HAL_Driver/Src/stm32f4xx_hal.o
 .comment       0x0000000000000043       0x44 ./Drivers/STM32F4xx_HAL_Driver/Src/stm32f4xx_hal_adc.o
 .comment       0x0000000000000043       0x44 ./Drivers/STM32F4xx_HAL_Driver/Src/stm32f4xx_hal_adc_ex.o
 .comment       0x0000000000000043       0x44 ./Drivers/STM32F4xx_HAL_Driver/Src/stm32f4xx_hal_cortex.o
 .comment       0x0000000000000043       0x44 ./Drivers/STM32F4xx_HAL_Driver/Src/stm32f4xx_hal_dma.o
 .comment       0x0000000000000043       0x44 ./Drivers/STM32F4xx_HAL_Driver/Src/stm32f4xx_hal_gpio.o
 .comment       0x0000000000000043       0x44 ./Drivers/STM32F4xx_HAL_Driver/Src/stm32f4xx_hal_i2c.o
 .comment       0x0000000000000043       0x44 ./Drivers/STM32F4xx_HAL_Driver/Src/stm32f4xx_hal_rcc.o
 .comment       0x0000000000000043       0x44 ./Drivers/STM32F4xx_HAL_Driver/Src/stm32f4xx_hal_rcc_ex.o
 .comment       0x0000000000000043       0x44 ./Drivers/STM32F4xx_HAL_Driver/Src/stm32f4xx_hal_tim.o
 .comment       0x0000000000000043       0x44 ./Drivers/STM32F4xx_HAL_Driver/Src/stm32f4xx_hal_tim_ex.o
 .comment       0x0000000000000043       0x44 ./Drivers/STM32F4xx_HAL_Driver/Src/stm32f4xx_hal_uart.o

.debug_info     0x0000000000000000    0x13a59
 .debug_info    0x0000000000000000      0x701 ./Core/Src/apps/pid1/pid1.o
 .debug_info    0x0000000000000701      0xc20 ./Core/Src/apps/timers/timers.o
 .debug_info    0x0000000000001321      0x1b9 ./Core/Src/apps/variables/variables.o
 .debug_info    0x00000000000014da     0x198a ./Core/Src/main.o
 .debug_info    0x0000000000002e64     0x1746 ./Core/Src/stm32f4xx_hal_msp.o
 .debug_info    0x00000000000045aa      0xc43 ./Core/Src/stm32f4xx_it.o
 .debug_info    0x00000000000051ed      0x54a ./Core/Src/system_stm32f4xx.o
 .debug_info    0x0000000000005737       0x23 ./Core/Startup/startup_stm32f446retx.o
 .debug_info    0x000000000000575a      0x99e ./Drivers/STM32F4xx_HAL_Driver/Src/stm32f4xx_hal.o
 .debug_info    0x00000000000060f8      0xcd4 ./Drivers/STM32F4xx_HAL_Driver/Src/stm32f4xx_hal_adc.o
 .debug_info    0x0000000000006dcc      0xb59 ./Drivers/STM32F4xx_HAL_Driver/Src/stm32f4xx_hal_adc_ex.o
 .debug_info    0x0000000000007925      0xd64 ./Drivers/STM32F4xx_HAL_Driver/Src/stm32f4xx_hal_cortex.o
 .debug_info    0x0000000000008689      0x8e7 ./Drivers/STM32F4xx_HAL_Driver/Src/stm32f4xx_hal_dma.o
 .debug_info    0x0000000000008f70      0x70b ./Drivers/STM32F4xx_HAL_Driver/Src/stm32f4xx_hal_gpio.o
 .debug_info    0x000000000000967b     0x23ed ./Drivers/STM32F4xx_HAL_Driver/Src/stm32f4xx_hal_i2c.o
 .debug_info    0x000000000000ba68      0x8ed ./Drivers/STM32F4xx_HAL_Driver/Src/stm32f4xx_hal_rcc.o
 .debug_info    0x000000000000c355      0x956 ./Drivers/STM32F4xx_HAL_Driver/Src/stm32f4xx_hal_rcc_ex.o
 .debug_info    0x000000000000ccab     0x2948 ./Drivers/STM32F4xx_HAL_Driver/Src/stm32f4xx_hal_tim.o
 .debug_info    0x000000000000f5f3     0x14ae ./Drivers/STM32F4xx_HAL_Driver/Src/stm32f4xx_hal_tim_ex.o
 .debug_info    0x0000000000010aa1     0x2fb8 ./Drivers/STM32F4xx_HAL_Driver/Src/stm32f4xx_hal_uart.o

.debug_abbrev   0x0000000000000000     0x29c2
 .debug_abbrev  0x0000000000000000      0x1a8 ./Core/Src/apps/pid1/pid1.o
 .debug_abbrev  0x00000000000001a8      0x1d3 ./Core/Src/apps/timers/timers.o
 .debug_abbrev  0x000000000000037b       0xb1 ./Core/Src/apps/variables/variables.o
 .debug_abbrev  0x000000000000042c      0x2ca ./Core/Src/main.o
 .debug_abbrev  0x00000000000006f6      0x23c ./Core/Src/stm32f4xx_hal_msp.o
 .debug_abbrev  0x0000000000000932      0x1c8 ./Core/Src/stm32f4xx_it.o
 .debug_abbrev  0x0000000000000afa      0x11a ./Core/Src/system_stm32f4xx.o
 .debug_abbrev  0x0000000000000c14       0x12 ./Core/Startup/startup_stm32f446retx.o
 .debug_abbrev  0x0000000000000c26      0x213 ./Drivers/STM32F4xx_HAL_Driver/Src/stm32f4xx_hal.o
 .debug_abbrev  0x0000000000000e39      0x252 ./Drivers/STM32F4xx_HAL_Driver/Src/stm32f4xx_hal_adc.o
 .debug_abbrev  0x000000000000108b      0x270 ./Drivers/STM32F4xx_HAL_Driver/Src/stm32f4xx_hal_adc_ex.o
 .debug_abbrev  0x00000000000012fb      0x327 ./Drivers/STM32F4xx_HAL_Driver/Src/stm32f4xx_hal_cortex.o
 .debug_abbrev  0x0000000000001622      0x264 ./Drivers/STM32F4xx_HAL_Driver/Src/stm32f4xx_hal_dma.o
 .debug_abbrev  0x0000000000001886      0x1d4 ./Drivers/STM32F4xx_HAL_Driver/Src/stm32f4xx_hal_gpio.o
 .debug_abbrev  0x0000000000001a5a      0x2ad ./Drivers/STM32F4xx_HAL_Driver/Src/stm32f4xx_hal_i2c.o
 .debug_abbrev  0x0000000000001d07      0x2b6 ./Drivers/STM32F4xx_HAL_Driver/Src/stm32f4xx_hal_rcc.o
 .debug_abbrev  0x0000000000001fbd      0x20a ./Drivers/STM32F4xx_HAL_Driver/Src/stm32f4xx_hal_rcc_ex.o
 .debug_abbrev  0x00000000000021c7      0x271 ./Drivers/STM32F4xx_HAL_Driver/Src/stm32f4xx_hal_tim.o
 .debug_abbrev  0x0000000000002438      0x27c ./Drivers/STM32F4xx_HAL_Driver/Src/stm32f4xx_hal_tim_ex.o
 .debug_abbrev  0x00000000000026b4      0x30e ./Drivers/STM32F4xx_HAL_Driver/Src/stm32f4xx_hal_uart.o

.debug_aranges  0x0000000000000000     0x11d8
 .debug_aranges
                0x0000000000000000       0x28 ./Core/Src/apps/pid1/pid1.o
 .debug_aranges
                0x0000000000000028       0x20 ./Core/Src/apps/timers/timers.o
 .debug_aranges
                0x0000000000000048       0x58 ./Core/Src/apps/variables/variables.o
 .debug_aranges
                0x00000000000000a0       0x98 ./Core/Src/main.o
 .debug_aranges
                0x0000000000000138       0x88 ./Core/Src/stm32f4xx_hal_msp.o
 .debug_aranges
                0x00000000000001c0       0x88 ./Core/Src/stm32f4xx_it.o
 .debug_aranges
                0x0000000000000248       0x28 ./Core/Src/system_stm32f4xx.o
 .debug_aranges
                0x0000000000000270       0x28 ./Core/Startup/startup_stm32f446retx.o
 .debug_aranges
                0x0000000000000298       0xf0 ./Drivers/STM32F4xx_HAL_Driver/Src/stm32f4xx_hal.o
 .debug_aranges
                0x0000000000000388       0xe8 ./Drivers/STM32F4xx_HAL_Driver/Src/stm32f4xx_hal_adc.o
 .debug_aranges
                0x0000000000000470       0x90 ./Drivers/STM32F4xx_HAL_Driver/Src/stm32f4xx_hal_adc_ex.o
 .debug_aranges
                0x0000000000000500      0x118 ./Drivers/STM32F4xx_HAL_Driver/Src/stm32f4xx_hal_cortex.o
 .debug_aranges
                0x0000000000000618       0x90 ./Drivers/STM32F4xx_HAL_Driver/Src/stm32f4xx_hal_dma.o
 .debug_aranges
                0x00000000000006a8       0x58 ./Drivers/STM32F4xx_HAL_Driver/Src/stm32f4xx_hal_gpio.o
 .debug_aranges
                0x0000000000000700      0x2a0 ./Drivers/STM32F4xx_HAL_Driver/Src/stm32f4xx_hal_i2c.o
 .debug_aranges
                0x00000000000009a0       0x88 ./Drivers/STM32F4xx_HAL_Driver/Src/stm32f4xx_hal_rcc.o
 .debug_aranges
                0x0000000000000a28       0x78 ./Drivers/STM32F4xx_HAL_Driver/Src/stm32f4xx_hal_rcc_ex.o
 .debug_aranges
                0x0000000000000aa0      0x3d0 ./Drivers/STM32F4xx_HAL_Driver/Src/stm32f4xx_hal_tim.o
 .debug_aranges
                0x0000000000000e70      0x168 ./Drivers/STM32F4xx_HAL_Driver/Src/stm32f4xx_hal_tim_ex.o
 .debug_aranges
                0x0000000000000fd8      0x200 ./Drivers/STM32F4xx_HAL_Driver/Src/stm32f4xx_hal_uart.o

.debug_rnglists
                0x0000000000000000      0xe1c
 .debug_rnglists
                0x0000000000000000       0x1b ./Core/Src/apps/pid1/pid1.o
 .debug_rnglists
                0x000000000000001b       0x14 ./Core/Src/apps/timers/timers.o
 .debug_rnglists
                0x000000000000002f       0x3d ./Core/Src/apps/variables/variables.o
 .debug_rnglists
                0x000000000000006c       0x76 ./Core/Src/main.o
 .debug_rnglists
                0x00000000000000e2       0x65 ./Core/Src/stm32f4xx_hal_msp.o
 .debug_rnglists
                0x0000000000000147       0x61 ./Core/Src/stm32f4xx_it.o
 .debug_rnglists
                0x00000000000001a8       0x1a ./Core/Src/system_stm32f4xx.o
 .debug_rnglists
                0x00000000000001c2       0x19 ./Core/Startup/startup_stm32f446retx.o
 .debug_rnglists
                0x00000000000001db       0xaf ./Drivers/STM32F4xx_HAL_Driver/Src/stm32f4xx_hal.o
 .debug_rnglists
                0x000000000000028a       0xb5 ./Drivers/STM32F4xx_HAL_Driver/Src/stm32f4xx_hal_adc.o
 .debug_rnglists
                0x000000000000033f       0x71 ./Drivers/STM32F4xx_HAL_Driver/Src/stm32f4xx_hal_adc_ex.o
 .debug_rnglists
                0x00000000000003b0       0xce ./Drivers/STM32F4xx_HAL_Driver/Src/stm32f4xx_hal_cortex.o
 .debug_rnglists
                0x000000000000047e       0x70 ./Drivers/STM32F4xx_HAL_Driver/Src/stm32f4xx_hal_dma.o
 .debug_rnglists
                0x00000000000004ee       0x3f ./Drivers/STM32F4xx_HAL_Driver/Src/stm32f4xx_hal_gpio.o
 .debug_rnglists
                0x000000000000052d      0x235 ./Drivers/STM32F4xx_HAL_Driver/Src/stm32f4xx_hal_i2c.o
 .debug_rnglists
                0x0000000000000762       0x66 ./Drivers/STM32F4xx_HAL_Driver/Src/stm32f4xx_hal_rcc.o
 .debug_rnglists
                0x00000000000007c8       0x5e ./Drivers/STM32F4xx_HAL_Driver/Src/stm32f4xx_hal_rcc_ex.o
 .debug_rnglists
                0x0000000000000826      0x31a ./Drivers/STM32F4xx_HAL_Driver/Src/stm32f4xx_hal_tim.o
 .debug_rnglists
                0x0000000000000b40      0x125 ./Drivers/STM32F4xx_HAL_Driver/Src/stm32f4xx_hal_tim_ex.o
 .debug_rnglists
                0x0000000000000c65      0x1b7 ./Drivers/STM32F4xx_HAL_Driver/Src/stm32f4xx_hal_uart.o

.debug_macro    0x0000000000000000    0x234fc
 .debug_macro   0x0000000000000000      0x223 ./Core/Src/apps/pid1/pid1.o
 .debug_macro   0x0000000000000223      0xaa8 ./Core/Src/apps/pid1/pid1.o
 .debug_macro   0x0000000000000ccb      0x2a7 ./Core/Src/apps/pid1/pid1.o
 .debug_macro   0x0000000000000f72       0x2e ./Core/Src/apps/pid1/pid1.o
 .debug_macro   0x0000000000000fa0       0x28 ./Core/Src/apps/pid1/pid1.o
 .debug_macro   0x0000000000000fc8       0x22 ./Core/Src/apps/pid1/pid1.o
 .debug_macro   0x0000000000000fea       0x8e ./Core/Src/apps/pid1/pid1.o
 .debug_macro   0x0000000000001078       0x51 ./Core/Src/apps/pid1/pid1.o
 .debug_macro   0x00000000000010c9      0x103 ./Core/Src/apps/pid1/pid1.o
 .debug_macro   0x00000000000011cc       0x6a ./Core/Src/apps/pid1/pid1.o
 .debug_macro   0x0000000000001236      0x1df ./Core/Src/apps/pid1/pid1.o
 .debug_macro   0x0000000000001415       0x1c ./Core/Src/apps/pid1/pid1.o
 .debug_macro   0x0000000000001431       0x22 ./Core/Src/apps/pid1/pid1.o
 .debug_macro   0x0000000000001453       0xd9 ./Core/Src/apps/pid1/pid1.o
 .debug_macro   0x000000000000152c     0x102d ./Core/Src/apps/pid1/pid1.o
 .debug_macro   0x0000000000002559      0x11f ./Core/Src/apps/pid1/pid1.o
 .debug_macro   0x0000000000002678    0x16749 ./Core/Src/apps/pid1/pid1.o
 .debug_macro   0x0000000000018dc1       0x6d ./Core/Src/apps/pid1/pid1.o
 .debug_macro   0x0000000000018e2e     0x367e ./Core/Src/apps/pid1/pid1.o
 .debug_macro   0x000000000001c4ac      0x174 ./Core/Src/apps/pid1/pid1.o
 .debug_macro   0x000000000001c620       0x5c ./Core/Src/apps/pid1/pid1.o
 .debug_macro   0x000000000001c67c      0xc90 ./Core/Src/apps/pid1/pid1.o
 .debug_macro   0x000000000001d30c      0x9fe ./Core/Src/apps/pid1/pid1.o
 .debug_macro   0x000000000001dd0a      0x115 ./Core/Src/apps/pid1/pid1.o
 .debug_macro   0x000000000001de1f      0x1a0 ./Core/Src/apps/pid1/pid1.o
 .debug_macro   0x000000000001dfbf       0xa5 ./Core/Src/apps/pid1/pid1.o
 .debug_macro   0x000000000001e064      0x16d ./Core/Src/apps/pid1/pid1.o
 .debug_macro   0x000000000001e1d1      0x287 ./Core/Src/apps/pid1/pid1.o
 .debug_macro   0x000000000001e458       0x5f ./Core/Src/apps/pid1/pid1.o
 .debug_macro   0x000000000001e4b7      0x236 ./Core/Src/apps/pid1/pid1.o
 .debug_macro   0x000000000001e6ed      0xb5b ./Core/Src/apps/pid1/pid1.o
 .debug_macro   0x000000000001f248      0x38b ./Core/Src/apps/pid1/pid1.o
 .debug_macro   0x000000000001f5d3      0x17d ./Core/Src/apps/pid1/pid1.o
 .debug_macro   0x000000000001f750       0xf9 ./Core/Src/apps/pid1/pid1.o
 .debug_macro   0x000000000001f849      0x132 ./Core/Src/apps/pid1/pid1.o
 .debug_macro   0x000000000001f97b      0x29c ./Core/Src/apps/pid1/pid1.o
 .debug_macro   0x000000000001fc17       0x2e ./Core/Src/apps/pid1/pid1.o
 .debug_macro   0x000000000001fc45      0x1b5 ./Core/Src/apps/pid1/pid1.o
 .debug_macro   0x000000000001fdfa       0x22 ./Core/Src/apps/pid1/pid1.o
 .debug_macro   0x000000000001fe1c       0xd6 ./Core/Src/apps/pid1/pid1.o
 .debug_macro   0x000000000001fef2      0x11a ./Core/Src/apps/pid1/pid1.o
 .debug_macro   0x000000000002000c       0xe8 ./Core/Src/apps/pid1/pid1.o
 .debug_macro   0x00000000000200f4       0x89 ./Core/Src/apps/pid1/pid1.o
 .debug_macro   0x000000000002017d      0x8e6 ./Core/Src/apps/pid1/pid1.o
 .debug_macro   0x0000000000020a63       0x4d ./Core/Src/apps/pid1/pid1.o
 .debug_macro   0x0000000000020ab0      0x295 ./Core/Src/apps/pid1/pid1.o
 .debug_macro   0x0000000000020d45      0x126 ./Core/Src/apps/pid1/pid1.o
 .debug_macro   0x0000000000020e6b      0x223 ./Core/Src/apps/timers/timers.o
 .debug_macro   0x000000000002108e      0x219 ./Core/Src/apps/variables/variables.o
 .debug_macro   0x00000000000212a7      0x232 ./Core/Src/main.o
 .debug_macro   0x00000000000214d9       0x40 ./Core/Src/main.o
 .debug_macro   0x0000000000021519      0x21e ./Core/Src/stm32f4xx_hal_msp.o
 .debug_macro   0x0000000000021737      0x228 ./Core/Src/stm32f4xx_it.o
 .debug_macro   0x000000000002195f      0x20f ./Core/Src/system_stm32f4xx.o
 .debug_macro   0x0000000000021b6e      0x26f ./Drivers/STM32F4xx_HAL_Driver/Src/stm32f4xx_hal.o
 .debug_macro   0x0000000000021ddd      0x210 ./Drivers/STM32F4xx_HAL_Driver/Src/stm32f4xx_hal_adc.o
 .debug_macro   0x0000000000021fed      0x20f ./Drivers/STM32F4xx_HAL_Driver/Src/stm32f4xx_hal_adc_ex.o
 .debug_macro   0x00000000000221fc      0x20f ./Drivers/STM32F4xx_HAL_Driver/Src/stm32f4xx_hal_cortex.o
 .debug_macro   0x000000000002240b      0x215 ./Drivers/STM32F4xx_HAL_Driver/Src/stm32f4xx_hal_dma.o
 .debug_macro   0x0000000000022620      0x215 ./Drivers/STM32F4xx_HAL_Driver/Src/stm32f4xx_hal_gpio.o
 .debug_macro   0x0000000000022835      0x256 ./Drivers/STM32F4xx_HAL_Driver/Src/stm32f4xx_hal_i2c.o
 .debug_macro   0x0000000000022a8b      0x233 ./Drivers/STM32F4xx_HAL_Driver/Src/stm32f4xx_hal_rcc.o
 .debug_macro   0x0000000000022cbe      0x20f ./Drivers/STM32F4xx_HAL_Driver/Src/stm32f4xx_hal_rcc_ex.o
 .debug_macro   0x0000000000022ecd      0x210 ./Drivers/STM32F4xx_HAL_Driver/Src/stm32f4xx_hal_tim.o
 .debug_macro   0x00000000000230dd      0x20f ./Drivers/STM32F4xx_HAL_Driver/Src/stm32f4xx_hal_tim_ex.o
 .debug_macro   0x00000000000232ec      0x210 ./Drivers/STM32F4xx_HAL_Driver/Src/stm32f4xx_hal_uart.o

.debug_line     0x0000000000000000    0x172a9
 .debug_line    0x0000000000000000      0x8a0 ./Core/Src/apps/pid1/pid1.o
 .debug_line    0x00000000000008a0      0x84d ./Core/Src/apps/timers/timers.o
 .debug_line    0x00000000000010ed      0x89e ./Core/Src/apps/variables/variables.o
 .debug_line    0x000000000000198b      0xc14 ./Core/Src/main.o
 .debug_line    0x000000000000259f      0xa03 ./Core/Src/stm32f4xx_hal_msp.o
 .debug_line    0x0000000000002fa2      0x8fb ./Core/Src/stm32f4xx_it.o
 .debug_line    0x000000000000389d      0x840 ./Core/Src/system_stm32f4xx.o
 .debug_line    0x00000000000040dd       0x7a ./Core/Startup/startup_stm32f446retx.o
 .debug_line    0x0000000000004157      0xaa6 ./Drivers/STM32F4xx_HAL_Driver/Src/stm32f4xx_hal.o
 .debug_line    0x0000000000004bfd     0x1316 ./Drivers/STM32F4xx_HAL_Driver/Src/stm32f4xx_hal_adc.o
 .debug_line    0x0000000000005f13      0xf5d ./Drivers/STM32F4xx_HAL_Driver/Src/stm32f4xx_hal_adc_ex.o
 .debug_line    0x0000000000006e70      0xd55 ./Drivers/STM32F4xx_HAL_Driver/Src/stm32f4xx_hal_cortex.o
 .debug_line    0x0000000000007bc5     0x100a ./Drivers/STM32F4xx_HAL_Driver/Src/stm32f4xx_hal_dma.o
 .debug_line    0x0000000000008bcf      0xc06 ./Drivers/STM32F4xx_HAL_Driver/Src/stm32f4xx_hal_gpio.o
 .debug_line    0x00000000000097d5     0x3a68 ./Drivers/STM32F4xx_HAL_Driver/Src/stm32f4xx_hal_i2c.o
 .debug_line    0x000000000000d23d      0xe2b ./Drivers/STM32F4xx_HAL_Driver/Src/stm32f4xx_hal_rcc.o
 .debug_line    0x000000000000e068     0x14c4 ./Drivers/STM32F4xx_HAL_Driver/Src/stm32f4xx_hal_rcc_ex.o
 .debug_line    0x000000000000f52c     0x3792 ./Drivers/STM32F4xx_HAL_Driver/Src/stm32f4xx_hal_tim.o
 .debug_line    0x0000000000012cbe     0x1aa3 ./Drivers/STM32F4xx_HAL_Driver/Src/stm32f4xx_hal_tim_ex.o
 .debug_line    0x0000000000014761     0x2b48 ./Drivers/STM32F4xx_HAL_Driver/Src/stm32f4xx_hal_uart.o

.debug_str      0x0000000000000000    0xdc277
 .debug_str     0x0000000000000000    0xd7218 ./Core/Src/apps/pid1/pid1.o
                                      0xd753a (size before relaxing)
 .debug_str     0x00000000000d7218      0x3dd ./Core/Src/apps/timers/timers.o
                                      0xd791d (size before relaxing)
 .debug_str     0x00000000000d75f5       0x85 ./Core/Src/apps/variables/variables.o
                                      0xd6fff (size before relaxing)
 .debug_str     0x00000000000d767a      0xa1b ./Core/Src/main.o
                                      0xd8377 (size before relaxing)
 .debug_str     0x00000000000d8095      0x726 ./Core/Src/stm32f4xx_hal_msp.o
                                      0xd83e5 (size before relaxing)
 .debug_str     0x00000000000d87bb      0x14f ./Core/Src/stm32f4xx_it.o
                                      0xd7a55 (size before relaxing)
 .debug_str     0x00000000000d890a       0xdb ./Core/Src/system_stm32f4xx.o
                                      0xd7153 (size before relaxing)
 .debug_str     0x00000000000d89e5       0x34 ./Core/Startup/startup_stm32f446retx.o
                                         0x79 (size before relaxing)
 .debug_str     0x00000000000d8a19      0x5fa ./Drivers/STM32F4xx_HAL_Driver/Src/stm32f4xx_hal.o
                                      0xd7d18 (size before relaxing)
 .debug_str     0x00000000000d9013      0x27d ./Drivers/STM32F4xx_HAL_Driver/Src/stm32f4xx_hal_adc.o
                                      0xd771b (size before relaxing)
 .debug_str     0x00000000000d9290      0x2df ./Drivers/STM32F4xx_HAL_Driver/Src/stm32f4xx_hal_adc_ex.o
                                      0xd776f (size before relaxing)
 .debug_str     0x00000000000d956f      0x326 ./Drivers/STM32F4xx_HAL_Driver/Src/stm32f4xx_hal_cortex.o
                                      0xd7a26 (size before relaxing)
 .debug_str     0x00000000000d9895      0x304 ./Drivers/STM32F4xx_HAL_Driver/Src/stm32f4xx_hal_dma.o
                                      0xd7548 (size before relaxing)
 .debug_str     0x00000000000d9b99      0x15d ./Drivers/STM32F4xx_HAL_Driver/Src/stm32f4xx_hal_gpio.o
                                      0xd72ce (size before relaxing)
 .debug_str     0x00000000000d9cf6      0xab6 ./Drivers/STM32F4xx_HAL_Driver/Src/stm32f4xx_hal_i2c.o
                                      0xd80fe (size before relaxing)
 .debug_str     0x00000000000da7ac      0x213 ./Drivers/STM32F4xx_HAL_Driver/Src/stm32f4xx_hal_rcc.o
                                      0xd758c (size before relaxing)
 .debug_str     0x00000000000da9bf      0x324 ./Drivers/STM32F4xx_HAL_Driver/Src/stm32f4xx_hal_rcc_ex.o
                                      0xd75bf (size before relaxing)
 .debug_str     0x00000000000dace3      0xc32 ./Drivers/STM32F4xx_HAL_Driver/Src/stm32f4xx_hal_tim.o
                                      0xd84a8 (size before relaxing)
 .debug_str     0x00000000000db915      0x3e1 ./Drivers/STM32F4xx_HAL_Driver/Src/stm32f4xx_hal_tim_ex.o
                                      0xd7cc4 (size before relaxing)
 .debug_str     0x00000000000dbcf6      0x581 ./Drivers/STM32F4xx_HAL_Driver/Src/stm32f4xx_hal_uart.o
                                      0xd7b01 (size before relaxing)

.debug_frame    0x0000000000000000     0x4bc4
 .debug_frame   0x0000000000000000       0x48 ./Core/Src/apps/pid1/pid1.o
 .debug_frame   0x0000000000000048       0x34 ./Core/Src/apps/timers/timers.o
 .debug_frame   0x000000000000007c      0x130 ./Core/Src/apps/variables/variables.o
 .debug_frame   0x00000000000001ac      0x220 ./Core/Src/main.o
 .debug_frame   0x00000000000003cc      0x210 ./Core/Src/stm32f4xx_hal_msp.o
 .debug_frame   0x00000000000005dc      0x190 ./Core/Src/stm32f4xx_it.o
 .debug_frame   0x000000000000076c       0x58 ./Core/Src/system_stm32f4xx.o
 .debug_frame   0x00000000000007c4      0x374 ./Drivers/STM32F4xx_HAL_Driver/Src/stm32f4xx_hal.o
 .debug_frame   0x0000000000000b38      0x3fc ./Drivers/STM32F4xx_HAL_Driver/Src/stm32f4xx_hal_adc.o
 .debug_frame   0x0000000000000f34      0x250 ./Drivers/STM32F4xx_HAL_Driver/Src/stm32f4xx_hal_adc_ex.o
 .debug_frame   0x0000000000001184      0x498 ./Drivers/STM32F4xx_HAL_Driver/Src/stm32f4xx_hal_cortex.o
 .debug_frame   0x000000000000161c      0x250 ./Drivers/STM32F4xx_HAL_Driver/Src/stm32f4xx_hal_dma.o
 .debug_frame   0x000000000000186c      0x14c ./Drivers/STM32F4xx_HAL_Driver/Src/stm32f4xx_hal_gpio.o
 .debug_frame   0x00000000000019b8      0xc5c ./Drivers/STM32F4xx_HAL_Driver/Src/stm32f4xx_hal_i2c.o
 .debug_frame   0x0000000000002614      0x1f4 ./Drivers/STM32F4xx_HAL_Driver/Src/stm32f4xx_hal_rcc.o
 .debug_frame   0x0000000000002808      0x1e8 ./Drivers/STM32F4xx_HAL_Driver/Src/stm32f4xx_hal_rcc_ex.o
 .debug_frame   0x00000000000029f0     0x11c4 ./Drivers/STM32F4xx_HAL_Driver/Src/stm32f4xx_hal_tim.o
 .debug_frame   0x0000000000003bb4      0x638 ./Drivers/STM32F4xx_HAL_Driver/Src/stm32f4xx_hal_tim_ex.o
 .debug_frame   0x00000000000041ec      0x92c ./Drivers/STM32F4xx_HAL_Driver/Src/stm32f4xx_hal_uart.o
 .debug_frame   0x0000000000004b18       0x20 C:/ST/STM32CubeIDE_1.13.1/STM32CubeIDE/plugins/com.st.stm32cube.ide.mcu.externaltools.gnu-tools-for-stm32.11.3.rel1.win32_1.1.1.202309131626/tools/bin/../lib/gcc/arm-none-eabi/11.3.1/../../../../arm-none-eabi/lib/thumb/v7e-m+fp/hard\libc_nano.a(libc_a-memset.o)
 .debug_frame   0x0000000000004b38       0x2c C:/ST/STM32CubeIDE_1.13.1/STM32CubeIDE/plugins/com.st.stm32cube.ide.mcu.externaltools.gnu-tools-for-stm32.11.3.rel1.win32_1.1.1.202309131626/tools/bin/../lib/gcc/arm-none-eabi/11.3.1/../../../../arm-none-eabi/lib/thumb/v7e-m+fp/hard\libc_nano.a(libc_a-init.o)
 .debug_frame   0x0000000000004b64       0x2c C:/ST/STM32CubeIDE_1.13.1/STM32CubeIDE/plugins/com.st.stm32cube.ide.mcu.externaltools.gnu-tools-for-stm32.11.3.rel1.win32_1.1.1.202309131626/tools/bin/../lib/gcc/arm-none-eabi/11.3.1/thumb/v7e-m+fp/hard\libgcc.a(_aeabi_uldivmod.o)
 .debug_frame   0x0000000000004b90       0x34 C:/ST/STM32CubeIDE_1.13.1/STM32CubeIDE/plugins/com.st.stm32cube.ide.mcu.externaltools.gnu-tools-for-stm32.11.3.rel1.win32_1.1.1.202309131626/tools/bin/../lib/gcc/arm-none-eabi/11.3.1/thumb/v7e-m+fp/hard\libgcc.a(_udivmoddi4.o)

.debug_line_str
                0x0000000000000000       0x6d
 .debug_line_str
                0x0000000000000000       0x6d ./Core/Startup/startup_stm32f446retx.o
                                         0x85 (size before relaxing)
